2021-09-21 17:00:36.661 | INFO     | __main__:<module>:160 - Loss: 0.69797
2021-09-21 17:00:36.679 | INFO     | __main__:<module>:160 - Loss: 0.69793
2021-09-21 17:00:36.679 | INFO     | __main__:<module>:160 - Loss: 0.69793
2021-09-21 17:00:36.695 | INFO     | __main__:<module>:160 - Loss: 0.69790
2021-09-21 17:00:36.695 | INFO     | __main__:<module>:160 - Loss: 0.69790
2021-09-21 17:00:36.695 | INFO     | __main__:<module>:160 - Loss: 0.69790
2021-09-21 17:00:36.712 | INFO     | __main__:<module>:160 - Loss: 0.69786
2021-09-21 17:00:36.712 | INFO     | __main__:<module>:160 - Loss: 0.69786
2021-09-21 17:00:36.712 | INFO     | __main__:<module>:160 - Loss: 0.69786
2021-09-21 17:00:36.712 | INFO     | __main__:<module>:160 - Loss: 0.69786
2021-09-21 17:00:36.729 | INFO     | __main__:<module>:160 - Loss: 0.69783
2021-09-21 17:00:36.729 | INFO     | __main__:<module>:160 - Loss: 0.69783
2021-09-21 17:00:36.729 | INFO     | __main__:<module>:160 - Loss: 0.69783
2021-09-21 17:00:36.729 | INFO     | __main__:<module>:160 - Loss: 0.69783
2021-09-21 17:00:36.729 | INFO     | __main__:<module>:160 - Loss: 0.69783
2021-09-21 17:00:36.745 | INFO     | __main__:<module>:160 - Loss: 0.69779
2021-09-21 17:00:36.745 | INFO     | __main__:<module>:160 - Loss: 0.69779
2021-09-21 17:00:36.745 | INFO     | __main__:<module>:160 - Loss: 0.69779
2021-09-21 17:00:36.745 | INFO     | __main__:<module>:160 - Loss: 0.69779
2021-09-21 17:00:36.745 | INFO     | __main__:<module>:160 - Loss: 0.69779
2021-09-21 17:00:36.745 | INFO     | __main__:<module>:160 - Loss: 0.69779
2021-09-21 17:00:36.761 | INFO     | __main__:<module>:160 - Loss: 0.69776
2021-09-21 17:00:36.761 | INFO     | __main__:<module>:160 - Loss: 0.69776
2021-09-21 17:00:36.761 | INFO     | __main__:<module>:160 - Loss: 0.69776
2021-09-21 17:00:36.761 | INFO     | __main__:<module>:160 - Loss: 0.69776
2021-09-21 17:00:36.761 | INFO     | __main__:<module>:160 - Loss: 0.69776
2021-09-21 17:00:36.761 | INFO     | __main__:<module>:160 - Loss: 0.69776
2021-09-21 17:00:36.761 | INFO     | __main__:<module>:160 - Loss: 0.69776
2021-09-21 17:00:36.777 | INFO     | __main__:<module>:160 - Loss: 0.69772
2021-09-21 17:00:36.777 | INFO     | __main__:<module>:160 - Loss: 0.69772
2021-09-21 17:00:36.777 | INFO     | __main__:<module>:160 - Loss: 0.69772
2021-09-21 17:00:36.777 | INFO     | __main__:<module>:160 - Loss: 0.69772
2021-09-21 17:00:36.777 | INFO     | __main__:<module>:160 - Loss: 0.69772
2021-09-21 17:00:36.777 | INFO     | __main__:<module>:160 - Loss: 0.69772
2021-09-21 17:00:36.777 | INFO     | __main__:<module>:160 - Loss: 0.69772
2021-09-21 17:00:36.777 | INFO     | __main__:<module>:160 - Loss: 0.69772
2021-09-21 17:00:36.794 | INFO     | __main__:<module>:160 - Loss: 0.69769
2021-09-21 17:00:36.794 | INFO     | __main__:<module>:160 - Loss: 0.69769
2021-09-21 17:00:36.794 | INFO     | __main__:<module>:160 - Loss: 0.69769
2021-09-21 17:00:36.794 | INFO     | __main__:<module>:160 - Loss: 0.69769
2021-09-21 17:00:36.794 | INFO     | __main__:<module>:160 - Loss: 0.69769
2021-09-21 17:00:36.794 | INFO     | __main__:<module>:160 - Loss: 0.69769
2021-09-21 17:00:36.794 | INFO     | __main__:<module>:160 - Loss: 0.69769
2021-09-21 17:00:36.794 | INFO     | __main__:<module>:160 - Loss: 0.69769
2021-09-21 17:00:36.794 | INFO     | __main__:<module>:160 - Loss: 0.69769
2021-09-21 17:00:36.810 | INFO     | __main__:<module>:160 - Loss: 0.69766
2021-09-21 17:00:36.810 | INFO     | __main__:<module>:160 - Loss: 0.69766
2021-09-21 17:00:36.810 | INFO     | __main__:<module>:160 - Loss: 0.69766
2021-09-21 17:00:36.810 | INFO     | __main__:<module>:160 - Loss: 0.69766
2021-09-21 17:00:36.810 | INFO     | __main__:<module>:160 - Loss: 0.69766
2021-09-21 17:00:36.810 | INFO     | __main__:<module>:160 - Loss: 0.69766
2021-09-21 17:00:36.810 | INFO     | __main__:<module>:160 - Loss: 0.69766
2021-09-21 17:00:36.810 | INFO     | __main__:<module>:160 - Loss: 0.69766
2021-09-21 17:00:36.810 | INFO     | __main__:<module>:160 - Loss: 0.69766
2021-09-21 17:00:36.810 | INFO     | __main__:<module>:160 - Loss: 0.69766
2021-09-21 17:00:36.827 | INFO     | __main__:<module>:160 - Loss: 0.69762
2021-09-21 17:00:36.827 | INFO     | __main__:<module>:160 - Loss: 0.69762
2021-09-21 17:00:36.827 | INFO     | __main__:<module>:160 - Loss: 0.69762
2021-09-21 17:00:36.827 | INFO     | __main__:<module>:160 - Loss: 0.69762
2021-09-21 17:00:36.827 | INFO     | __main__:<module>:160 - Loss: 0.69762
2021-09-21 17:00:36.827 | INFO     | __main__:<module>:160 - Loss: 0.69762
2021-09-21 17:00:36.827 | INFO     | __main__:<module>:160 - Loss: 0.69762
2021-09-21 17:00:36.827 | INFO     | __main__:<module>:160 - Loss: 0.69762
2021-09-21 17:00:36.827 | INFO     | __main__:<module>:160 - Loss: 0.69762
2021-09-21 17:00:36.827 | INFO     | __main__:<module>:160 - Loss: 0.69762
2021-09-21 17:00:36.827 | INFO     | __main__:<module>:160 - Loss: 0.69762
2021-09-21 17:00:36.843 | INFO     | __main__:<module>:160 - Loss: 0.69759
2021-09-21 17:00:36.843 | INFO     | __main__:<module>:160 - Loss: 0.69759
2021-09-21 17:00:36.843 | INFO     | __main__:<module>:160 - Loss: 0.69759
2021-09-21 17:00:36.843 | INFO     | __main__:<module>:160 - Loss: 0.69759
2021-09-21 17:00:36.843 | INFO     | __main__:<module>:160 - Loss: 0.69759
2021-09-21 17:00:36.843 | INFO     | __main__:<module>:160 - Loss: 0.69759
2021-09-21 17:00:36.843 | INFO     | __main__:<module>:160 - Loss: 0.69759
2021-09-21 17:00:36.843 | INFO     | __main__:<module>:160 - Loss: 0.69759
2021-09-21 17:00:36.843 | INFO     | __main__:<module>:160 - Loss: 0.69759
2021-09-21 17:00:36.843 | INFO     | __main__:<module>:160 - Loss: 0.69759
2021-09-21 17:00:36.843 | INFO     | __main__:<module>:160 - Loss: 0.69759
2021-09-21 17:00:36.843 | INFO     | __main__:<module>:160 - Loss: 0.69759
2021-09-21 17:00:36.859 | INFO     | __main__:<module>:160 - Loss: 0.69756
2021-09-21 17:00:36.859 | INFO     | __main__:<module>:160 - Loss: 0.69756
2021-09-21 17:00:36.859 | INFO     | __main__:<module>:160 - Loss: 0.69756
2021-09-21 17:00:36.859 | INFO     | __main__:<module>:160 - Loss: 0.69756
2021-09-21 17:00:36.859 | INFO     | __main__:<module>:160 - Loss: 0.69756
2021-09-21 17:00:36.859 | INFO     | __main__:<module>:160 - Loss: 0.69756
2021-09-21 17:00:36.859 | INFO     | __main__:<module>:160 - Loss: 0.69756
2021-09-21 17:00:36.859 | INFO     | __main__:<module>:160 - Loss: 0.69756
2021-09-21 17:00:36.859 | INFO     | __main__:<module>:160 - Loss: 0.69756
2021-09-21 17:00:36.859 | INFO     | __main__:<module>:160 - Loss: 0.69756
2021-09-21 17:00:36.859 | INFO     | __main__:<module>:160 - Loss: 0.69756
2021-09-21 17:00:36.859 | INFO     | __main__:<module>:160 - Loss: 0.69756
2021-09-21 17:00:36.859 | INFO     | __main__:<module>:160 - Loss: 0.69756
2021-09-21 17:00:36.875 | INFO     | __main__:<module>:160 - Loss: 0.69752
2021-09-21 17:00:36.875 | INFO     | __main__:<module>:160 - Loss: 0.69752
2021-09-21 17:00:36.875 | INFO     | __main__:<module>:160 - Loss: 0.69752
2021-09-21 17:00:36.875 | INFO     | __main__:<module>:160 - Loss: 0.69752
2021-09-21 17:00:36.875 | INFO     | __main__:<module>:160 - Loss: 0.69752
2021-09-21 17:00:36.875 | INFO     | __main__:<module>:160 - Loss: 0.69752
2021-09-21 17:00:36.875 | INFO     | __main__:<module>:160 - Loss: 0.69752
2021-09-21 17:00:36.875 | INFO     | __main__:<module>:160 - Loss: 0.69752
2021-09-21 17:00:36.875 | INFO     | __main__:<module>:160 - Loss: 0.69752
2021-09-21 17:00:36.875 | INFO     | __main__:<module>:160 - Loss: 0.69752
2021-09-21 17:00:36.875 | INFO     | __main__:<module>:160 - Loss: 0.69752
2021-09-21 17:00:36.875 | INFO     | __main__:<module>:160 - Loss: 0.69752
2021-09-21 17:00:36.875 | INFO     | __main__:<module>:160 - Loss: 0.69752
2021-09-21 17:00:36.875 | INFO     | __main__:<module>:160 - Loss: 0.69752
2021-09-21 17:00:36.890 | INFO     | __main__:<module>:160 - Loss: 0.69749
2021-09-21 17:00:36.890 | INFO     | __main__:<module>:160 - Loss: 0.69749
2021-09-21 17:00:36.890 | INFO     | __main__:<module>:160 - Loss: 0.69749
2021-09-21 17:00:36.890 | INFO     | __main__:<module>:160 - Loss: 0.69749
2021-09-21 17:00:36.890 | INFO     | __main__:<module>:160 - Loss: 0.69749
2021-09-21 17:00:36.890 | INFO     | __main__:<module>:160 - Loss: 0.69749
2021-09-21 17:00:36.890 | INFO     | __main__:<module>:160 - Loss: 0.69749
2021-09-21 17:00:36.890 | INFO     | __main__:<module>:160 - Loss: 0.69749
2021-09-21 17:00:36.890 | INFO     | __main__:<module>:160 - Loss: 0.69749
2021-09-21 17:00:36.890 | INFO     | __main__:<module>:160 - Loss: 0.69749
2021-09-21 17:00:36.890 | INFO     | __main__:<module>:160 - Loss: 0.69749
2021-09-21 17:00:36.890 | INFO     | __main__:<module>:160 - Loss: 0.69749
2021-09-21 17:00:36.890 | INFO     | __main__:<module>:160 - Loss: 0.69749
2021-09-21 17:00:36.890 | INFO     | __main__:<module>:160 - Loss: 0.69749
2021-09-21 17:00:36.890 | INFO     | __main__:<module>:160 - Loss: 0.69749
2021-09-21 17:00:36.906 | INFO     | __main__:<module>:160 - Loss: 0.69746
2021-09-21 17:00:36.906 | INFO     | __main__:<module>:160 - Loss: 0.69746
2021-09-21 17:00:36.906 | INFO     | __main__:<module>:160 - Loss: 0.69746
2021-09-21 17:00:36.906 | INFO     | __main__:<module>:160 - Loss: 0.69746
2021-09-21 17:00:36.906 | INFO     | __main__:<module>:160 - Loss: 0.69746
2021-09-21 17:00:36.906 | INFO     | __main__:<module>:160 - Loss: 0.69746
2021-09-21 17:00:36.906 | INFO     | __main__:<module>:160 - Loss: 0.69746
2021-09-21 17:00:36.906 | INFO     | __main__:<module>:160 - Loss: 0.69746
2021-09-21 17:00:36.906 | INFO     | __main__:<module>:160 - Loss: 0.69746
2021-09-21 17:00:36.906 | INFO     | __main__:<module>:160 - Loss: 0.69746
2021-09-21 17:00:36.906 | INFO     | __main__:<module>:160 - Loss: 0.69746
2021-09-21 17:00:36.906 | INFO     | __main__:<module>:160 - Loss: 0.69746
2021-09-21 17:00:36.906 | INFO     | __main__:<module>:160 - Loss: 0.69746
2021-09-21 17:00:36.906 | INFO     | __main__:<module>:160 - Loss: 0.69746
2021-09-21 17:00:36.906 | INFO     | __main__:<module>:160 - Loss: 0.69746
2021-09-21 17:00:36.906 | INFO     | __main__:<module>:160 - Loss: 0.69746
2021-09-21 17:00:36.924 | INFO     | __main__:<module>:160 - Loss: 0.69743
2021-09-21 17:00:36.924 | INFO     | __main__:<module>:160 - Loss: 0.69743
2021-09-21 17:00:36.924 | INFO     | __main__:<module>:160 - Loss: 0.69743
2021-09-21 17:00:36.924 | INFO     | __main__:<module>:160 - Loss: 0.69743
2021-09-21 17:00:36.924 | INFO     | __main__:<module>:160 - Loss: 0.69743
2021-09-21 17:00:36.924 | INFO     | __main__:<module>:160 - Loss: 0.69743
2021-09-21 17:00:36.924 | INFO     | __main__:<module>:160 - Loss: 0.69743
2021-09-21 17:00:36.924 | INFO     | __main__:<module>:160 - Loss: 0.69743
2021-09-21 17:00:36.924 | INFO     | __main__:<module>:160 - Loss: 0.69743
2021-09-21 17:00:36.924 | INFO     | __main__:<module>:160 - Loss: 0.69743
2021-09-21 17:00:36.924 | INFO     | __main__:<module>:160 - Loss: 0.69743
2021-09-21 17:00:36.924 | INFO     | __main__:<module>:160 - Loss: 0.69743
2021-09-21 17:00:36.924 | INFO     | __main__:<module>:160 - Loss: 0.69743
2021-09-21 17:00:36.924 | INFO     | __main__:<module>:160 - Loss: 0.69743
2021-09-21 17:00:36.924 | INFO     | __main__:<module>:160 - Loss: 0.69743
2021-09-21 17:00:36.924 | INFO     | __main__:<module>:160 - Loss: 0.69743
2021-09-21 17:00:36.924 | INFO     | __main__:<module>:160 - Loss: 0.69743
2021-09-21 17:00:36.941 | INFO     | __main__:<module>:160 - Loss: 0.69739
2021-09-21 17:00:36.941 | INFO     | __main__:<module>:160 - Loss: 0.69739
2021-09-21 17:00:36.941 | INFO     | __main__:<module>:160 - Loss: 0.69739
2021-09-21 17:00:36.941 | INFO     | __main__:<module>:160 - Loss: 0.69739
2021-09-21 17:00:36.941 | INFO     | __main__:<module>:160 - Loss: 0.69739
2021-09-21 17:00:36.941 | INFO     | __main__:<module>:160 - Loss: 0.69739
2021-09-21 17:00:36.941 | INFO     | __main__:<module>:160 - Loss: 0.69739
2021-09-21 17:00:36.941 | INFO     | __main__:<module>:160 - Loss: 0.69739
2021-09-21 17:00:36.941 | INFO     | __main__:<module>:160 - Loss: 0.69739
2021-09-21 17:00:36.941 | INFO     | __main__:<module>:160 - Loss: 0.69739
2021-09-21 17:00:36.941 | INFO     | __main__:<module>:160 - Loss: 0.69739
2021-09-21 17:00:36.941 | INFO     | __main__:<module>:160 - Loss: 0.69739
2021-09-21 17:00:36.941 | INFO     | __main__:<module>:160 - Loss: 0.69739
2021-09-21 17:00:36.941 | INFO     | __main__:<module>:160 - Loss: 0.69739
2021-09-21 17:00:36.941 | INFO     | __main__:<module>:160 - Loss: 0.69739
2021-09-21 17:00:36.941 | INFO     | __main__:<module>:160 - Loss: 0.69739
2021-09-21 17:00:36.941 | INFO     | __main__:<module>:160 - Loss: 0.69739
2021-09-21 17:00:36.941 | INFO     | __main__:<module>:160 - Loss: 0.69739
2021-09-21 17:00:36.958 | INFO     | __main__:<module>:160 - Loss: 0.69736
2021-09-21 17:00:36.958 | INFO     | __main__:<module>:160 - Loss: 0.69736
2021-09-21 17:00:36.958 | INFO     | __main__:<module>:160 - Loss: 0.69736
2021-09-21 17:00:36.958 | INFO     | __main__:<module>:160 - Loss: 0.69736
2021-09-21 17:00:36.958 | INFO     | __main__:<module>:160 - Loss: 0.69736
2021-09-21 17:00:36.958 | INFO     | __main__:<module>:160 - Loss: 0.69736
2021-09-21 17:00:36.958 | INFO     | __main__:<module>:160 - Loss: 0.69736
2021-09-21 17:00:36.958 | INFO     | __main__:<module>:160 - Loss: 0.69736
2021-09-21 17:00:36.958 | INFO     | __main__:<module>:160 - Loss: 0.69736
2021-09-21 17:00:36.958 | INFO     | __main__:<module>:160 - Loss: 0.69736
2021-09-21 17:00:36.958 | INFO     | __main__:<module>:160 - Loss: 0.69736
2021-09-21 17:00:36.958 | INFO     | __main__:<module>:160 - Loss: 0.69736
2021-09-21 17:00:36.958 | INFO     | __main__:<module>:160 - Loss: 0.69736
2021-09-21 17:00:36.958 | INFO     | __main__:<module>:160 - Loss: 0.69736
2021-09-21 17:00:36.958 | INFO     | __main__:<module>:160 - Loss: 0.69736
2021-09-21 17:00:36.958 | INFO     | __main__:<module>:160 - Loss: 0.69736
2021-09-21 17:00:36.958 | INFO     | __main__:<module>:160 - Loss: 0.69736
2021-09-21 17:00:36.958 | INFO     | __main__:<module>:160 - Loss: 0.69736
2021-09-21 17:00:36.958 | INFO     | __main__:<module>:160 - Loss: 0.69736
2021-09-21 17:00:36.975 | INFO     | __main__:<module>:160 - Loss: 0.69733
2021-09-21 17:00:36.975 | INFO     | __main__:<module>:160 - Loss: 0.69733
2021-09-21 17:00:36.975 | INFO     | __main__:<module>:160 - Loss: 0.69733
2021-09-21 17:00:36.975 | INFO     | __main__:<module>:160 - Loss: 0.69733
2021-09-21 17:00:36.975 | INFO     | __main__:<module>:160 - Loss: 0.69733
2021-09-21 17:00:36.975 | INFO     | __main__:<module>:160 - Loss: 0.69733
2021-09-21 17:00:36.975 | INFO     | __main__:<module>:160 - Loss: 0.69733
2021-09-21 17:00:36.975 | INFO     | __main__:<module>:160 - Loss: 0.69733
2021-09-21 17:00:36.975 | INFO     | __main__:<module>:160 - Loss: 0.69733
2021-09-21 17:00:36.975 | INFO     | __main__:<module>:160 - Loss: 0.69733
2021-09-21 17:00:36.975 | INFO     | __main__:<module>:160 - Loss: 0.69733
2021-09-21 17:00:36.975 | INFO     | __main__:<module>:160 - Loss: 0.69733
2021-09-21 17:00:36.975 | INFO     | __main__:<module>:160 - Loss: 0.69733
2021-09-21 17:00:36.975 | INFO     | __main__:<module>:160 - Loss: 0.69733
2021-09-21 17:00:36.975 | INFO     | __main__:<module>:160 - Loss: 0.69733
2021-09-21 17:00:36.975 | INFO     | __main__:<module>:160 - Loss: 0.69733
2021-09-21 17:00:36.975 | INFO     | __main__:<module>:160 - Loss: 0.69733
2021-09-21 17:00:36.975 | INFO     | __main__:<module>:160 - Loss: 0.69733
2021-09-21 17:00:36.975 | INFO     | __main__:<module>:160 - Loss: 0.69733
2021-09-21 17:00:36.975 | INFO     | __main__:<module>:160 - Loss: 0.69733
2021-09-21 17:00:36.992 | INFO     | __main__:<module>:160 - Loss: 0.69730
2021-09-21 17:00:36.992 | INFO     | __main__:<module>:160 - Loss: 0.69730
2021-09-21 17:00:36.992 | INFO     | __main__:<module>:160 - Loss: 0.69730
2021-09-21 17:00:36.992 | INFO     | __main__:<module>:160 - Loss: 0.69730
2021-09-21 17:00:36.992 | INFO     | __main__:<module>:160 - Loss: 0.69730
2021-09-21 17:00:36.992 | INFO     | __main__:<module>:160 - Loss: 0.69730
2021-09-21 17:00:36.992 | INFO     | __main__:<module>:160 - Loss: 0.69730
2021-09-21 17:00:36.992 | INFO     | __main__:<module>:160 - Loss: 0.69730
2021-09-21 17:00:36.992 | INFO     | __main__:<module>:160 - Loss: 0.69730
2021-09-21 17:00:36.992 | INFO     | __main__:<module>:160 - Loss: 0.69730
2021-09-21 17:00:36.992 | INFO     | __main__:<module>:160 - Loss: 0.69730
2021-09-21 17:00:36.992 | INFO     | __main__:<module>:160 - Loss: 0.69730
2021-09-21 17:00:36.992 | INFO     | __main__:<module>:160 - Loss: 0.69730
2021-09-21 17:00:36.992 | INFO     | __main__:<module>:160 - Loss: 0.69730
2021-09-21 17:00:36.992 | INFO     | __main__:<module>:160 - Loss: 0.69730
2021-09-21 17:00:36.992 | INFO     | __main__:<module>:160 - Loss: 0.69730
2021-09-21 17:00:36.992 | INFO     | __main__:<module>:160 - Loss: 0.69730
2021-09-21 17:00:36.992 | INFO     | __main__:<module>:160 - Loss: 0.69730
2021-09-21 17:00:36.992 | INFO     | __main__:<module>:160 - Loss: 0.69730
2021-09-21 17:00:36.992 | INFO     | __main__:<module>:160 - Loss: 0.69730
2021-09-21 17:00:36.992 | INFO     | __main__:<module>:160 - Loss: 0.69730
2021-09-21 17:00:37.009 | INFO     | __main__:<module>:160 - Loss: 0.69727
2021-09-21 17:00:37.009 | INFO     | __main__:<module>:160 - Loss: 0.69727
2021-09-21 17:00:37.009 | INFO     | __main__:<module>:160 - Loss: 0.69727
2021-09-21 17:00:37.009 | INFO     | __main__:<module>:160 - Loss: 0.69727
2021-09-21 17:00:37.009 | INFO     | __main__:<module>:160 - Loss: 0.69727
2021-09-21 17:00:37.009 | INFO     | __main__:<module>:160 - Loss: 0.69727
2021-09-21 17:00:37.009 | INFO     | __main__:<module>:160 - Loss: 0.69727
2021-09-21 17:00:37.009 | INFO     | __main__:<module>:160 - Loss: 0.69727
2021-09-21 17:00:37.009 | INFO     | __main__:<module>:160 - Loss: 0.69727
2021-09-21 17:00:37.009 | INFO     | __main__:<module>:160 - Loss: 0.69727
2021-09-21 17:00:37.009 | INFO     | __main__:<module>:160 - Loss: 0.69727
2021-09-21 17:00:37.009 | INFO     | __main__:<module>:160 - Loss: 0.69727
2021-09-21 17:00:37.009 | INFO     | __main__:<module>:160 - Loss: 0.69727
2021-09-21 17:00:37.009 | INFO     | __main__:<module>:160 - Loss: 0.69727
2021-09-21 17:00:37.009 | INFO     | __main__:<module>:160 - Loss: 0.69727
2021-09-21 17:00:37.009 | INFO     | __main__:<module>:160 - Loss: 0.69727
2021-09-21 17:00:37.009 | INFO     | __main__:<module>:160 - Loss: 0.69727
2021-09-21 17:00:37.009 | INFO     | __main__:<module>:160 - Loss: 0.69727
2021-09-21 17:00:37.009 | INFO     | __main__:<module>:160 - Loss: 0.69727
2021-09-21 17:00:37.009 | INFO     | __main__:<module>:160 - Loss: 0.69727
2021-09-21 17:00:37.009 | INFO     | __main__:<module>:160 - Loss: 0.69727
2021-09-21 17:00:37.009 | INFO     | __main__:<module>:160 - Loss: 0.69727
2021-09-21 17:00:37.026 | INFO     | __main__:<module>:160 - Loss: 0.69724
2021-09-21 17:00:37.026 | INFO     | __main__:<module>:160 - Loss: 0.69724
2021-09-21 17:00:37.026 | INFO     | __main__:<module>:160 - Loss: 0.69724
2021-09-21 17:00:37.026 | INFO     | __main__:<module>:160 - Loss: 0.69724
2021-09-21 17:00:37.026 | INFO     | __main__:<module>:160 - Loss: 0.69724
2021-09-21 17:00:37.026 | INFO     | __main__:<module>:160 - Loss: 0.69724
2021-09-21 17:00:37.026 | INFO     | __main__:<module>:160 - Loss: 0.69724
2021-09-21 17:00:37.026 | INFO     | __main__:<module>:160 - Loss: 0.69724
2021-09-21 17:00:37.026 | INFO     | __main__:<module>:160 - Loss: 0.69724
2021-09-21 17:00:37.026 | INFO     | __main__:<module>:160 - Loss: 0.69724
2021-09-21 17:00:37.026 | INFO     | __main__:<module>:160 - Loss: 0.69724
2021-09-21 17:00:37.026 | INFO     | __main__:<module>:160 - Loss: 0.69724
2021-09-21 17:00:37.026 | INFO     | __main__:<module>:160 - Loss: 0.69724
2021-09-21 17:00:37.026 | INFO     | __main__:<module>:160 - Loss: 0.69724
2021-09-21 17:00:37.026 | INFO     | __main__:<module>:160 - Loss: 0.69724
2021-09-21 17:00:37.026 | INFO     | __main__:<module>:160 - Loss: 0.69724
2021-09-21 17:00:37.026 | INFO     | __main__:<module>:160 - Loss: 0.69724
2021-09-21 17:00:37.026 | INFO     | __main__:<module>:160 - Loss: 0.69724
2021-09-21 17:00:37.026 | INFO     | __main__:<module>:160 - Loss: 0.69724
2021-09-21 17:00:37.026 | INFO     | __main__:<module>:160 - Loss: 0.69724
2021-09-21 17:00:37.026 | INFO     | __main__:<module>:160 - Loss: 0.69724
2021-09-21 17:00:37.026 | INFO     | __main__:<module>:160 - Loss: 0.69724
2021-09-21 17:00:37.026 | INFO     | __main__:<module>:160 - Loss: 0.69724
2021-09-21 17:00:37.042 | INFO     | __main__:<module>:160 - Loss: 0.69720
2021-09-21 17:00:37.042 | INFO     | __main__:<module>:160 - Loss: 0.69720
2021-09-21 17:00:37.042 | INFO     | __main__:<module>:160 - Loss: 0.69720
2021-09-21 17:00:37.042 | INFO     | __main__:<module>:160 - Loss: 0.69720
2021-09-21 17:00:37.042 | INFO     | __main__:<module>:160 - Loss: 0.69720
2021-09-21 17:00:37.042 | INFO     | __main__:<module>:160 - Loss: 0.69720
2021-09-21 17:00:37.042 | INFO     | __main__:<module>:160 - Loss: 0.69720
2021-09-21 17:00:37.042 | INFO     | __main__:<module>:160 - Loss: 0.69720
2021-09-21 17:00:37.042 | INFO     | __main__:<module>:160 - Loss: 0.69720
2021-09-21 17:00:37.042 | INFO     | __main__:<module>:160 - Loss: 0.69720
2021-09-21 17:00:37.042 | INFO     | __main__:<module>:160 - Loss: 0.69720
2021-09-21 17:00:37.042 | INFO     | __main__:<module>:160 - Loss: 0.69720
2021-09-21 17:00:37.042 | INFO     | __main__:<module>:160 - Loss: 0.69720
2021-09-21 17:00:37.042 | INFO     | __main__:<module>:160 - Loss: 0.69720
2021-09-21 17:00:37.042 | INFO     | __main__:<module>:160 - Loss: 0.69720
2021-09-21 17:00:37.042 | INFO     | __main__:<module>:160 - Loss: 0.69720
2021-09-21 17:00:37.042 | INFO     | __main__:<module>:160 - Loss: 0.69720
2021-09-21 17:00:37.042 | INFO     | __main__:<module>:160 - Loss: 0.69720
2021-09-21 17:00:37.042 | INFO     | __main__:<module>:160 - Loss: 0.69720
2021-09-21 17:00:37.042 | INFO     | __main__:<module>:160 - Loss: 0.69720
2021-09-21 17:00:37.042 | INFO     | __main__:<module>:160 - Loss: 0.69720
2021-09-21 17:00:37.042 | INFO     | __main__:<module>:160 - Loss: 0.69720
2021-09-21 17:00:37.042 | INFO     | __main__:<module>:160 - Loss: 0.69720
2021-09-21 17:00:37.042 | INFO     | __main__:<module>:160 - Loss: 0.69720
2021-09-21 17:00:37.058 | INFO     | __main__:<module>:160 - Loss: 0.69717
2021-09-21 17:00:37.058 | INFO     | __main__:<module>:160 - Loss: 0.69717
2021-09-21 17:00:37.058 | INFO     | __main__:<module>:160 - Loss: 0.69717
2021-09-21 17:00:37.058 | INFO     | __main__:<module>:160 - Loss: 0.69717
2021-09-21 17:00:37.058 | INFO     | __main__:<module>:160 - Loss: 0.69717
2021-09-21 17:00:37.058 | INFO     | __main__:<module>:160 - Loss: 0.69717
2021-09-21 17:00:37.058 | INFO     | __main__:<module>:160 - Loss: 0.69717
2021-09-21 17:00:37.058 | INFO     | __main__:<module>:160 - Loss: 0.69717
2021-09-21 17:00:37.058 | INFO     | __main__:<module>:160 - Loss: 0.69717
2021-09-21 17:00:37.058 | INFO     | __main__:<module>:160 - Loss: 0.69717
2021-09-21 17:00:37.058 | INFO     | __main__:<module>:160 - Loss: 0.69717
2021-09-21 17:00:37.058 | INFO     | __main__:<module>:160 - Loss: 0.69717
2021-09-21 17:00:37.058 | INFO     | __main__:<module>:160 - Loss: 0.69717
2021-09-21 17:00:37.058 | INFO     | __main__:<module>:160 - Loss: 0.69717
2021-09-21 17:00:37.058 | INFO     | __main__:<module>:160 - Loss: 0.69717
2021-09-21 17:00:37.058 | INFO     | __main__:<module>:160 - Loss: 0.69717
2021-09-21 17:00:37.058 | INFO     | __main__:<module>:160 - Loss: 0.69717
2021-09-21 17:00:37.058 | INFO     | __main__:<module>:160 - Loss: 0.69717
2021-09-21 17:00:37.058 | INFO     | __main__:<module>:160 - Loss: 0.69717
2021-09-21 17:00:37.058 | INFO     | __main__:<module>:160 - Loss: 0.69717
2021-09-21 17:00:37.058 | INFO     | __main__:<module>:160 - Loss: 0.69717
2021-09-21 17:00:37.058 | INFO     | __main__:<module>:160 - Loss: 0.69717
2021-09-21 17:00:37.058 | INFO     | __main__:<module>:160 - Loss: 0.69717
2021-09-21 17:00:37.058 | INFO     | __main__:<module>:160 - Loss: 0.69717
2021-09-21 17:00:37.058 | INFO     | __main__:<module>:160 - Loss: 0.69717
2021-09-21 17:00:37.073 | INFO     | __main__:<module>:160 - Loss: 0.69714
2021-09-21 17:00:37.073 | INFO     | __main__:<module>:160 - Loss: 0.69714
2021-09-21 17:00:37.073 | INFO     | __main__:<module>:160 - Loss: 0.69714
2021-09-21 17:00:37.073 | INFO     | __main__:<module>:160 - Loss: 0.69714
2021-09-21 17:00:37.073 | INFO     | __main__:<module>:160 - Loss: 0.69714
2021-09-21 17:00:37.073 | INFO     | __main__:<module>:160 - Loss: 0.69714
2021-09-21 17:00:37.073 | INFO     | __main__:<module>:160 - Loss: 0.69714
2021-09-21 17:00:37.073 | INFO     | __main__:<module>:160 - Loss: 0.69714
2021-09-21 17:00:37.073 | INFO     | __main__:<module>:160 - Loss: 0.69714
2021-09-21 17:00:37.073 | INFO     | __main__:<module>:160 - Loss: 0.69714
2021-09-21 17:00:37.073 | INFO     | __main__:<module>:160 - Loss: 0.69714
2021-09-21 17:00:37.073 | INFO     | __main__:<module>:160 - Loss: 0.69714
2021-09-21 17:00:37.073 | INFO     | __main__:<module>:160 - Loss: 0.69714
2021-09-21 17:00:37.073 | INFO     | __main__:<module>:160 - Loss: 0.69714
2021-09-21 17:00:37.073 | INFO     | __main__:<module>:160 - Loss: 0.69714
2021-09-21 17:00:37.073 | INFO     | __main__:<module>:160 - Loss: 0.69714
2021-09-21 17:00:37.073 | INFO     | __main__:<module>:160 - Loss: 0.69714
2021-09-21 17:00:37.073 | INFO     | __main__:<module>:160 - Loss: 0.69714
2021-09-21 17:00:37.073 | INFO     | __main__:<module>:160 - Loss: 0.69714
2021-09-21 17:00:37.073 | INFO     | __main__:<module>:160 - Loss: 0.69714
2021-09-21 17:00:37.073 | INFO     | __main__:<module>:160 - Loss: 0.69714
2021-09-21 17:00:37.073 | INFO     | __main__:<module>:160 - Loss: 0.69714
2021-09-21 17:00:37.073 | INFO     | __main__:<module>:160 - Loss: 0.69714
2021-09-21 17:00:37.073 | INFO     | __main__:<module>:160 - Loss: 0.69714
2021-09-21 17:00:37.073 | INFO     | __main__:<module>:160 - Loss: 0.69714
2021-09-21 17:00:37.073 | INFO     | __main__:<module>:160 - Loss: 0.69714
2021-09-21 17:00:37.090 | INFO     | __main__:<module>:160 - Loss: 0.69711
2021-09-21 17:00:37.090 | INFO     | __main__:<module>:160 - Loss: 0.69711
2021-09-21 17:00:37.090 | INFO     | __main__:<module>:160 - Loss: 0.69711
2021-09-21 17:00:37.090 | INFO     | __main__:<module>:160 - Loss: 0.69711
2021-09-21 17:00:37.090 | INFO     | __main__:<module>:160 - Loss: 0.69711
2021-09-21 17:00:37.090 | INFO     | __main__:<module>:160 - Loss: 0.69711
2021-09-21 17:00:37.090 | INFO     | __main__:<module>:160 - Loss: 0.69711
2021-09-21 17:00:37.090 | INFO     | __main__:<module>:160 - Loss: 0.69711
2021-09-21 17:00:37.090 | INFO     | __main__:<module>:160 - Loss: 0.69711
2021-09-21 17:00:37.090 | INFO     | __main__:<module>:160 - Loss: 0.69711
2021-09-21 17:00:37.090 | INFO     | __main__:<module>:160 - Loss: 0.69711
2021-09-21 17:00:37.090 | INFO     | __main__:<module>:160 - Loss: 0.69711
2021-09-21 17:00:37.090 | INFO     | __main__:<module>:160 - Loss: 0.69711
2021-09-21 17:00:37.090 | INFO     | __main__:<module>:160 - Loss: 0.69711
2021-09-21 17:00:37.090 | INFO     | __main__:<module>:160 - Loss: 0.69711
2021-09-21 17:00:37.090 | INFO     | __main__:<module>:160 - Loss: 0.69711
2021-09-21 17:00:37.090 | INFO     | __main__:<module>:160 - Loss: 0.69711
2021-09-21 17:00:37.090 | INFO     | __main__:<module>:160 - Loss: 0.69711
2021-09-21 17:00:37.090 | INFO     | __main__:<module>:160 - Loss: 0.69711
2021-09-21 17:00:37.090 | INFO     | __main__:<module>:160 - Loss: 0.69711
2021-09-21 17:00:37.090 | INFO     | __main__:<module>:160 - Loss: 0.69711
2021-09-21 17:00:37.090 | INFO     | __main__:<module>:160 - Loss: 0.69711
2021-09-21 17:00:37.090 | INFO     | __main__:<module>:160 - Loss: 0.69711
2021-09-21 17:00:37.090 | INFO     | __main__:<module>:160 - Loss: 0.69711
2021-09-21 17:00:37.090 | INFO     | __main__:<module>:160 - Loss: 0.69711
2021-09-21 17:00:37.090 | INFO     | __main__:<module>:160 - Loss: 0.69711
2021-09-21 17:00:37.090 | INFO     | __main__:<module>:160 - Loss: 0.69711
2021-09-21 17:00:37.106 | INFO     | __main__:<module>:160 - Loss: 0.69708
2021-09-21 17:00:37.106 | INFO     | __main__:<module>:160 - Loss: 0.69708
2021-09-21 17:00:37.106 | INFO     | __main__:<module>:160 - Loss: 0.69708
2021-09-21 17:00:37.106 | INFO     | __main__:<module>:160 - Loss: 0.69708
2021-09-21 17:00:37.106 | INFO     | __main__:<module>:160 - Loss: 0.69708
2021-09-21 17:00:37.106 | INFO     | __main__:<module>:160 - Loss: 0.69708
2021-09-21 17:00:37.106 | INFO     | __main__:<module>:160 - Loss: 0.69708
2021-09-21 17:00:37.106 | INFO     | __main__:<module>:160 - Loss: 0.69708
2021-09-21 17:00:37.106 | INFO     | __main__:<module>:160 - Loss: 0.69708
2021-09-21 17:00:37.106 | INFO     | __main__:<module>:160 - Loss: 0.69708
2021-09-21 17:00:37.106 | INFO     | __main__:<module>:160 - Loss: 0.69708
2021-09-21 17:00:37.106 | INFO     | __main__:<module>:160 - Loss: 0.69708
2021-09-21 17:00:37.106 | INFO     | __main__:<module>:160 - Loss: 0.69708
2021-09-21 17:00:37.106 | INFO     | __main__:<module>:160 - Loss: 0.69708
2021-09-21 17:00:37.106 | INFO     | __main__:<module>:160 - Loss: 0.69708
2021-09-21 17:00:37.106 | INFO     | __main__:<module>:160 - Loss: 0.69708
2021-09-21 17:00:37.106 | INFO     | __main__:<module>:160 - Loss: 0.69708
2021-09-21 17:00:37.106 | INFO     | __main__:<module>:160 - Loss: 0.69708
2021-09-21 17:00:37.106 | INFO     | __main__:<module>:160 - Loss: 0.69708
2021-09-21 17:00:37.106 | INFO     | __main__:<module>:160 - Loss: 0.69708
2021-09-21 17:00:37.106 | INFO     | __main__:<module>:160 - Loss: 0.69708
2021-09-21 17:00:37.106 | INFO     | __main__:<module>:160 - Loss: 0.69708
2021-09-21 17:00:37.106 | INFO     | __main__:<module>:160 - Loss: 0.69708
2021-09-21 17:00:37.106 | INFO     | __main__:<module>:160 - Loss: 0.69708
2021-09-21 17:00:37.106 | INFO     | __main__:<module>:160 - Loss: 0.69708
2021-09-21 17:00:37.106 | INFO     | __main__:<module>:160 - Loss: 0.69708
2021-09-21 17:00:37.106 | INFO     | __main__:<module>:160 - Loss: 0.69708
2021-09-21 17:00:37.106 | INFO     | __main__:<module>:160 - Loss: 0.69708
2021-09-21 17:00:37.124 | INFO     | __main__:<module>:160 - Loss: 0.69705
2021-09-21 17:00:37.124 | INFO     | __main__:<module>:160 - Loss: 0.69705
2021-09-21 17:00:37.124 | INFO     | __main__:<module>:160 - Loss: 0.69705
2021-09-21 17:00:37.124 | INFO     | __main__:<module>:160 - Loss: 0.69705
2021-09-21 17:00:37.124 | INFO     | __main__:<module>:160 - Loss: 0.69705
2021-09-21 17:00:37.124 | INFO     | __main__:<module>:160 - Loss: 0.69705
2021-09-21 17:00:37.124 | INFO     | __main__:<module>:160 - Loss: 0.69705
2021-09-21 17:00:37.124 | INFO     | __main__:<module>:160 - Loss: 0.69705
2021-09-21 17:00:37.124 | INFO     | __main__:<module>:160 - Loss: 0.69705
2021-09-21 17:00:37.124 | INFO     | __main__:<module>:160 - Loss: 0.69705
2021-09-21 17:00:37.124 | INFO     | __main__:<module>:160 - Loss: 0.69705
2021-09-21 17:00:37.124 | INFO     | __main__:<module>:160 - Loss: 0.69705
2021-09-21 17:00:37.124 | INFO     | __main__:<module>:160 - Loss: 0.69705
2021-09-21 17:00:37.124 | INFO     | __main__:<module>:160 - Loss: 0.69705
2021-09-21 17:00:37.124 | INFO     | __main__:<module>:160 - Loss: 0.69705
2021-09-21 17:00:37.124 | INFO     | __main__:<module>:160 - Loss: 0.69705
2021-09-21 17:00:37.124 | INFO     | __main__:<module>:160 - Loss: 0.69705
2021-09-21 17:00:37.124 | INFO     | __main__:<module>:160 - Loss: 0.69705
2021-09-21 17:00:37.124 | INFO     | __main__:<module>:160 - Loss: 0.69705
2021-09-21 17:00:37.124 | INFO     | __main__:<module>:160 - Loss: 0.69705
2021-09-21 17:00:37.124 | INFO     | __main__:<module>:160 - Loss: 0.69705
2021-09-21 17:00:37.124 | INFO     | __main__:<module>:160 - Loss: 0.69705
2021-09-21 17:00:37.124 | INFO     | __main__:<module>:160 - Loss: 0.69705
2021-09-21 17:00:37.124 | INFO     | __main__:<module>:160 - Loss: 0.69705
2021-09-21 17:00:37.124 | INFO     | __main__:<module>:160 - Loss: 0.69705
2021-09-21 17:00:37.124 | INFO     | __main__:<module>:160 - Loss: 0.69705
2021-09-21 17:00:37.124 | INFO     | __main__:<module>:160 - Loss: 0.69705
2021-09-21 17:00:37.124 | INFO     | __main__:<module>:160 - Loss: 0.69705
2021-09-21 17:00:37.124 | INFO     | __main__:<module>:160 - Loss: 0.69705
2021-09-21 17:00:37.141 | INFO     | __main__:<module>:160 - Loss: 0.69702
2021-09-21 17:00:37.141 | INFO     | __main__:<module>:160 - Loss: 0.69702
2021-09-21 17:00:37.141 | INFO     | __main__:<module>:160 - Loss: 0.69702
2021-09-21 17:00:37.141 | INFO     | __main__:<module>:160 - Loss: 0.69702
2021-09-21 17:00:37.141 | INFO     | __main__:<module>:160 - Loss: 0.69702
2021-09-21 17:00:37.141 | INFO     | __main__:<module>:160 - Loss: 0.69702
2021-09-21 17:00:37.141 | INFO     | __main__:<module>:160 - Loss: 0.69702
2021-09-21 17:00:37.141 | INFO     | __main__:<module>:160 - Loss: 0.69702
2021-09-21 17:00:37.141 | INFO     | __main__:<module>:160 - Loss: 0.69702
2021-09-21 17:00:37.141 | INFO     | __main__:<module>:160 - Loss: 0.69702
2021-09-21 17:00:37.141 | INFO     | __main__:<module>:160 - Loss: 0.69702
2021-09-21 17:00:37.141 | INFO     | __main__:<module>:160 - Loss: 0.69702
2021-09-21 17:00:37.141 | INFO     | __main__:<module>:160 - Loss: 0.69702
2021-09-21 17:00:37.141 | INFO     | __main__:<module>:160 - Loss: 0.69702
2021-09-21 17:00:37.141 | INFO     | __main__:<module>:160 - Loss: 0.69702
2021-09-21 17:00:37.141 | INFO     | __main__:<module>:160 - Loss: 0.69702
2021-09-21 17:00:37.141 | INFO     | __main__:<module>:160 - Loss: 0.69702
2021-09-21 17:00:37.141 | INFO     | __main__:<module>:160 - Loss: 0.69702
2021-09-21 17:00:37.141 | INFO     | __main__:<module>:160 - Loss: 0.69702
2021-09-21 17:00:37.141 | INFO     | __main__:<module>:160 - Loss: 0.69702
2021-09-21 17:00:37.141 | INFO     | __main__:<module>:160 - Loss: 0.69702
2021-09-21 17:00:37.141 | INFO     | __main__:<module>:160 - Loss: 0.69702
2021-09-21 17:00:37.141 | INFO     | __main__:<module>:160 - Loss: 0.69702
2021-09-21 17:00:37.141 | INFO     | __main__:<module>:160 - Loss: 0.69702
2021-09-21 17:00:37.141 | INFO     | __main__:<module>:160 - Loss: 0.69702
2021-09-21 17:00:37.141 | INFO     | __main__:<module>:160 - Loss: 0.69702
2021-09-21 17:00:37.141 | INFO     | __main__:<module>:160 - Loss: 0.69702
2021-09-21 17:00:37.141 | INFO     | __main__:<module>:160 - Loss: 0.69702
2021-09-21 17:00:37.141 | INFO     | __main__:<module>:160 - Loss: 0.69702
2021-09-21 17:00:37.141 | INFO     | __main__:<module>:160 - Loss: 0.69702
2021-09-21 17:00:37.157 | INFO     | __main__:<module>:160 - Loss: 0.69699
2021-09-21 17:00:37.157 | INFO     | __main__:<module>:160 - Loss: 0.69699
2021-09-21 17:00:37.157 | INFO     | __main__:<module>:160 - Loss: 0.69699
2021-09-21 17:00:37.157 | INFO     | __main__:<module>:160 - Loss: 0.69699
2021-09-21 17:00:37.157 | INFO     | __main__:<module>:160 - Loss: 0.69699
2021-09-21 17:00:37.157 | INFO     | __main__:<module>:160 - Loss: 0.69699
2021-09-21 17:00:37.157 | INFO     | __main__:<module>:160 - Loss: 0.69699
2021-09-21 17:00:37.157 | INFO     | __main__:<module>:160 - Loss: 0.69699
2021-09-21 17:00:37.157 | INFO     | __main__:<module>:160 - Loss: 0.69699
2021-09-21 17:00:37.157 | INFO     | __main__:<module>:160 - Loss: 0.69699
2021-09-21 17:00:37.157 | INFO     | __main__:<module>:160 - Loss: 0.69699
2021-09-21 17:00:37.157 | INFO     | __main__:<module>:160 - Loss: 0.69699
2021-09-21 17:00:37.157 | INFO     | __main__:<module>:160 - Loss: 0.69699
2021-09-21 17:00:37.157 | INFO     | __main__:<module>:160 - Loss: 0.69699
2021-09-21 17:00:37.157 | INFO     | __main__:<module>:160 - Loss: 0.69699
2021-09-21 17:00:37.157 | INFO     | __main__:<module>:160 - Loss: 0.69699
2021-09-21 17:00:37.157 | INFO     | __main__:<module>:160 - Loss: 0.69699
2021-09-21 17:00:37.157 | INFO     | __main__:<module>:160 - Loss: 0.69699
2021-09-21 17:00:37.157 | INFO     | __main__:<module>:160 - Loss: 0.69699
2021-09-21 17:00:37.157 | INFO     | __main__:<module>:160 - Loss: 0.69699
2021-09-21 17:00:37.157 | INFO     | __main__:<module>:160 - Loss: 0.69699
2021-09-21 17:00:37.157 | INFO     | __main__:<module>:160 - Loss: 0.69699
2021-09-21 17:00:37.157 | INFO     | __main__:<module>:160 - Loss: 0.69699
2021-09-21 17:00:37.157 | INFO     | __main__:<module>:160 - Loss: 0.69699
2021-09-21 17:00:37.157 | INFO     | __main__:<module>:160 - Loss: 0.69699
2021-09-21 17:00:37.157 | INFO     | __main__:<module>:160 - Loss: 0.69699
2021-09-21 17:00:37.157 | INFO     | __main__:<module>:160 - Loss: 0.69699
2021-09-21 17:00:37.157 | INFO     | __main__:<module>:160 - Loss: 0.69699
2021-09-21 17:00:37.157 | INFO     | __main__:<module>:160 - Loss: 0.69699
2021-09-21 17:00:37.157 | INFO     | __main__:<module>:160 - Loss: 0.69699
2021-09-21 17:00:37.157 | INFO     | __main__:<module>:160 - Loss: 0.69699
2021-09-21 17:00:37.174 | INFO     | __main__:<module>:160 - Loss: 0.69696
2021-09-21 17:00:37.174 | INFO     | __main__:<module>:160 - Loss: 0.69696
2021-09-21 17:00:37.174 | INFO     | __main__:<module>:160 - Loss: 0.69696
2021-09-21 17:00:37.174 | INFO     | __main__:<module>:160 - Loss: 0.69696
2021-09-21 17:00:37.174 | INFO     | __main__:<module>:160 - Loss: 0.69696
2021-09-21 17:00:37.174 | INFO     | __main__:<module>:160 - Loss: 0.69696
2021-09-21 17:00:37.174 | INFO     | __main__:<module>:160 - Loss: 0.69696
2021-09-21 17:00:37.174 | INFO     | __main__:<module>:160 - Loss: 0.69696
2021-09-21 17:00:37.174 | INFO     | __main__:<module>:160 - Loss: 0.69696
2021-09-21 17:00:37.174 | INFO     | __main__:<module>:160 - Loss: 0.69696
2021-09-21 17:00:37.174 | INFO     | __main__:<module>:160 - Loss: 0.69696
2021-09-21 17:00:37.174 | INFO     | __main__:<module>:160 - Loss: 0.69696
2021-09-21 17:00:37.174 | INFO     | __main__:<module>:160 - Loss: 0.69696
2021-09-21 17:00:37.174 | INFO     | __main__:<module>:160 - Loss: 0.69696
2021-09-21 17:00:37.174 | INFO     | __main__:<module>:160 - Loss: 0.69696
2021-09-21 17:00:37.174 | INFO     | __main__:<module>:160 - Loss: 0.69696
2021-09-21 17:00:37.174 | INFO     | __main__:<module>:160 - Loss: 0.69696
2021-09-21 17:00:37.174 | INFO     | __main__:<module>:160 - Loss: 0.69696
2021-09-21 17:00:37.174 | INFO     | __main__:<module>:160 - Loss: 0.69696
2021-09-21 17:00:37.174 | INFO     | __main__:<module>:160 - Loss: 0.69696
2021-09-21 17:00:37.174 | INFO     | __main__:<module>:160 - Loss: 0.69696
2021-09-21 17:00:37.174 | INFO     | __main__:<module>:160 - Loss: 0.69696
2021-09-21 17:00:37.174 | INFO     | __main__:<module>:160 - Loss: 0.69696
2021-09-21 17:00:37.174 | INFO     | __main__:<module>:160 - Loss: 0.69696
2021-09-21 17:00:37.174 | INFO     | __main__:<module>:160 - Loss: 0.69696
2021-09-21 17:00:37.174 | INFO     | __main__:<module>:160 - Loss: 0.69696
2021-09-21 17:00:37.174 | INFO     | __main__:<module>:160 - Loss: 0.69696
2021-09-21 17:00:37.174 | INFO     | __main__:<module>:160 - Loss: 0.69696
2021-09-21 17:00:37.174 | INFO     | __main__:<module>:160 - Loss: 0.69696
2021-09-21 17:00:37.174 | INFO     | __main__:<module>:160 - Loss: 0.69696
2021-09-21 17:00:37.174 | INFO     | __main__:<module>:160 - Loss: 0.69696
2021-09-21 17:00:37.174 | INFO     | __main__:<module>:160 - Loss: 0.69696
2021-09-21 17:00:37.194 | INFO     | __main__:<module>:160 - Loss: 0.69694
2021-09-21 17:00:37.194 | INFO     | __main__:<module>:160 - Loss: 0.69694
2021-09-21 17:00:37.194 | INFO     | __main__:<module>:160 - Loss: 0.69694
2021-09-21 17:00:37.194 | INFO     | __main__:<module>:160 - Loss: 0.69694
2021-09-21 17:00:37.194 | INFO     | __main__:<module>:160 - Loss: 0.69694
2021-09-21 17:00:37.194 | INFO     | __main__:<module>:160 - Loss: 0.69694
2021-09-21 17:00:37.194 | INFO     | __main__:<module>:160 - Loss: 0.69694
2021-09-21 17:00:37.194 | INFO     | __main__:<module>:160 - Loss: 0.69694
2021-09-21 17:00:37.194 | INFO     | __main__:<module>:160 - Loss: 0.69694
2021-09-21 17:00:37.194 | INFO     | __main__:<module>:160 - Loss: 0.69694
2021-09-21 17:00:37.194 | INFO     | __main__:<module>:160 - Loss: 0.69694
2021-09-21 17:00:37.194 | INFO     | __main__:<module>:160 - Loss: 0.69694
2021-09-21 17:00:37.194 | INFO     | __main__:<module>:160 - Loss: 0.69694
2021-09-21 17:00:37.194 | INFO     | __main__:<module>:160 - Loss: 0.69694
2021-09-21 17:00:37.194 | INFO     | __main__:<module>:160 - Loss: 0.69694
2021-09-21 17:00:37.194 | INFO     | __main__:<module>:160 - Loss: 0.69694
2021-09-21 17:00:37.194 | INFO     | __main__:<module>:160 - Loss: 0.69694
2021-09-21 17:00:37.194 | INFO     | __main__:<module>:160 - Loss: 0.69694
2021-09-21 17:00:37.194 | INFO     | __main__:<module>:160 - Loss: 0.69694
2021-09-21 17:00:37.194 | INFO     | __main__:<module>:160 - Loss: 0.69694
2021-09-21 17:00:37.194 | INFO     | __main__:<module>:160 - Loss: 0.69694
2021-09-21 17:00:37.194 | INFO     | __main__:<module>:160 - Loss: 0.69694
2021-09-21 17:00:37.194 | INFO     | __main__:<module>:160 - Loss: 0.69694
2021-09-21 17:00:37.194 | INFO     | __main__:<module>:160 - Loss: 0.69694
2021-09-21 17:00:37.194 | INFO     | __main__:<module>:160 - Loss: 0.69694
2021-09-21 17:00:37.194 | INFO     | __main__:<module>:160 - Loss: 0.69694
2021-09-21 17:00:37.194 | INFO     | __main__:<module>:160 - Loss: 0.69694
2021-09-21 17:00:37.194 | INFO     | __main__:<module>:160 - Loss: 0.69694
2021-09-21 17:00:37.194 | INFO     | __main__:<module>:160 - Loss: 0.69694
2021-09-21 17:00:37.194 | INFO     | __main__:<module>:160 - Loss: 0.69694
2021-09-21 17:00:37.194 | INFO     | __main__:<module>:160 - Loss: 0.69694
2021-09-21 17:00:37.194 | INFO     | __main__:<module>:160 - Loss: 0.69694
2021-09-21 17:00:37.194 | INFO     | __main__:<module>:160 - Loss: 0.69694
2021-09-21 17:00:37.210 | INFO     | __main__:<module>:160 - Loss: 0.69691
2021-09-21 17:00:37.210 | INFO     | __main__:<module>:160 - Loss: 0.69691
2021-09-21 17:00:37.210 | INFO     | __main__:<module>:160 - Loss: 0.69691
2021-09-21 17:00:37.210 | INFO     | __main__:<module>:160 - Loss: 0.69691
2021-09-21 17:00:37.210 | INFO     | __main__:<module>:160 - Loss: 0.69691
2021-09-21 17:00:37.210 | INFO     | __main__:<module>:160 - Loss: 0.69691
2021-09-21 17:00:37.210 | INFO     | __main__:<module>:160 - Loss: 0.69691
2021-09-21 17:00:37.210 | INFO     | __main__:<module>:160 - Loss: 0.69691
2021-09-21 17:00:37.210 | INFO     | __main__:<module>:160 - Loss: 0.69691
2021-09-21 17:00:37.210 | INFO     | __main__:<module>:160 - Loss: 0.69691
2021-09-21 17:00:37.210 | INFO     | __main__:<module>:160 - Loss: 0.69691
2021-09-21 17:00:37.210 | INFO     | __main__:<module>:160 - Loss: 0.69691
2021-09-21 17:00:37.210 | INFO     | __main__:<module>:160 - Loss: 0.69691
2021-09-21 17:00:37.210 | INFO     | __main__:<module>:160 - Loss: 0.69691
2021-09-21 17:00:37.210 | INFO     | __main__:<module>:160 - Loss: 0.69691
2021-09-21 17:00:37.210 | INFO     | __main__:<module>:160 - Loss: 0.69691
2021-09-21 17:00:37.210 | INFO     | __main__:<module>:160 - Loss: 0.69691
2021-09-21 17:00:37.210 | INFO     | __main__:<module>:160 - Loss: 0.69691
2021-09-21 17:00:37.210 | INFO     | __main__:<module>:160 - Loss: 0.69691
2021-09-21 17:00:37.210 | INFO     | __main__:<module>:160 - Loss: 0.69691
2021-09-21 17:00:37.210 | INFO     | __main__:<module>:160 - Loss: 0.69691
2021-09-21 17:00:37.210 | INFO     | __main__:<module>:160 - Loss: 0.69691
2021-09-21 17:00:37.210 | INFO     | __main__:<module>:160 - Loss: 0.69691
2021-09-21 17:00:37.210 | INFO     | __main__:<module>:160 - Loss: 0.69691
2021-09-21 17:00:37.210 | INFO     | __main__:<module>:160 - Loss: 0.69691
2021-09-21 17:00:37.210 | INFO     | __main__:<module>:160 - Loss: 0.69691
2021-09-21 17:00:37.210 | INFO     | __main__:<module>:160 - Loss: 0.69691
2021-09-21 17:00:37.210 | INFO     | __main__:<module>:160 - Loss: 0.69691
2021-09-21 17:00:37.210 | INFO     | __main__:<module>:160 - Loss: 0.69691
2021-09-21 17:00:37.210 | INFO     | __main__:<module>:160 - Loss: 0.69691
2021-09-21 17:00:37.210 | INFO     | __main__:<module>:160 - Loss: 0.69691
2021-09-21 17:00:37.210 | INFO     | __main__:<module>:160 - Loss: 0.69691
2021-09-21 17:00:37.210 | INFO     | __main__:<module>:160 - Loss: 0.69691
2021-09-21 17:00:37.210 | INFO     | __main__:<module>:160 - Loss: 0.69691
2021-09-21 17:00:37.227 | INFO     | __main__:<module>:160 - Loss: 0.69688
2021-09-21 17:00:37.227 | INFO     | __main__:<module>:160 - Loss: 0.69688
2021-09-21 17:00:37.227 | INFO     | __main__:<module>:160 - Loss: 0.69688
2021-09-21 17:00:37.227 | INFO     | __main__:<module>:160 - Loss: 0.69688
2021-09-21 17:00:37.227 | INFO     | __main__:<module>:160 - Loss: 0.69688
2021-09-21 17:00:37.227 | INFO     | __main__:<module>:160 - Loss: 0.69688
2021-09-21 17:00:37.227 | INFO     | __main__:<module>:160 - Loss: 0.69688
2021-09-21 17:00:37.227 | INFO     | __main__:<module>:160 - Loss: 0.69688
2021-09-21 17:00:37.227 | INFO     | __main__:<module>:160 - Loss: 0.69688
2021-09-21 17:00:37.227 | INFO     | __main__:<module>:160 - Loss: 0.69688
2021-09-21 17:00:37.227 | INFO     | __main__:<module>:160 - Loss: 0.69688
2021-09-21 17:00:37.227 | INFO     | __main__:<module>:160 - Loss: 0.69688
2021-09-21 17:00:37.227 | INFO     | __main__:<module>:160 - Loss: 0.69688
2021-09-21 17:00:37.227 | INFO     | __main__:<module>:160 - Loss: 0.69688
2021-09-21 17:00:37.227 | INFO     | __main__:<module>:160 - Loss: 0.69688
2021-09-21 17:00:37.227 | INFO     | __main__:<module>:160 - Loss: 0.69688
2021-09-21 17:00:37.227 | INFO     | __main__:<module>:160 - Loss: 0.69688
2021-09-21 17:00:37.227 | INFO     | __main__:<module>:160 - Loss: 0.69688
2021-09-21 17:00:37.227 | INFO     | __main__:<module>:160 - Loss: 0.69688
2021-09-21 17:00:37.227 | INFO     | __main__:<module>:160 - Loss: 0.69688
2021-09-21 17:00:37.227 | INFO     | __main__:<module>:160 - Loss: 0.69688
2021-09-21 17:00:37.227 | INFO     | __main__:<module>:160 - Loss: 0.69688
2021-09-21 17:00:37.227 | INFO     | __main__:<module>:160 - Loss: 0.69688
2021-09-21 17:00:37.227 | INFO     | __main__:<module>:160 - Loss: 0.69688
2021-09-21 17:00:37.227 | INFO     | __main__:<module>:160 - Loss: 0.69688
2021-09-21 17:00:37.227 | INFO     | __main__:<module>:160 - Loss: 0.69688
2021-09-21 17:00:37.227 | INFO     | __main__:<module>:160 - Loss: 0.69688
2021-09-21 17:00:37.227 | INFO     | __main__:<module>:160 - Loss: 0.69688
2021-09-21 17:00:37.227 | INFO     | __main__:<module>:160 - Loss: 0.69688
2021-09-21 17:00:37.227 | INFO     | __main__:<module>:160 - Loss: 0.69688
2021-09-21 17:00:37.227 | INFO     | __main__:<module>:160 - Loss: 0.69688
2021-09-21 17:00:37.227 | INFO     | __main__:<module>:160 - Loss: 0.69688
2021-09-21 17:00:37.227 | INFO     | __main__:<module>:160 - Loss: 0.69688
2021-09-21 17:00:37.227 | INFO     | __main__:<module>:160 - Loss: 0.69688
2021-09-21 17:00:37.227 | INFO     | __main__:<module>:160 - Loss: 0.69688
2021-09-21 17:00:37.244 | INFO     | __main__:<module>:160 - Loss: 0.69685
2021-09-21 17:00:37.244 | INFO     | __main__:<module>:160 - Loss: 0.69685
2021-09-21 17:00:37.244 | INFO     | __main__:<module>:160 - Loss: 0.69685
2021-09-21 17:00:37.244 | INFO     | __main__:<module>:160 - Loss: 0.69685
2021-09-21 17:00:37.244 | INFO     | __main__:<module>:160 - Loss: 0.69685
2021-09-21 17:00:37.244 | INFO     | __main__:<module>:160 - Loss: 0.69685
2021-09-21 17:00:37.244 | INFO     | __main__:<module>:160 - Loss: 0.69685
2021-09-21 17:00:37.244 | INFO     | __main__:<module>:160 - Loss: 0.69685
2021-09-21 17:00:37.244 | INFO     | __main__:<module>:160 - Loss: 0.69685
2021-09-21 17:00:37.244 | INFO     | __main__:<module>:160 - Loss: 0.69685
2021-09-21 17:00:37.244 | INFO     | __main__:<module>:160 - Loss: 0.69685
2021-09-21 17:00:37.244 | INFO     | __main__:<module>:160 - Loss: 0.69685
2021-09-21 17:00:37.244 | INFO     | __main__:<module>:160 - Loss: 0.69685
2021-09-21 17:00:37.244 | INFO     | __main__:<module>:160 - Loss: 0.69685
2021-09-21 17:00:37.244 | INFO     | __main__:<module>:160 - Loss: 0.69685
2021-09-21 17:00:37.244 | INFO     | __main__:<module>:160 - Loss: 0.69685
2021-09-21 17:00:37.244 | INFO     | __main__:<module>:160 - Loss: 0.69685
2021-09-21 17:00:37.244 | INFO     | __main__:<module>:160 - Loss: 0.69685
2021-09-21 17:00:37.244 | INFO     | __main__:<module>:160 - Loss: 0.69685
2021-09-21 17:00:37.244 | INFO     | __main__:<module>:160 - Loss: 0.69685
2021-09-21 17:00:37.244 | INFO     | __main__:<module>:160 - Loss: 0.69685
2021-09-21 17:00:37.244 | INFO     | __main__:<module>:160 - Loss: 0.69685
2021-09-21 17:00:37.244 | INFO     | __main__:<module>:160 - Loss: 0.69685
2021-09-21 17:00:37.244 | INFO     | __main__:<module>:160 - Loss: 0.69685
2021-09-21 17:00:37.244 | INFO     | __main__:<module>:160 - Loss: 0.69685
2021-09-21 17:00:37.244 | INFO     | __main__:<module>:160 - Loss: 0.69685
2021-09-21 17:00:37.244 | INFO     | __main__:<module>:160 - Loss: 0.69685
2021-09-21 17:00:37.244 | INFO     | __main__:<module>:160 - Loss: 0.69685
2021-09-21 17:00:37.244 | INFO     | __main__:<module>:160 - Loss: 0.69685
2021-09-21 17:00:37.244 | INFO     | __main__:<module>:160 - Loss: 0.69685
2021-09-21 17:00:37.244 | INFO     | __main__:<module>:160 - Loss: 0.69685
2021-09-21 17:00:37.244 | INFO     | __main__:<module>:160 - Loss: 0.69685
2021-09-21 17:00:37.244 | INFO     | __main__:<module>:160 - Loss: 0.69685
2021-09-21 17:00:37.244 | INFO     | __main__:<module>:160 - Loss: 0.69685
2021-09-21 17:00:37.244 | INFO     | __main__:<module>:160 - Loss: 0.69685
2021-09-21 17:00:37.244 | INFO     | __main__:<module>:160 - Loss: 0.69685
2021-09-21 17:00:37.261 | INFO     | __main__:<module>:160 - Loss: 0.69682
2021-09-21 17:00:37.261 | INFO     | __main__:<module>:160 - Loss: 0.69682
2021-09-21 17:00:37.261 | INFO     | __main__:<module>:160 - Loss: 0.69682
2021-09-21 17:00:37.261 | INFO     | __main__:<module>:160 - Loss: 0.69682
2021-09-21 17:00:37.261 | INFO     | __main__:<module>:160 - Loss: 0.69682
2021-09-21 17:00:37.261 | INFO     | __main__:<module>:160 - Loss: 0.69682
2021-09-21 17:00:37.261 | INFO     | __main__:<module>:160 - Loss: 0.69682
2021-09-21 17:00:37.261 | INFO     | __main__:<module>:160 - Loss: 0.69682
2021-09-21 17:00:37.261 | INFO     | __main__:<module>:160 - Loss: 0.69682
2021-09-21 17:00:37.261 | INFO     | __main__:<module>:160 - Loss: 0.69682
2021-09-21 17:00:37.261 | INFO     | __main__:<module>:160 - Loss: 0.69682
2021-09-21 17:00:37.261 | INFO     | __main__:<module>:160 - Loss: 0.69682
2021-09-21 17:00:37.261 | INFO     | __main__:<module>:160 - Loss: 0.69682
2021-09-21 17:00:37.261 | INFO     | __main__:<module>:160 - Loss: 0.69682
2021-09-21 17:00:37.261 | INFO     | __main__:<module>:160 - Loss: 0.69682
2021-09-21 17:00:37.261 | INFO     | __main__:<module>:160 - Loss: 0.69682
2021-09-21 17:00:37.261 | INFO     | __main__:<module>:160 - Loss: 0.69682
2021-09-21 17:00:37.261 | INFO     | __main__:<module>:160 - Loss: 0.69682
2021-09-21 17:00:37.261 | INFO     | __main__:<module>:160 - Loss: 0.69682
2021-09-21 17:00:37.261 | INFO     | __main__:<module>:160 - Loss: 0.69682
2021-09-21 17:00:37.261 | INFO     | __main__:<module>:160 - Loss: 0.69682
2021-09-21 17:00:37.261 | INFO     | __main__:<module>:160 - Loss: 0.69682
2021-09-21 17:00:37.261 | INFO     | __main__:<module>:160 - Loss: 0.69682
2021-09-21 17:00:37.261 | INFO     | __main__:<module>:160 - Loss: 0.69682
2021-09-21 17:00:37.261 | INFO     | __main__:<module>:160 - Loss: 0.69682
2021-09-21 17:00:37.261 | INFO     | __main__:<module>:160 - Loss: 0.69682
2021-09-21 17:00:37.261 | INFO     | __main__:<module>:160 - Loss: 0.69682
2021-09-21 17:00:37.261 | INFO     | __main__:<module>:160 - Loss: 0.69682
2021-09-21 17:00:37.261 | INFO     | __main__:<module>:160 - Loss: 0.69682
2021-09-21 17:00:37.261 | INFO     | __main__:<module>:160 - Loss: 0.69682
2021-09-21 17:00:37.261 | INFO     | __main__:<module>:160 - Loss: 0.69682
2021-09-21 17:00:37.261 | INFO     | __main__:<module>:160 - Loss: 0.69682
2021-09-21 17:00:37.261 | INFO     | __main__:<module>:160 - Loss: 0.69682
2021-09-21 17:00:37.261 | INFO     | __main__:<module>:160 - Loss: 0.69682
2021-09-21 17:00:37.261 | INFO     | __main__:<module>:160 - Loss: 0.69682
2021-09-21 17:00:37.261 | INFO     | __main__:<module>:160 - Loss: 0.69682
2021-09-21 17:00:37.261 | INFO     | __main__:<module>:160 - Loss: 0.69682
2021-09-21 17:00:37.278 | INFO     | __main__:<module>:160 - Loss: 0.69679
2021-09-21 17:00:37.278 | INFO     | __main__:<module>:160 - Loss: 0.69679
2021-09-21 17:00:37.278 | INFO     | __main__:<module>:160 - Loss: 0.69679
2021-09-21 17:00:37.278 | INFO     | __main__:<module>:160 - Loss: 0.69679
2021-09-21 17:00:37.278 | INFO     | __main__:<module>:160 - Loss: 0.69679
2021-09-21 17:00:37.278 | INFO     | __main__:<module>:160 - Loss: 0.69679
2021-09-21 17:00:37.278 | INFO     | __main__:<module>:160 - Loss: 0.69679
2021-09-21 17:00:37.278 | INFO     | __main__:<module>:160 - Loss: 0.69679
2021-09-21 17:00:37.278 | INFO     | __main__:<module>:160 - Loss: 0.69679
2021-09-21 17:00:37.278 | INFO     | __main__:<module>:160 - Loss: 0.69679
2021-09-21 17:00:37.278 | INFO     | __main__:<module>:160 - Loss: 0.69679
2021-09-21 17:00:37.278 | INFO     | __main__:<module>:160 - Loss: 0.69679
2021-09-21 17:00:37.278 | INFO     | __main__:<module>:160 - Loss: 0.69679
2021-09-21 17:00:37.278 | INFO     | __main__:<module>:160 - Loss: 0.69679
2021-09-21 17:00:37.278 | INFO     | __main__:<module>:160 - Loss: 0.69679
2021-09-21 17:00:37.278 | INFO     | __main__:<module>:160 - Loss: 0.69679
2021-09-21 17:00:37.278 | INFO     | __main__:<module>:160 - Loss: 0.69679
2021-09-21 17:00:37.278 | INFO     | __main__:<module>:160 - Loss: 0.69679
2021-09-21 17:00:37.278 | INFO     | __main__:<module>:160 - Loss: 0.69679
2021-09-21 17:00:37.278 | INFO     | __main__:<module>:160 - Loss: 0.69679
2021-09-21 17:00:37.278 | INFO     | __main__:<module>:160 - Loss: 0.69679
2021-09-21 17:00:37.278 | INFO     | __main__:<module>:160 - Loss: 0.69679
2021-09-21 17:00:37.278 | INFO     | __main__:<module>:160 - Loss: 0.69679
2021-09-21 17:00:37.278 | INFO     | __main__:<module>:160 - Loss: 0.69679
2021-09-21 17:00:37.278 | INFO     | __main__:<module>:160 - Loss: 0.69679
2021-09-21 17:00:37.278 | INFO     | __main__:<module>:160 - Loss: 0.69679
2021-09-21 17:00:37.278 | INFO     | __main__:<module>:160 - Loss: 0.69679
2021-09-21 17:00:37.278 | INFO     | __main__:<module>:160 - Loss: 0.69679
2021-09-21 17:00:37.278 | INFO     | __main__:<module>:160 - Loss: 0.69679
2021-09-21 17:00:37.278 | INFO     | __main__:<module>:160 - Loss: 0.69679
2021-09-21 17:00:37.278 | INFO     | __main__:<module>:160 - Loss: 0.69679
2021-09-21 17:00:37.278 | INFO     | __main__:<module>:160 - Loss: 0.69679
2021-09-21 17:00:37.278 | INFO     | __main__:<module>:160 - Loss: 0.69679
2021-09-21 17:00:37.278 | INFO     | __main__:<module>:160 - Loss: 0.69679
2021-09-21 17:00:37.278 | INFO     | __main__:<module>:160 - Loss: 0.69679
2021-09-21 17:00:37.278 | INFO     | __main__:<module>:160 - Loss: 0.69679
2021-09-21 17:00:37.278 | INFO     | __main__:<module>:160 - Loss: 0.69679
2021-09-21 17:00:37.278 | INFO     | __main__:<module>:160 - Loss: 0.69679
2021-09-21 17:00:37.294 | INFO     | __main__:<module>:160 - Loss: 0.69677
2021-09-21 17:00:37.294 | INFO     | __main__:<module>:160 - Loss: 0.69677
2021-09-21 17:00:37.294 | INFO     | __main__:<module>:160 - Loss: 0.69677
2021-09-21 17:00:37.294 | INFO     | __main__:<module>:160 - Loss: 0.69677
2021-09-21 17:00:37.294 | INFO     | __main__:<module>:160 - Loss: 0.69677
2021-09-21 17:00:37.294 | INFO     | __main__:<module>:160 - Loss: 0.69677
2021-09-21 17:00:37.294 | INFO     | __main__:<module>:160 - Loss: 0.69677
2021-09-21 17:00:37.294 | INFO     | __main__:<module>:160 - Loss: 0.69677
2021-09-21 17:00:37.294 | INFO     | __main__:<module>:160 - Loss: 0.69677
2021-09-21 17:00:37.294 | INFO     | __main__:<module>:160 - Loss: 0.69677
2021-09-21 17:00:37.294 | INFO     | __main__:<module>:160 - Loss: 0.69677
2021-09-21 17:00:37.294 | INFO     | __main__:<module>:160 - Loss: 0.69677
2021-09-21 17:00:37.294 | INFO     | __main__:<module>:160 - Loss: 0.69677
2021-09-21 17:00:37.294 | INFO     | __main__:<module>:160 - Loss: 0.69677
2021-09-21 17:00:37.294 | INFO     | __main__:<module>:160 - Loss: 0.69677
2021-09-21 17:00:37.294 | INFO     | __main__:<module>:160 - Loss: 0.69677
2021-09-21 17:00:37.294 | INFO     | __main__:<module>:160 - Loss: 0.69677
2021-09-21 17:00:37.294 | INFO     | __main__:<module>:160 - Loss: 0.69677
2021-09-21 17:00:37.294 | INFO     | __main__:<module>:160 - Loss: 0.69677
2021-09-21 17:00:37.294 | INFO     | __main__:<module>:160 - Loss: 0.69677
2021-09-21 17:00:37.294 | INFO     | __main__:<module>:160 - Loss: 0.69677
2021-09-21 17:00:37.294 | INFO     | __main__:<module>:160 - Loss: 0.69677
2021-09-21 17:00:37.294 | INFO     | __main__:<module>:160 - Loss: 0.69677
2021-09-21 17:00:37.294 | INFO     | __main__:<module>:160 - Loss: 0.69677
2021-09-21 17:00:37.294 | INFO     | __main__:<module>:160 - Loss: 0.69677
2021-09-21 17:00:37.294 | INFO     | __main__:<module>:160 - Loss: 0.69677
2021-09-21 17:00:37.294 | INFO     | __main__:<module>:160 - Loss: 0.69677
2021-09-21 17:00:37.294 | INFO     | __main__:<module>:160 - Loss: 0.69677
2021-09-21 17:00:37.294 | INFO     | __main__:<module>:160 - Loss: 0.69677
2021-09-21 17:00:37.294 | INFO     | __main__:<module>:160 - Loss: 0.69677
2021-09-21 17:00:37.294 | INFO     | __main__:<module>:160 - Loss: 0.69677
2021-09-21 17:00:37.294 | INFO     | __main__:<module>:160 - Loss: 0.69677
2021-09-21 17:00:37.294 | INFO     | __main__:<module>:160 - Loss: 0.69677
2021-09-21 17:00:37.294 | INFO     | __main__:<module>:160 - Loss: 0.69677
2021-09-21 17:00:37.294 | INFO     | __main__:<module>:160 - Loss: 0.69677
2021-09-21 17:00:37.294 | INFO     | __main__:<module>:160 - Loss: 0.69677
2021-09-21 17:00:37.294 | INFO     | __main__:<module>:160 - Loss: 0.69677
2021-09-21 17:00:37.294 | INFO     | __main__:<module>:160 - Loss: 0.69677
2021-09-21 17:00:37.294 | INFO     | __main__:<module>:160 - Loss: 0.69677
2021-09-21 17:00:37.310 | INFO     | __main__:<module>:160 - Loss: 0.69674
2021-09-21 17:00:37.310 | INFO     | __main__:<module>:160 - Loss: 0.69674
2021-09-21 17:00:37.310 | INFO     | __main__:<module>:160 - Loss: 0.69674
2021-09-21 17:00:37.310 | INFO     | __main__:<module>:160 - Loss: 0.69674
2021-09-21 17:00:37.310 | INFO     | __main__:<module>:160 - Loss: 0.69674
2021-09-21 17:00:37.310 | INFO     | __main__:<module>:160 - Loss: 0.69674
2021-09-21 17:00:37.310 | INFO     | __main__:<module>:160 - Loss: 0.69674
2021-09-21 17:00:37.310 | INFO     | __main__:<module>:160 - Loss: 0.69674
2021-09-21 17:00:37.310 | INFO     | __main__:<module>:160 - Loss: 0.69674
2021-09-21 17:00:37.310 | INFO     | __main__:<module>:160 - Loss: 0.69674
2021-09-21 17:00:37.310 | INFO     | __main__:<module>:160 - Loss: 0.69674
2021-09-21 17:00:37.310 | INFO     | __main__:<module>:160 - Loss: 0.69674
2021-09-21 17:00:37.310 | INFO     | __main__:<module>:160 - Loss: 0.69674
2021-09-21 17:00:37.310 | INFO     | __main__:<module>:160 - Loss: 0.69674
2021-09-21 17:00:37.310 | INFO     | __main__:<module>:160 - Loss: 0.69674
2021-09-21 17:00:37.310 | INFO     | __main__:<module>:160 - Loss: 0.69674
2021-09-21 17:00:37.310 | INFO     | __main__:<module>:160 - Loss: 0.69674
2021-09-21 17:00:37.310 | INFO     | __main__:<module>:160 - Loss: 0.69674
2021-09-21 17:00:37.310 | INFO     | __main__:<module>:160 - Loss: 0.69674
2021-09-21 17:00:37.310 | INFO     | __main__:<module>:160 - Loss: 0.69674
2021-09-21 17:00:37.310 | INFO     | __main__:<module>:160 - Loss: 0.69674
2021-09-21 17:00:37.310 | INFO     | __main__:<module>:160 - Loss: 0.69674
2021-09-21 17:00:37.310 | INFO     | __main__:<module>:160 - Loss: 0.69674
2021-09-21 17:00:37.310 | INFO     | __main__:<module>:160 - Loss: 0.69674
2021-09-21 17:00:37.310 | INFO     | __main__:<module>:160 - Loss: 0.69674
2021-09-21 17:00:37.310 | INFO     | __main__:<module>:160 - Loss: 0.69674
2021-09-21 17:00:37.310 | INFO     | __main__:<module>:160 - Loss: 0.69674
2021-09-21 17:00:37.310 | INFO     | __main__:<module>:160 - Loss: 0.69674
2021-09-21 17:00:37.310 | INFO     | __main__:<module>:160 - Loss: 0.69674
2021-09-21 17:00:37.310 | INFO     | __main__:<module>:160 - Loss: 0.69674
2021-09-21 17:00:37.310 | INFO     | __main__:<module>:160 - Loss: 0.69674
2021-09-21 17:00:37.310 | INFO     | __main__:<module>:160 - Loss: 0.69674
2021-09-21 17:00:37.310 | INFO     | __main__:<module>:160 - Loss: 0.69674
2021-09-21 17:00:37.310 | INFO     | __main__:<module>:160 - Loss: 0.69674
2021-09-21 17:00:37.310 | INFO     | __main__:<module>:160 - Loss: 0.69674
2021-09-21 17:00:37.310 | INFO     | __main__:<module>:160 - Loss: 0.69674
2021-09-21 17:00:37.310 | INFO     | __main__:<module>:160 - Loss: 0.69674
2021-09-21 17:00:37.310 | INFO     | __main__:<module>:160 - Loss: 0.69674
2021-09-21 17:00:37.310 | INFO     | __main__:<module>:160 - Loss: 0.69674
2021-09-21 17:00:37.310 | INFO     | __main__:<module>:160 - Loss: 0.69674
2021-09-21 17:00:37.328 | INFO     | __main__:<module>:160 - Loss: 0.69671
2021-09-21 17:00:37.328 | INFO     | __main__:<module>:160 - Loss: 0.69671
2021-09-21 17:00:37.328 | INFO     | __main__:<module>:160 - Loss: 0.69671
2021-09-21 17:00:37.328 | INFO     | __main__:<module>:160 - Loss: 0.69671
2021-09-21 17:00:37.328 | INFO     | __main__:<module>:160 - Loss: 0.69671
2021-09-21 17:00:37.328 | INFO     | __main__:<module>:160 - Loss: 0.69671
2021-09-21 17:00:37.328 | INFO     | __main__:<module>:160 - Loss: 0.69671
2021-09-21 17:00:37.328 | INFO     | __main__:<module>:160 - Loss: 0.69671
2021-09-21 17:00:37.328 | INFO     | __main__:<module>:160 - Loss: 0.69671
2021-09-21 17:00:37.328 | INFO     | __main__:<module>:160 - Loss: 0.69671
2021-09-21 17:00:37.328 | INFO     | __main__:<module>:160 - Loss: 0.69671
2021-09-21 17:00:37.328 | INFO     | __main__:<module>:160 - Loss: 0.69671
2021-09-21 17:00:37.328 | INFO     | __main__:<module>:160 - Loss: 0.69671
2021-09-21 17:00:37.328 | INFO     | __main__:<module>:160 - Loss: 0.69671
2021-09-21 17:00:37.328 | INFO     | __main__:<module>:160 - Loss: 0.69671
2021-09-21 17:00:37.328 | INFO     | __main__:<module>:160 - Loss: 0.69671
2021-09-21 17:00:37.328 | INFO     | __main__:<module>:160 - Loss: 0.69671
2021-09-21 17:00:37.328 | INFO     | __main__:<module>:160 - Loss: 0.69671
2021-09-21 17:00:37.328 | INFO     | __main__:<module>:160 - Loss: 0.69671
2021-09-21 17:00:37.328 | INFO     | __main__:<module>:160 - Loss: 0.69671
2021-09-21 17:00:37.328 | INFO     | __main__:<module>:160 - Loss: 0.69671
2021-09-21 17:00:37.328 | INFO     | __main__:<module>:160 - Loss: 0.69671
2021-09-21 17:00:37.328 | INFO     | __main__:<module>:160 - Loss: 0.69671
2021-09-21 17:00:37.328 | INFO     | __main__:<module>:160 - Loss: 0.69671
2021-09-21 17:00:37.328 | INFO     | __main__:<module>:160 - Loss: 0.69671
2021-09-21 17:00:37.328 | INFO     | __main__:<module>:160 - Loss: 0.69671
2021-09-21 17:00:37.328 | INFO     | __main__:<module>:160 - Loss: 0.69671
2021-09-21 17:00:37.328 | INFO     | __main__:<module>:160 - Loss: 0.69671
2021-09-21 17:00:37.328 | INFO     | __main__:<module>:160 - Loss: 0.69671
2021-09-21 17:00:37.328 | INFO     | __main__:<module>:160 - Loss: 0.69671
2021-09-21 17:00:37.328 | INFO     | __main__:<module>:160 - Loss: 0.69671
2021-09-21 17:00:37.328 | INFO     | __main__:<module>:160 - Loss: 0.69671
2021-09-21 17:00:37.328 | INFO     | __main__:<module>:160 - Loss: 0.69671
2021-09-21 17:00:37.328 | INFO     | __main__:<module>:160 - Loss: 0.69671
2021-09-21 17:00:37.328 | INFO     | __main__:<module>:160 - Loss: 0.69671
2021-09-21 17:00:37.328 | INFO     | __main__:<module>:160 - Loss: 0.69671
2021-09-21 17:00:37.328 | INFO     | __main__:<module>:160 - Loss: 0.69671
2021-09-21 17:00:37.328 | INFO     | __main__:<module>:160 - Loss: 0.69671
2021-09-21 17:00:37.328 | INFO     | __main__:<module>:160 - Loss: 0.69671
2021-09-21 17:00:37.328 | INFO     | __main__:<module>:160 - Loss: 0.69671
2021-09-21 17:00:37.328 | INFO     | __main__:<module>:160 - Loss: 0.69671
2021-09-21 17:00:37.344 | INFO     | __main__:<module>:160 - Loss: 0.69668
2021-09-21 17:00:37.344 | INFO     | __main__:<module>:160 - Loss: 0.69668
2021-09-21 17:00:37.344 | INFO     | __main__:<module>:160 - Loss: 0.69668
2021-09-21 17:00:37.344 | INFO     | __main__:<module>:160 - Loss: 0.69668
2021-09-21 17:00:37.344 | INFO     | __main__:<module>:160 - Loss: 0.69668
2021-09-21 17:00:37.344 | INFO     | __main__:<module>:160 - Loss: 0.69668
2021-09-21 17:00:37.344 | INFO     | __main__:<module>:160 - Loss: 0.69668
2021-09-21 17:00:37.344 | INFO     | __main__:<module>:160 - Loss: 0.69668
2021-09-21 17:00:37.344 | INFO     | __main__:<module>:160 - Loss: 0.69668
2021-09-21 17:00:37.344 | INFO     | __main__:<module>:160 - Loss: 0.69668
2021-09-21 17:00:37.344 | INFO     | __main__:<module>:160 - Loss: 0.69668
2021-09-21 17:00:37.344 | INFO     | __main__:<module>:160 - Loss: 0.69668
2021-09-21 17:00:37.344 | INFO     | __main__:<module>:160 - Loss: 0.69668
2021-09-21 17:00:37.344 | INFO     | __main__:<module>:160 - Loss: 0.69668
2021-09-21 17:00:37.344 | INFO     | __main__:<module>:160 - Loss: 0.69668
2021-09-21 17:00:37.344 | INFO     | __main__:<module>:160 - Loss: 0.69668
2021-09-21 17:00:37.344 | INFO     | __main__:<module>:160 - Loss: 0.69668
2021-09-21 17:00:37.344 | INFO     | __main__:<module>:160 - Loss: 0.69668
2021-09-21 17:00:37.344 | INFO     | __main__:<module>:160 - Loss: 0.69668
2021-09-21 17:00:37.344 | INFO     | __main__:<module>:160 - Loss: 0.69668
2021-09-21 17:00:37.344 | INFO     | __main__:<module>:160 - Loss: 0.69668
2021-09-21 17:00:37.344 | INFO     | __main__:<module>:160 - Loss: 0.69668
2021-09-21 17:00:37.344 | INFO     | __main__:<module>:160 - Loss: 0.69668
2021-09-21 17:00:37.344 | INFO     | __main__:<module>:160 - Loss: 0.69668
2021-09-21 17:00:37.344 | INFO     | __main__:<module>:160 - Loss: 0.69668
2021-09-21 17:00:37.344 | INFO     | __main__:<module>:160 - Loss: 0.69668
2021-09-21 17:00:37.344 | INFO     | __main__:<module>:160 - Loss: 0.69668
2021-09-21 17:00:37.344 | INFO     | __main__:<module>:160 - Loss: 0.69668
2021-09-21 17:00:37.344 | INFO     | __main__:<module>:160 - Loss: 0.69668
2021-09-21 17:00:37.344 | INFO     | __main__:<module>:160 - Loss: 0.69668
2021-09-21 17:00:37.344 | INFO     | __main__:<module>:160 - Loss: 0.69668
2021-09-21 17:00:37.344 | INFO     | __main__:<module>:160 - Loss: 0.69668
2021-09-21 17:00:37.344 | INFO     | __main__:<module>:160 - Loss: 0.69668
2021-09-21 17:00:37.344 | INFO     | __main__:<module>:160 - Loss: 0.69668
2021-09-21 17:00:37.344 | INFO     | __main__:<module>:160 - Loss: 0.69668
2021-09-21 17:00:37.344 | INFO     | __main__:<module>:160 - Loss: 0.69668
2021-09-21 17:00:37.344 | INFO     | __main__:<module>:160 - Loss: 0.69668
2021-09-21 17:00:37.344 | INFO     | __main__:<module>:160 - Loss: 0.69668
2021-09-21 17:00:37.344 | INFO     | __main__:<module>:160 - Loss: 0.69668
2021-09-21 17:00:37.344 | INFO     | __main__:<module>:160 - Loss: 0.69668
2021-09-21 17:00:37.344 | INFO     | __main__:<module>:160 - Loss: 0.69668
2021-09-21 17:00:37.344 | INFO     | __main__:<module>:160 - Loss: 0.69668
2021-09-21 17:00:37.362 | INFO     | __main__:<module>:160 - Loss: 0.69666
2021-09-21 17:00:37.362 | INFO     | __main__:<module>:160 - Loss: 0.69666
2021-09-21 17:00:37.362 | INFO     | __main__:<module>:160 - Loss: 0.69666
2021-09-21 17:00:37.362 | INFO     | __main__:<module>:160 - Loss: 0.69666
2021-09-21 17:00:37.362 | INFO     | __main__:<module>:160 - Loss: 0.69666
2021-09-21 17:00:37.362 | INFO     | __main__:<module>:160 - Loss: 0.69666
2021-09-21 17:00:37.362 | INFO     | __main__:<module>:160 - Loss: 0.69666
2021-09-21 17:00:37.362 | INFO     | __main__:<module>:160 - Loss: 0.69666
2021-09-21 17:00:37.362 | INFO     | __main__:<module>:160 - Loss: 0.69666
2021-09-21 17:00:37.362 | INFO     | __main__:<module>:160 - Loss: 0.69666
2021-09-21 17:00:37.362 | INFO     | __main__:<module>:160 - Loss: 0.69666
2021-09-21 17:00:37.362 | INFO     | __main__:<module>:160 - Loss: 0.69666
2021-09-21 17:00:37.362 | INFO     | __main__:<module>:160 - Loss: 0.69666
2021-09-21 17:00:37.362 | INFO     | __main__:<module>:160 - Loss: 0.69666
2021-09-21 17:00:37.362 | INFO     | __main__:<module>:160 - Loss: 0.69666
2021-09-21 17:00:37.362 | INFO     | __main__:<module>:160 - Loss: 0.69666
2021-09-21 17:00:37.362 | INFO     | __main__:<module>:160 - Loss: 0.69666
2021-09-21 17:00:37.362 | INFO     | __main__:<module>:160 - Loss: 0.69666
2021-09-21 17:00:37.362 | INFO     | __main__:<module>:160 - Loss: 0.69666
2021-09-21 17:00:37.362 | INFO     | __main__:<module>:160 - Loss: 0.69666
2021-09-21 17:00:37.362 | INFO     | __main__:<module>:160 - Loss: 0.69666
2021-09-21 17:00:37.362 | INFO     | __main__:<module>:160 - Loss: 0.69666
2021-09-21 17:00:37.362 | INFO     | __main__:<module>:160 - Loss: 0.69666
2021-09-21 17:00:37.362 | INFO     | __main__:<module>:160 - Loss: 0.69666
2021-09-21 17:00:37.362 | INFO     | __main__:<module>:160 - Loss: 0.69666
2021-09-21 17:00:37.362 | INFO     | __main__:<module>:160 - Loss: 0.69666
2021-09-21 17:00:37.362 | INFO     | __main__:<module>:160 - Loss: 0.69666
2021-09-21 17:00:37.362 | INFO     | __main__:<module>:160 - Loss: 0.69666
2021-09-21 17:00:37.362 | INFO     | __main__:<module>:160 - Loss: 0.69666
2021-09-21 17:00:37.362 | INFO     | __main__:<module>:160 - Loss: 0.69666
2021-09-21 17:00:37.362 | INFO     | __main__:<module>:160 - Loss: 0.69666
2021-09-21 17:00:37.362 | INFO     | __main__:<module>:160 - Loss: 0.69666
2021-09-21 17:00:37.362 | INFO     | __main__:<module>:160 - Loss: 0.69666
2021-09-21 17:00:37.362 | INFO     | __main__:<module>:160 - Loss: 0.69666
2021-09-21 17:00:37.362 | INFO     | __main__:<module>:160 - Loss: 0.69666
2021-09-21 17:00:37.362 | INFO     | __main__:<module>:160 - Loss: 0.69666
2021-09-21 17:00:37.362 | INFO     | __main__:<module>:160 - Loss: 0.69666
2021-09-21 17:00:37.362 | INFO     | __main__:<module>:160 - Loss: 0.69666
2021-09-21 17:00:37.362 | INFO     | __main__:<module>:160 - Loss: 0.69666
2021-09-21 17:00:37.362 | INFO     | __main__:<module>:160 - Loss: 0.69666
2021-09-21 17:00:37.362 | INFO     | __main__:<module>:160 - Loss: 0.69666
2021-09-21 17:00:37.362 | INFO     | __main__:<module>:160 - Loss: 0.69666
2021-09-21 17:00:37.362 | INFO     | __main__:<module>:160 - Loss: 0.69666
2021-09-21 17:00:37.386 | INFO     | __main__:<module>:160 - Loss: 0.69663
2021-09-21 17:00:37.386 | INFO     | __main__:<module>:160 - Loss: 0.69663
2021-09-21 17:00:37.386 | INFO     | __main__:<module>:160 - Loss: 0.69663
2021-09-21 17:00:37.386 | INFO     | __main__:<module>:160 - Loss: 0.69663
2021-09-21 17:00:37.386 | INFO     | __main__:<module>:160 - Loss: 0.69663
2021-09-21 17:00:37.386 | INFO     | __main__:<module>:160 - Loss: 0.69663
2021-09-21 17:00:37.386 | INFO     | __main__:<module>:160 - Loss: 0.69663
2021-09-21 17:00:37.386 | INFO     | __main__:<module>:160 - Loss: 0.69663
2021-09-21 17:00:37.386 | INFO     | __main__:<module>:160 - Loss: 0.69663
2021-09-21 17:00:37.386 | INFO     | __main__:<module>:160 - Loss: 0.69663
2021-09-21 17:00:37.386 | INFO     | __main__:<module>:160 - Loss: 0.69663
2021-09-21 17:00:37.386 | INFO     | __main__:<module>:160 - Loss: 0.69663
2021-09-21 17:00:37.386 | INFO     | __main__:<module>:160 - Loss: 0.69663
2021-09-21 17:00:37.386 | INFO     | __main__:<module>:160 - Loss: 0.69663
2021-09-21 17:00:37.386 | INFO     | __main__:<module>:160 - Loss: 0.69663
2021-09-21 17:00:37.386 | INFO     | __main__:<module>:160 - Loss: 0.69663
2021-09-21 17:00:37.386 | INFO     | __main__:<module>:160 - Loss: 0.69663
2021-09-21 17:00:37.386 | INFO     | __main__:<module>:160 - Loss: 0.69663
2021-09-21 17:00:37.386 | INFO     | __main__:<module>:160 - Loss: 0.69663
2021-09-21 17:00:37.386 | INFO     | __main__:<module>:160 - Loss: 0.69663
2021-09-21 17:00:37.386 | INFO     | __main__:<module>:160 - Loss: 0.69663
2021-09-21 17:00:37.386 | INFO     | __main__:<module>:160 - Loss: 0.69663
2021-09-21 17:00:37.386 | INFO     | __main__:<module>:160 - Loss: 0.69663
2021-09-21 17:00:37.386 | INFO     | __main__:<module>:160 - Loss: 0.69663
2021-09-21 17:00:37.386 | INFO     | __main__:<module>:160 - Loss: 0.69663
2021-09-21 17:00:37.386 | INFO     | __main__:<module>:160 - Loss: 0.69663
2021-09-21 17:00:37.386 | INFO     | __main__:<module>:160 - Loss: 0.69663
2021-09-21 17:00:37.386 | INFO     | __main__:<module>:160 - Loss: 0.69663
2021-09-21 17:00:37.386 | INFO     | __main__:<module>:160 - Loss: 0.69663
2021-09-21 17:00:37.386 | INFO     | __main__:<module>:160 - Loss: 0.69663
2021-09-21 17:00:37.386 | INFO     | __main__:<module>:160 - Loss: 0.69663
2021-09-21 17:00:37.386 | INFO     | __main__:<module>:160 - Loss: 0.69663
2021-09-21 17:00:37.386 | INFO     | __main__:<module>:160 - Loss: 0.69663
2021-09-21 17:00:37.386 | INFO     | __main__:<module>:160 - Loss: 0.69663
2021-09-21 17:00:37.386 | INFO     | __main__:<module>:160 - Loss: 0.69663
2021-09-21 17:00:37.386 | INFO     | __main__:<module>:160 - Loss: 0.69663
2021-09-21 17:00:37.386 | INFO     | __main__:<module>:160 - Loss: 0.69663
2021-09-21 17:00:37.386 | INFO     | __main__:<module>:160 - Loss: 0.69663
2021-09-21 17:00:37.386 | INFO     | __main__:<module>:160 - Loss: 0.69663
2021-09-21 17:00:37.386 | INFO     | __main__:<module>:160 - Loss: 0.69663
2021-09-21 17:00:37.386 | INFO     | __main__:<module>:160 - Loss: 0.69663
2021-09-21 17:00:37.386 | INFO     | __main__:<module>:160 - Loss: 0.69663
2021-09-21 17:00:37.386 | INFO     | __main__:<module>:160 - Loss: 0.69663
2021-09-21 17:00:37.386 | INFO     | __main__:<module>:160 - Loss: 0.69663
2021-09-21 17:00:37.404 | INFO     | __main__:<module>:160 - Loss: 0.69660
2021-09-21 17:00:37.404 | INFO     | __main__:<module>:160 - Loss: 0.69660
2021-09-21 17:00:37.404 | INFO     | __main__:<module>:160 - Loss: 0.69660
2021-09-21 17:00:37.404 | INFO     | __main__:<module>:160 - Loss: 0.69660
2021-09-21 17:00:37.404 | INFO     | __main__:<module>:160 - Loss: 0.69660
2021-09-21 17:00:37.404 | INFO     | __main__:<module>:160 - Loss: 0.69660
2021-09-21 17:00:37.404 | INFO     | __main__:<module>:160 - Loss: 0.69660
2021-09-21 17:00:37.404 | INFO     | __main__:<module>:160 - Loss: 0.69660
2021-09-21 17:00:37.404 | INFO     | __main__:<module>:160 - Loss: 0.69660
2021-09-21 17:00:37.404 | INFO     | __main__:<module>:160 - Loss: 0.69660
2021-09-21 17:00:37.404 | INFO     | __main__:<module>:160 - Loss: 0.69660
2021-09-21 17:00:37.404 | INFO     | __main__:<module>:160 - Loss: 0.69660
2021-09-21 17:00:37.404 | INFO     | __main__:<module>:160 - Loss: 0.69660
2021-09-21 17:00:37.404 | INFO     | __main__:<module>:160 - Loss: 0.69660
2021-09-21 17:00:37.404 | INFO     | __main__:<module>:160 - Loss: 0.69660
2021-09-21 17:00:37.404 | INFO     | __main__:<module>:160 - Loss: 0.69660
2021-09-21 17:00:37.404 | INFO     | __main__:<module>:160 - Loss: 0.69660
2021-09-21 17:00:37.404 | INFO     | __main__:<module>:160 - Loss: 0.69660
2021-09-21 17:00:37.404 | INFO     | __main__:<module>:160 - Loss: 0.69660
2021-09-21 17:00:37.404 | INFO     | __main__:<module>:160 - Loss: 0.69660
2021-09-21 17:00:37.404 | INFO     | __main__:<module>:160 - Loss: 0.69660
2021-09-21 17:00:37.404 | INFO     | __main__:<module>:160 - Loss: 0.69660
2021-09-21 17:00:37.404 | INFO     | __main__:<module>:160 - Loss: 0.69660
2021-09-21 17:00:37.404 | INFO     | __main__:<module>:160 - Loss: 0.69660
2021-09-21 17:00:37.404 | INFO     | __main__:<module>:160 - Loss: 0.69660
2021-09-21 17:00:37.404 | INFO     | __main__:<module>:160 - Loss: 0.69660
2021-09-21 17:00:37.404 | INFO     | __main__:<module>:160 - Loss: 0.69660
2021-09-21 17:00:37.404 | INFO     | __main__:<module>:160 - Loss: 0.69660
2021-09-21 17:00:37.404 | INFO     | __main__:<module>:160 - Loss: 0.69660
2021-09-21 17:00:37.404 | INFO     | __main__:<module>:160 - Loss: 0.69660
2021-09-21 17:00:37.404 | INFO     | __main__:<module>:160 - Loss: 0.69660
2021-09-21 17:00:37.404 | INFO     | __main__:<module>:160 - Loss: 0.69660
2021-09-21 17:00:37.404 | INFO     | __main__:<module>:160 - Loss: 0.69660
2021-09-21 17:00:37.404 | INFO     | __main__:<module>:160 - Loss: 0.69660
2021-09-21 17:00:37.404 | INFO     | __main__:<module>:160 - Loss: 0.69660
2021-09-21 17:00:37.404 | INFO     | __main__:<module>:160 - Loss: 0.69660
2021-09-21 17:00:37.404 | INFO     | __main__:<module>:160 - Loss: 0.69660
2021-09-21 17:00:37.404 | INFO     | __main__:<module>:160 - Loss: 0.69660
2021-09-21 17:00:37.404 | INFO     | __main__:<module>:160 - Loss: 0.69660
2021-09-21 17:00:37.404 | INFO     | __main__:<module>:160 - Loss: 0.69660
2021-09-21 17:00:37.404 | INFO     | __main__:<module>:160 - Loss: 0.69660
2021-09-21 17:00:37.404 | INFO     | __main__:<module>:160 - Loss: 0.69660
2021-09-21 17:00:37.404 | INFO     | __main__:<module>:160 - Loss: 0.69660
2021-09-21 17:00:37.404 | INFO     | __main__:<module>:160 - Loss: 0.69660
2021-09-21 17:00:37.404 | INFO     | __main__:<module>:160 - Loss: 0.69660
2021-09-21 17:00:37.423 | INFO     | __main__:<module>:160 - Loss: 0.69658
2021-09-21 17:00:37.423 | INFO     | __main__:<module>:160 - Loss: 0.69658
2021-09-21 17:00:37.423 | INFO     | __main__:<module>:160 - Loss: 0.69658
2021-09-21 17:00:37.423 | INFO     | __main__:<module>:160 - Loss: 0.69658
2021-09-21 17:00:37.423 | INFO     | __main__:<module>:160 - Loss: 0.69658
2021-09-21 17:00:37.423 | INFO     | __main__:<module>:160 - Loss: 0.69658
2021-09-21 17:00:37.423 | INFO     | __main__:<module>:160 - Loss: 0.69658
2021-09-21 17:00:37.423 | INFO     | __main__:<module>:160 - Loss: 0.69658
2021-09-21 17:00:37.423 | INFO     | __main__:<module>:160 - Loss: 0.69658
2021-09-21 17:00:37.423 | INFO     | __main__:<module>:160 - Loss: 0.69658
2021-09-21 17:00:37.423 | INFO     | __main__:<module>:160 - Loss: 0.69658
2021-09-21 17:00:37.423 | INFO     | __main__:<module>:160 - Loss: 0.69658
2021-09-21 17:00:37.423 | INFO     | __main__:<module>:160 - Loss: 0.69658
2021-09-21 17:00:37.423 | INFO     | __main__:<module>:160 - Loss: 0.69658
2021-09-21 17:00:37.423 | INFO     | __main__:<module>:160 - Loss: 0.69658
2021-09-21 17:00:37.423 | INFO     | __main__:<module>:160 - Loss: 0.69658
2021-09-21 17:00:37.423 | INFO     | __main__:<module>:160 - Loss: 0.69658
2021-09-21 17:00:37.423 | INFO     | __main__:<module>:160 - Loss: 0.69658
2021-09-21 17:00:37.423 | INFO     | __main__:<module>:160 - Loss: 0.69658
2021-09-21 17:00:37.423 | INFO     | __main__:<module>:160 - Loss: 0.69658
2021-09-21 17:00:37.423 | INFO     | __main__:<module>:160 - Loss: 0.69658
2021-09-21 17:00:37.423 | INFO     | __main__:<module>:160 - Loss: 0.69658
2021-09-21 17:00:37.423 | INFO     | __main__:<module>:160 - Loss: 0.69658
2021-09-21 17:00:37.423 | INFO     | __main__:<module>:160 - Loss: 0.69658
2021-09-21 17:00:37.423 | INFO     | __main__:<module>:160 - Loss: 0.69658
2021-09-21 17:00:37.423 | INFO     | __main__:<module>:160 - Loss: 0.69658
2021-09-21 17:00:37.423 | INFO     | __main__:<module>:160 - Loss: 0.69658
2021-09-21 17:00:37.423 | INFO     | __main__:<module>:160 - Loss: 0.69658
2021-09-21 17:00:37.423 | INFO     | __main__:<module>:160 - Loss: 0.69658
2021-09-21 17:00:37.423 | INFO     | __main__:<module>:160 - Loss: 0.69658
2021-09-21 17:00:37.423 | INFO     | __main__:<module>:160 - Loss: 0.69658
2021-09-21 17:00:37.423 | INFO     | __main__:<module>:160 - Loss: 0.69658
2021-09-21 17:00:37.423 | INFO     | __main__:<module>:160 - Loss: 0.69658
2021-09-21 17:00:37.423 | INFO     | __main__:<module>:160 - Loss: 0.69658
2021-09-21 17:00:37.423 | INFO     | __main__:<module>:160 - Loss: 0.69658
2021-09-21 17:00:37.423 | INFO     | __main__:<module>:160 - Loss: 0.69658
2021-09-21 17:00:37.423 | INFO     | __main__:<module>:160 - Loss: 0.69658
2021-09-21 17:00:37.423 | INFO     | __main__:<module>:160 - Loss: 0.69658
2021-09-21 17:00:37.423 | INFO     | __main__:<module>:160 - Loss: 0.69658
2021-09-21 17:00:37.423 | INFO     | __main__:<module>:160 - Loss: 0.69658
2021-09-21 17:00:37.423 | INFO     | __main__:<module>:160 - Loss: 0.69658
2021-09-21 17:00:37.423 | INFO     | __main__:<module>:160 - Loss: 0.69658
2021-09-21 17:00:37.423 | INFO     | __main__:<module>:160 - Loss: 0.69658
2021-09-21 17:00:37.423 | INFO     | __main__:<module>:160 - Loss: 0.69658
2021-09-21 17:00:37.423 | INFO     | __main__:<module>:160 - Loss: 0.69658
2021-09-21 17:00:37.423 | INFO     | __main__:<module>:160 - Loss: 0.69658
2021-09-21 17:00:37.440 | INFO     | __main__:<module>:160 - Loss: 0.69655
2021-09-21 17:00:37.440 | INFO     | __main__:<module>:160 - Loss: 0.69655
2021-09-21 17:00:37.440 | INFO     | __main__:<module>:160 - Loss: 0.69655
2021-09-21 17:00:37.440 | INFO     | __main__:<module>:160 - Loss: 0.69655
2021-09-21 17:00:37.440 | INFO     | __main__:<module>:160 - Loss: 0.69655
2021-09-21 17:00:37.440 | INFO     | __main__:<module>:160 - Loss: 0.69655
2021-09-21 17:00:37.440 | INFO     | __main__:<module>:160 - Loss: 0.69655
2021-09-21 17:00:37.440 | INFO     | __main__:<module>:160 - Loss: 0.69655
2021-09-21 17:00:37.440 | INFO     | __main__:<module>:160 - Loss: 0.69655
2021-09-21 17:00:37.440 | INFO     | __main__:<module>:160 - Loss: 0.69655
2021-09-21 17:00:37.440 | INFO     | __main__:<module>:160 - Loss: 0.69655
2021-09-21 17:00:37.440 | INFO     | __main__:<module>:160 - Loss: 0.69655
2021-09-21 17:00:37.440 | INFO     | __main__:<module>:160 - Loss: 0.69655
2021-09-21 17:00:37.440 | INFO     | __main__:<module>:160 - Loss: 0.69655
2021-09-21 17:00:37.440 | INFO     | __main__:<module>:160 - Loss: 0.69655
2021-09-21 17:00:37.440 | INFO     | __main__:<module>:160 - Loss: 0.69655
2021-09-21 17:00:37.440 | INFO     | __main__:<module>:160 - Loss: 0.69655
2021-09-21 17:00:37.440 | INFO     | __main__:<module>:160 - Loss: 0.69655
2021-09-21 17:00:37.440 | INFO     | __main__:<module>:160 - Loss: 0.69655
2021-09-21 17:00:37.440 | INFO     | __main__:<module>:160 - Loss: 0.69655
2021-09-21 17:00:37.440 | INFO     | __main__:<module>:160 - Loss: 0.69655
2021-09-21 17:00:37.440 | INFO     | __main__:<module>:160 - Loss: 0.69655
2021-09-21 17:00:37.440 | INFO     | __main__:<module>:160 - Loss: 0.69655
2021-09-21 17:00:37.440 | INFO     | __main__:<module>:160 - Loss: 0.69655
2021-09-21 17:00:37.440 | INFO     | __main__:<module>:160 - Loss: 0.69655
2021-09-21 17:00:37.440 | INFO     | __main__:<module>:160 - Loss: 0.69655
2021-09-21 17:00:37.440 | INFO     | __main__:<module>:160 - Loss: 0.69655
2021-09-21 17:00:37.440 | INFO     | __main__:<module>:160 - Loss: 0.69655
2021-09-21 17:00:37.440 | INFO     | __main__:<module>:160 - Loss: 0.69655
2021-09-21 17:00:37.440 | INFO     | __main__:<module>:160 - Loss: 0.69655
2021-09-21 17:00:37.440 | INFO     | __main__:<module>:160 - Loss: 0.69655
2021-09-21 17:00:37.440 | INFO     | __main__:<module>:160 - Loss: 0.69655
2021-09-21 17:00:37.440 | INFO     | __main__:<module>:160 - Loss: 0.69655
2021-09-21 17:00:37.440 | INFO     | __main__:<module>:160 - Loss: 0.69655
2021-09-21 17:00:37.440 | INFO     | __main__:<module>:160 - Loss: 0.69655
2021-09-21 17:00:37.440 | INFO     | __main__:<module>:160 - Loss: 0.69655
2021-09-21 17:00:37.440 | INFO     | __main__:<module>:160 - Loss: 0.69655
2021-09-21 17:00:37.440 | INFO     | __main__:<module>:160 - Loss: 0.69655
2021-09-21 17:00:37.440 | INFO     | __main__:<module>:160 - Loss: 0.69655
2021-09-21 17:00:37.440 | INFO     | __main__:<module>:160 - Loss: 0.69655
2021-09-21 17:00:37.440 | INFO     | __main__:<module>:160 - Loss: 0.69655
2021-09-21 17:00:37.440 | INFO     | __main__:<module>:160 - Loss: 0.69655
2021-09-21 17:00:37.440 | INFO     | __main__:<module>:160 - Loss: 0.69655
2021-09-21 17:00:37.440 | INFO     | __main__:<module>:160 - Loss: 0.69655
2021-09-21 17:00:37.440 | INFO     | __main__:<module>:160 - Loss: 0.69655
2021-09-21 17:00:37.440 | INFO     | __main__:<module>:160 - Loss: 0.69655
2021-09-21 17:00:37.440 | INFO     | __main__:<module>:160 - Loss: 0.69655
2021-09-21 17:00:37.460 | INFO     | __main__:<module>:160 - Loss: 0.69653
2021-09-21 17:00:37.460 | INFO     | __main__:<module>:160 - Loss: 0.69653
2021-09-21 17:00:37.460 | INFO     | __main__:<module>:160 - Loss: 0.69653
2021-09-21 17:00:37.460 | INFO     | __main__:<module>:160 - Loss: 0.69653
2021-09-21 17:00:37.460 | INFO     | __main__:<module>:160 - Loss: 0.69653
2021-09-21 17:00:37.460 | INFO     | __main__:<module>:160 - Loss: 0.69653
2021-09-21 17:00:37.460 | INFO     | __main__:<module>:160 - Loss: 0.69653
2021-09-21 17:00:37.460 | INFO     | __main__:<module>:160 - Loss: 0.69653
2021-09-21 17:00:37.460 | INFO     | __main__:<module>:160 - Loss: 0.69653
2021-09-21 17:00:37.460 | INFO     | __main__:<module>:160 - Loss: 0.69653
2021-09-21 17:00:37.460 | INFO     | __main__:<module>:160 - Loss: 0.69653
2021-09-21 17:00:37.460 | INFO     | __main__:<module>:160 - Loss: 0.69653
2021-09-21 17:00:37.460 | INFO     | __main__:<module>:160 - Loss: 0.69653
2021-09-21 17:00:37.460 | INFO     | __main__:<module>:160 - Loss: 0.69653
2021-09-21 17:00:37.460 | INFO     | __main__:<module>:160 - Loss: 0.69653
2021-09-21 17:00:37.460 | INFO     | __main__:<module>:160 - Loss: 0.69653
2021-09-21 17:00:37.460 | INFO     | __main__:<module>:160 - Loss: 0.69653
2021-09-21 17:00:37.460 | INFO     | __main__:<module>:160 - Loss: 0.69653
2021-09-21 17:00:37.460 | INFO     | __main__:<module>:160 - Loss: 0.69653
2021-09-21 17:00:37.460 | INFO     | __main__:<module>:160 - Loss: 0.69653
2021-09-21 17:00:37.460 | INFO     | __main__:<module>:160 - Loss: 0.69653
2021-09-21 17:00:37.460 | INFO     | __main__:<module>:160 - Loss: 0.69653
2021-09-21 17:00:37.460 | INFO     | __main__:<module>:160 - Loss: 0.69653
2021-09-21 17:00:37.460 | INFO     | __main__:<module>:160 - Loss: 0.69653
2021-09-21 17:00:37.460 | INFO     | __main__:<module>:160 - Loss: 0.69653
2021-09-21 17:00:37.460 | INFO     | __main__:<module>:160 - Loss: 0.69653
2021-09-21 17:00:37.460 | INFO     | __main__:<module>:160 - Loss: 0.69653
2021-09-21 17:00:37.460 | INFO     | __main__:<module>:160 - Loss: 0.69653
2021-09-21 17:00:37.460 | INFO     | __main__:<module>:160 - Loss: 0.69653
2021-09-21 17:00:37.460 | INFO     | __main__:<module>:160 - Loss: 0.69653
2021-09-21 17:00:37.460 | INFO     | __main__:<module>:160 - Loss: 0.69653
2021-09-21 17:00:37.460 | INFO     | __main__:<module>:160 - Loss: 0.69653
2021-09-21 17:00:37.460 | INFO     | __main__:<module>:160 - Loss: 0.69653
2021-09-21 17:00:37.460 | INFO     | __main__:<module>:160 - Loss: 0.69653
2021-09-21 17:00:37.460 | INFO     | __main__:<module>:160 - Loss: 0.69653
2021-09-21 17:00:37.460 | INFO     | __main__:<module>:160 - Loss: 0.69653
2021-09-21 17:00:37.460 | INFO     | __main__:<module>:160 - Loss: 0.69653
2021-09-21 17:00:37.460 | INFO     | __main__:<module>:160 - Loss: 0.69653
2021-09-21 17:00:37.460 | INFO     | __main__:<module>:160 - Loss: 0.69653
2021-09-21 17:00:37.460 | INFO     | __main__:<module>:160 - Loss: 0.69653
2021-09-21 17:00:37.460 | INFO     | __main__:<module>:160 - Loss: 0.69653
2021-09-21 17:00:37.460 | INFO     | __main__:<module>:160 - Loss: 0.69653
2021-09-21 17:00:37.460 | INFO     | __main__:<module>:160 - Loss: 0.69653
2021-09-21 17:00:37.460 | INFO     | __main__:<module>:160 - Loss: 0.69653
2021-09-21 17:00:37.460 | INFO     | __main__:<module>:160 - Loss: 0.69653
2021-09-21 17:00:37.460 | INFO     | __main__:<module>:160 - Loss: 0.69653
2021-09-21 17:00:37.460 | INFO     | __main__:<module>:160 - Loss: 0.69653
2021-09-21 17:00:37.460 | INFO     | __main__:<module>:160 - Loss: 0.69653
2021-09-21 17:00:37.478 | INFO     | __main__:<module>:160 - Loss: 0.69650
2021-09-21 17:00:37.478 | INFO     | __main__:<module>:160 - Loss: 0.69650
2021-09-21 17:00:37.478 | INFO     | __main__:<module>:160 - Loss: 0.69650
2021-09-21 17:00:37.478 | INFO     | __main__:<module>:160 - Loss: 0.69650
2021-09-21 17:00:37.478 | INFO     | __main__:<module>:160 - Loss: 0.69650
2021-09-21 17:00:37.478 | INFO     | __main__:<module>:160 - Loss: 0.69650
2021-09-21 17:00:37.478 | INFO     | __main__:<module>:160 - Loss: 0.69650
2021-09-21 17:00:37.478 | INFO     | __main__:<module>:160 - Loss: 0.69650
2021-09-21 17:00:37.478 | INFO     | __main__:<module>:160 - Loss: 0.69650
2021-09-21 17:00:37.478 | INFO     | __main__:<module>:160 - Loss: 0.69650
2021-09-21 17:00:37.478 | INFO     | __main__:<module>:160 - Loss: 0.69650
2021-09-21 17:00:37.478 | INFO     | __main__:<module>:160 - Loss: 0.69650
2021-09-21 17:00:37.478 | INFO     | __main__:<module>:160 - Loss: 0.69650
2021-09-21 17:00:37.478 | INFO     | __main__:<module>:160 - Loss: 0.69650
2021-09-21 17:00:37.478 | INFO     | __main__:<module>:160 - Loss: 0.69650
2021-09-21 17:00:37.478 | INFO     | __main__:<module>:160 - Loss: 0.69650
2021-09-21 17:00:37.478 | INFO     | __main__:<module>:160 - Loss: 0.69650
2021-09-21 17:00:37.478 | INFO     | __main__:<module>:160 - Loss: 0.69650
2021-09-21 17:00:37.478 | INFO     | __main__:<module>:160 - Loss: 0.69650
2021-09-21 17:00:37.478 | INFO     | __main__:<module>:160 - Loss: 0.69650
2021-09-21 17:00:37.478 | INFO     | __main__:<module>:160 - Loss: 0.69650
2021-09-21 17:00:37.478 | INFO     | __main__:<module>:160 - Loss: 0.69650
2021-09-21 17:00:37.478 | INFO     | __main__:<module>:160 - Loss: 0.69650
2021-09-21 17:00:37.478 | INFO     | __main__:<module>:160 - Loss: 0.69650
2021-09-21 17:00:37.478 | INFO     | __main__:<module>:160 - Loss: 0.69650
2021-09-21 17:00:37.478 | INFO     | __main__:<module>:160 - Loss: 0.69650
2021-09-21 17:00:37.478 | INFO     | __main__:<module>:160 - Loss: 0.69650
2021-09-21 17:00:37.478 | INFO     | __main__:<module>:160 - Loss: 0.69650
2021-09-21 17:00:37.478 | INFO     | __main__:<module>:160 - Loss: 0.69650
2021-09-21 17:00:37.478 | INFO     | __main__:<module>:160 - Loss: 0.69650
2021-09-21 17:00:37.478 | INFO     | __main__:<module>:160 - Loss: 0.69650
2021-09-21 17:00:37.478 | INFO     | __main__:<module>:160 - Loss: 0.69650
2021-09-21 17:00:37.478 | INFO     | __main__:<module>:160 - Loss: 0.69650
2021-09-21 17:00:37.478 | INFO     | __main__:<module>:160 - Loss: 0.69650
2021-09-21 17:00:37.478 | INFO     | __main__:<module>:160 - Loss: 0.69650
2021-09-21 17:00:37.478 | INFO     | __main__:<module>:160 - Loss: 0.69650
2021-09-21 17:00:37.478 | INFO     | __main__:<module>:160 - Loss: 0.69650
2021-09-21 17:00:37.478 | INFO     | __main__:<module>:160 - Loss: 0.69650
2021-09-21 17:00:37.478 | INFO     | __main__:<module>:160 - Loss: 0.69650
2021-09-21 17:00:37.478 | INFO     | __main__:<module>:160 - Loss: 0.69650
2021-09-21 17:00:37.478 | INFO     | __main__:<module>:160 - Loss: 0.69650
2021-09-21 17:00:37.478 | INFO     | __main__:<module>:160 - Loss: 0.69650
2021-09-21 17:00:37.478 | INFO     | __main__:<module>:160 - Loss: 0.69650
2021-09-21 17:00:37.478 | INFO     | __main__:<module>:160 - Loss: 0.69650
2021-09-21 17:00:37.478 | INFO     | __main__:<module>:160 - Loss: 0.69650
2021-09-21 17:00:37.478 | INFO     | __main__:<module>:160 - Loss: 0.69650
2021-09-21 17:00:37.478 | INFO     | __main__:<module>:160 - Loss: 0.69650
2021-09-21 17:00:37.478 | INFO     | __main__:<module>:160 - Loss: 0.69650
2021-09-21 17:00:37.478 | INFO     | __main__:<module>:160 - Loss: 0.69650
2021-09-21 17:00:37.496 | INFO     | __main__:<module>:160 - Loss: 0.69647
2021-09-21 17:00:37.496 | INFO     | __main__:<module>:160 - Loss: 0.69647
2021-09-21 17:00:37.496 | INFO     | __main__:<module>:160 - Loss: 0.69647
2021-09-21 17:00:37.496 | INFO     | __main__:<module>:160 - Loss: 0.69647
2021-09-21 17:00:37.496 | INFO     | __main__:<module>:160 - Loss: 0.69647
2021-09-21 17:00:37.496 | INFO     | __main__:<module>:160 - Loss: 0.69647
2021-09-21 17:00:37.496 | INFO     | __main__:<module>:160 - Loss: 0.69647
2021-09-21 17:00:37.496 | INFO     | __main__:<module>:160 - Loss: 0.69647
2021-09-21 17:00:37.496 | INFO     | __main__:<module>:160 - Loss: 0.69647
2021-09-21 17:00:37.496 | INFO     | __main__:<module>:160 - Loss: 0.69647
2021-09-21 17:00:37.496 | INFO     | __main__:<module>:160 - Loss: 0.69647
2021-09-21 17:00:37.496 | INFO     | __main__:<module>:160 - Loss: 0.69647
2021-09-21 17:00:37.496 | INFO     | __main__:<module>:160 - Loss: 0.69647
2021-09-21 17:00:37.496 | INFO     | __main__:<module>:160 - Loss: 0.69647
2021-09-21 17:00:37.496 | INFO     | __main__:<module>:160 - Loss: 0.69647
2021-09-21 17:00:37.496 | INFO     | __main__:<module>:160 - Loss: 0.69647
2021-09-21 17:00:37.496 | INFO     | __main__:<module>:160 - Loss: 0.69647
2021-09-21 17:00:37.496 | INFO     | __main__:<module>:160 - Loss: 0.69647
2021-09-21 17:00:37.496 | INFO     | __main__:<module>:160 - Loss: 0.69647
2021-09-21 17:00:37.496 | INFO     | __main__:<module>:160 - Loss: 0.69647
2021-09-21 17:00:37.496 | INFO     | __main__:<module>:160 - Loss: 0.69647
2021-09-21 17:00:37.496 | INFO     | __main__:<module>:160 - Loss: 0.69647
2021-09-21 17:00:37.496 | INFO     | __main__:<module>:160 - Loss: 0.69647
2021-09-21 17:00:37.496 | INFO     | __main__:<module>:160 - Loss: 0.69647
2021-09-21 17:00:37.496 | INFO     | __main__:<module>:160 - Loss: 0.69647
2021-09-21 17:00:37.496 | INFO     | __main__:<module>:160 - Loss: 0.69647
2021-09-21 17:00:37.496 | INFO     | __main__:<module>:160 - Loss: 0.69647
2021-09-21 17:00:37.496 | INFO     | __main__:<module>:160 - Loss: 0.69647
2021-09-21 17:00:37.496 | INFO     | __main__:<module>:160 - Loss: 0.69647
2021-09-21 17:00:37.496 | INFO     | __main__:<module>:160 - Loss: 0.69647
2021-09-21 17:00:37.496 | INFO     | __main__:<module>:160 - Loss: 0.69647
2021-09-21 17:00:37.496 | INFO     | __main__:<module>:160 - Loss: 0.69647
2021-09-21 17:00:37.496 | INFO     | __main__:<module>:160 - Loss: 0.69647
2021-09-21 17:00:37.496 | INFO     | __main__:<module>:160 - Loss: 0.69647
2021-09-21 17:00:37.496 | INFO     | __main__:<module>:160 - Loss: 0.69647
2021-09-21 17:00:37.496 | INFO     | __main__:<module>:160 - Loss: 0.69647
2021-09-21 17:00:37.496 | INFO     | __main__:<module>:160 - Loss: 0.69647
2021-09-21 17:00:37.496 | INFO     | __main__:<module>:160 - Loss: 0.69647
2021-09-21 17:00:37.496 | INFO     | __main__:<module>:160 - Loss: 0.69647
2021-09-21 17:00:37.496 | INFO     | __main__:<module>:160 - Loss: 0.69647
2021-09-21 17:00:37.496 | INFO     | __main__:<module>:160 - Loss: 0.69647
2021-09-21 17:00:37.496 | INFO     | __main__:<module>:160 - Loss: 0.69647
2021-09-21 17:00:37.496 | INFO     | __main__:<module>:160 - Loss: 0.69647
2021-09-21 17:00:37.496 | INFO     | __main__:<module>:160 - Loss: 0.69647
2021-09-21 17:00:37.496 | INFO     | __main__:<module>:160 - Loss: 0.69647
2021-09-21 17:00:37.496 | INFO     | __main__:<module>:160 - Loss: 0.69647
2021-09-21 17:00:37.496 | INFO     | __main__:<module>:160 - Loss: 0.69647
2021-09-21 17:00:37.496 | INFO     | __main__:<module>:160 - Loss: 0.69647
2021-09-21 17:00:37.496 | INFO     | __main__:<module>:160 - Loss: 0.69647
2021-09-21 17:00:37.496 | INFO     | __main__:<module>:160 - Loss: 0.69647
2021-09-21 17:00:37.515 | INFO     | __main__:<module>:160 - Loss: 0.69645
2021-09-21 17:00:37.515 | INFO     | __main__:<module>:160 - Loss: 0.69645
2021-09-21 17:00:37.515 | INFO     | __main__:<module>:160 - Loss: 0.69645
2021-09-21 17:00:37.515 | INFO     | __main__:<module>:160 - Loss: 0.69645
2021-09-21 17:00:37.515 | INFO     | __main__:<module>:160 - Loss: 0.69645
2021-09-21 17:00:37.515 | INFO     | __main__:<module>:160 - Loss: 0.69645
2021-09-21 17:00:37.515 | INFO     | __main__:<module>:160 - Loss: 0.69645
2021-09-21 17:00:37.515 | INFO     | __main__:<module>:160 - Loss: 0.69645
2021-09-21 17:00:37.515 | INFO     | __main__:<module>:160 - Loss: 0.69645
2021-09-21 17:00:37.515 | INFO     | __main__:<module>:160 - Loss: 0.69645
2021-09-21 17:00:37.515 | INFO     | __main__:<module>:160 - Loss: 0.69645
2021-09-21 17:00:37.515 | INFO     | __main__:<module>:160 - Loss: 0.69645
2021-09-21 17:00:37.515 | INFO     | __main__:<module>:160 - Loss: 0.69645
2021-09-21 17:00:37.515 | INFO     | __main__:<module>:160 - Loss: 0.69645
2021-09-21 17:00:37.515 | INFO     | __main__:<module>:160 - Loss: 0.69645
2021-09-21 17:00:37.515 | INFO     | __main__:<module>:160 - Loss: 0.69645
2021-09-21 17:00:37.515 | INFO     | __main__:<module>:160 - Loss: 0.69645
2021-09-21 17:00:37.515 | INFO     | __main__:<module>:160 - Loss: 0.69645
2021-09-21 17:00:37.515 | INFO     | __main__:<module>:160 - Loss: 0.69645
2021-09-21 17:00:37.515 | INFO     | __main__:<module>:160 - Loss: 0.69645
2021-09-21 17:00:37.515 | INFO     | __main__:<module>:160 - Loss: 0.69645
2021-09-21 17:00:37.515 | INFO     | __main__:<module>:160 - Loss: 0.69645
2021-09-21 17:00:37.515 | INFO     | __main__:<module>:160 - Loss: 0.69645
2021-09-21 17:00:37.515 | INFO     | __main__:<module>:160 - Loss: 0.69645
2021-09-21 17:00:37.515 | INFO     | __main__:<module>:160 - Loss: 0.69645
2021-09-21 17:00:37.515 | INFO     | __main__:<module>:160 - Loss: 0.69645
2021-09-21 17:00:37.515 | INFO     | __main__:<module>:160 - Loss: 0.69645
2021-09-21 17:00:37.515 | INFO     | __main__:<module>:160 - Loss: 0.69645
2021-09-21 17:00:37.515 | INFO     | __main__:<module>:160 - Loss: 0.69645
2021-09-21 17:00:37.515 | INFO     | __main__:<module>:160 - Loss: 0.69645
2021-09-21 17:00:37.515 | INFO     | __main__:<module>:160 - Loss: 0.69645
2021-09-21 17:00:37.515 | INFO     | __main__:<module>:160 - Loss: 0.69645
2021-09-21 17:00:37.515 | INFO     | __main__:<module>:160 - Loss: 0.69645
2021-09-21 17:00:37.515 | INFO     | __main__:<module>:160 - Loss: 0.69645
2021-09-21 17:00:37.515 | INFO     | __main__:<module>:160 - Loss: 0.69645
2021-09-21 17:00:37.515 | INFO     | __main__:<module>:160 - Loss: 0.69645
2021-09-21 17:00:37.515 | INFO     | __main__:<module>:160 - Loss: 0.69645
2021-09-21 17:00:37.515 | INFO     | __main__:<module>:160 - Loss: 0.69645
2021-09-21 17:00:37.515 | INFO     | __main__:<module>:160 - Loss: 0.69645
2021-09-21 17:00:37.515 | INFO     | __main__:<module>:160 - Loss: 0.69645
2021-09-21 17:00:37.515 | INFO     | __main__:<module>:160 - Loss: 0.69645
2021-09-21 17:00:37.515 | INFO     | __main__:<module>:160 - Loss: 0.69645
2021-09-21 17:00:37.515 | INFO     | __main__:<module>:160 - Loss: 0.69645
2021-09-21 17:00:37.515 | INFO     | __main__:<module>:160 - Loss: 0.69645
2021-09-21 17:00:37.515 | INFO     | __main__:<module>:160 - Loss: 0.69645
2021-09-21 17:00:37.515 | INFO     | __main__:<module>:160 - Loss: 0.69645
2021-09-21 17:00:37.515 | INFO     | __main__:<module>:160 - Loss: 0.69645
2021-09-21 17:00:37.515 | INFO     | __main__:<module>:160 - Loss: 0.69645
2021-09-21 17:00:37.515 | INFO     | __main__:<module>:160 - Loss: 0.69645
2021-09-21 17:00:37.515 | INFO     | __main__:<module>:160 - Loss: 0.69645
2021-09-21 17:00:37.515 | INFO     | __main__:<module>:160 - Loss: 0.69645
2021-09-21 17:00:37.533 | INFO     | __main__:<module>:160 - Loss: 0.69642
2021-09-21 17:00:37.533 | INFO     | __main__:<module>:160 - Loss: 0.69642
2021-09-21 17:00:37.533 | INFO     | __main__:<module>:160 - Loss: 0.69642
2021-09-21 17:00:37.533 | INFO     | __main__:<module>:160 - Loss: 0.69642
2021-09-21 17:00:37.533 | INFO     | __main__:<module>:160 - Loss: 0.69642
2021-09-21 17:00:37.533 | INFO     | __main__:<module>:160 - Loss: 0.69642
2021-09-21 17:00:37.533 | INFO     | __main__:<module>:160 - Loss: 0.69642
2021-09-21 17:00:37.533 | INFO     | __main__:<module>:160 - Loss: 0.69642
2021-09-21 17:00:37.533 | INFO     | __main__:<module>:160 - Loss: 0.69642
2021-09-21 17:00:37.533 | INFO     | __main__:<module>:160 - Loss: 0.69642
2021-09-21 17:00:37.533 | INFO     | __main__:<module>:160 - Loss: 0.69642
2021-09-21 17:00:37.533 | INFO     | __main__:<module>:160 - Loss: 0.69642
2021-09-21 17:00:37.533 | INFO     | __main__:<module>:160 - Loss: 0.69642
2021-09-21 17:00:37.533 | INFO     | __main__:<module>:160 - Loss: 0.69642
2021-09-21 17:00:37.533 | INFO     | __main__:<module>:160 - Loss: 0.69642
2021-09-21 17:00:37.533 | INFO     | __main__:<module>:160 - Loss: 0.69642
2021-09-21 17:00:37.533 | INFO     | __main__:<module>:160 - Loss: 0.69642
2021-09-21 17:00:37.533 | INFO     | __main__:<module>:160 - Loss: 0.69642
2021-09-21 17:00:37.533 | INFO     | __main__:<module>:160 - Loss: 0.69642
2021-09-21 17:00:37.533 | INFO     | __main__:<module>:160 - Loss: 0.69642
2021-09-21 17:00:37.533 | INFO     | __main__:<module>:160 - Loss: 0.69642
2021-09-21 17:00:37.533 | INFO     | __main__:<module>:160 - Loss: 0.69642
2021-09-21 17:00:37.533 | INFO     | __main__:<module>:160 - Loss: 0.69642
2021-09-21 17:00:37.533 | INFO     | __main__:<module>:160 - Loss: 0.69642
2021-09-21 17:00:37.533 | INFO     | __main__:<module>:160 - Loss: 0.69642
2021-09-21 17:00:37.533 | INFO     | __main__:<module>:160 - Loss: 0.69642
2021-09-21 17:00:37.533 | INFO     | __main__:<module>:160 - Loss: 0.69642
2021-09-21 17:00:37.533 | INFO     | __main__:<module>:160 - Loss: 0.69642
2021-09-21 17:00:37.533 | INFO     | __main__:<module>:160 - Loss: 0.69642
2021-09-21 17:00:37.533 | INFO     | __main__:<module>:160 - Loss: 0.69642
2021-09-21 17:00:37.533 | INFO     | __main__:<module>:160 - Loss: 0.69642
2021-09-21 17:00:37.533 | INFO     | __main__:<module>:160 - Loss: 0.69642
2021-09-21 17:00:37.533 | INFO     | __main__:<module>:160 - Loss: 0.69642
2021-09-21 17:00:37.533 | INFO     | __main__:<module>:160 - Loss: 0.69642
2021-09-21 17:00:37.533 | INFO     | __main__:<module>:160 - Loss: 0.69642
2021-09-21 17:00:37.533 | INFO     | __main__:<module>:160 - Loss: 0.69642
2021-09-21 17:00:37.533 | INFO     | __main__:<module>:160 - Loss: 0.69642
2021-09-21 17:00:37.533 | INFO     | __main__:<module>:160 - Loss: 0.69642
2021-09-21 17:00:37.533 | INFO     | __main__:<module>:160 - Loss: 0.69642
2021-09-21 17:00:37.533 | INFO     | __main__:<module>:160 - Loss: 0.69642
2021-09-21 17:00:37.533 | INFO     | __main__:<module>:160 - Loss: 0.69642
2021-09-21 17:00:37.533 | INFO     | __main__:<module>:160 - Loss: 0.69642
2021-09-21 17:00:37.533 | INFO     | __main__:<module>:160 - Loss: 0.69642
2021-09-21 17:00:37.533 | INFO     | __main__:<module>:160 - Loss: 0.69642
2021-09-21 17:00:37.533 | INFO     | __main__:<module>:160 - Loss: 0.69642
2021-09-21 17:00:37.533 | INFO     | __main__:<module>:160 - Loss: 0.69642
2021-09-21 17:00:37.533 | INFO     | __main__:<module>:160 - Loss: 0.69642
2021-09-21 17:00:37.533 | INFO     | __main__:<module>:160 - Loss: 0.69642
2021-09-21 17:00:37.533 | INFO     | __main__:<module>:160 - Loss: 0.69642
2021-09-21 17:00:37.533 | INFO     | __main__:<module>:160 - Loss: 0.69642
2021-09-21 17:00:37.533 | INFO     | __main__:<module>:160 - Loss: 0.69642
2021-09-21 17:00:37.533 | INFO     | __main__:<module>:160 - Loss: 0.69642
2021-09-21 17:00:37.550 | INFO     | __main__:<module>:160 - Loss: 0.69640
2021-09-21 17:00:37.550 | INFO     | __main__:<module>:160 - Loss: 0.69640
2021-09-21 17:00:37.550 | INFO     | __main__:<module>:160 - Loss: 0.69640
2021-09-21 17:00:37.550 | INFO     | __main__:<module>:160 - Loss: 0.69640
2021-09-21 17:00:37.550 | INFO     | __main__:<module>:160 - Loss: 0.69640
2021-09-21 17:00:37.550 | INFO     | __main__:<module>:160 - Loss: 0.69640
2021-09-21 17:00:37.550 | INFO     | __main__:<module>:160 - Loss: 0.69640
2021-09-21 17:00:37.550 | INFO     | __main__:<module>:160 - Loss: 0.69640
2021-09-21 17:00:37.550 | INFO     | __main__:<module>:160 - Loss: 0.69640
2021-09-21 17:00:37.550 | INFO     | __main__:<module>:160 - Loss: 0.69640
2021-09-21 17:00:37.550 | INFO     | __main__:<module>:160 - Loss: 0.69640
2021-09-21 17:00:37.550 | INFO     | __main__:<module>:160 - Loss: 0.69640
2021-09-21 17:00:37.550 | INFO     | __main__:<module>:160 - Loss: 0.69640
2021-09-21 17:00:37.550 | INFO     | __main__:<module>:160 - Loss: 0.69640
2021-09-21 17:00:37.550 | INFO     | __main__:<module>:160 - Loss: 0.69640
2021-09-21 17:00:37.550 | INFO     | __main__:<module>:160 - Loss: 0.69640
2021-09-21 17:00:37.550 | INFO     | __main__:<module>:160 - Loss: 0.69640
2021-09-21 17:00:37.550 | INFO     | __main__:<module>:160 - Loss: 0.69640
2021-09-21 17:00:37.550 | INFO     | __main__:<module>:160 - Loss: 0.69640
2021-09-21 17:00:37.550 | INFO     | __main__:<module>:160 - Loss: 0.69640
2021-09-21 17:00:37.550 | INFO     | __main__:<module>:160 - Loss: 0.69640
2021-09-21 17:00:37.550 | INFO     | __main__:<module>:160 - Loss: 0.69640
2021-09-21 17:00:37.550 | INFO     | __main__:<module>:160 - Loss: 0.69640
2021-09-21 17:00:37.550 | INFO     | __main__:<module>:160 - Loss: 0.69640
2021-09-21 17:00:37.550 | INFO     | __main__:<module>:160 - Loss: 0.69640
2021-09-21 17:00:37.550 | INFO     | __main__:<module>:160 - Loss: 0.69640
2021-09-21 17:00:37.550 | INFO     | __main__:<module>:160 - Loss: 0.69640
2021-09-21 17:00:37.550 | INFO     | __main__:<module>:160 - Loss: 0.69640
2021-09-21 17:00:37.550 | INFO     | __main__:<module>:160 - Loss: 0.69640
2021-09-21 17:00:37.550 | INFO     | __main__:<module>:160 - Loss: 0.69640
2021-09-21 17:00:37.550 | INFO     | __main__:<module>:160 - Loss: 0.69640
2021-09-21 17:00:37.550 | INFO     | __main__:<module>:160 - Loss: 0.69640
2021-09-21 17:00:37.550 | INFO     | __main__:<module>:160 - Loss: 0.69640
2021-09-21 17:00:37.550 | INFO     | __main__:<module>:160 - Loss: 0.69640
2021-09-21 17:00:37.550 | INFO     | __main__:<module>:160 - Loss: 0.69640
2021-09-21 17:00:37.550 | INFO     | __main__:<module>:160 - Loss: 0.69640
2021-09-21 17:00:37.550 | INFO     | __main__:<module>:160 - Loss: 0.69640
2021-09-21 17:00:37.550 | INFO     | __main__:<module>:160 - Loss: 0.69640
2021-09-21 17:00:37.550 | INFO     | __main__:<module>:160 - Loss: 0.69640
2021-09-21 17:00:37.550 | INFO     | __main__:<module>:160 - Loss: 0.69640
2021-09-21 17:00:37.550 | INFO     | __main__:<module>:160 - Loss: 0.69640
2021-09-21 17:00:37.550 | INFO     | __main__:<module>:160 - Loss: 0.69640
2021-09-21 17:00:37.550 | INFO     | __main__:<module>:160 - Loss: 0.69640
2021-09-21 17:00:37.550 | INFO     | __main__:<module>:160 - Loss: 0.69640
2021-09-21 17:00:37.550 | INFO     | __main__:<module>:160 - Loss: 0.69640
2021-09-21 17:00:37.550 | INFO     | __main__:<module>:160 - Loss: 0.69640
2021-09-21 17:00:37.550 | INFO     | __main__:<module>:160 - Loss: 0.69640
2021-09-21 17:00:37.550 | INFO     | __main__:<module>:160 - Loss: 0.69640
2021-09-21 17:00:37.550 | INFO     | __main__:<module>:160 - Loss: 0.69640
2021-09-21 17:00:37.550 | INFO     | __main__:<module>:160 - Loss: 0.69640
2021-09-21 17:00:37.550 | INFO     | __main__:<module>:160 - Loss: 0.69640
2021-09-21 17:00:37.550 | INFO     | __main__:<module>:160 - Loss: 0.69640
2021-09-21 17:00:37.550 | INFO     | __main__:<module>:160 - Loss: 0.69640
2021-09-21 17:00:37.570 | INFO     | __main__:<module>:160 - Loss: 0.69637
2021-09-21 17:00:37.570 | INFO     | __main__:<module>:160 - Loss: 0.69637
2021-09-21 17:00:37.570 | INFO     | __main__:<module>:160 - Loss: 0.69637
2021-09-21 17:00:37.570 | INFO     | __main__:<module>:160 - Loss: 0.69637
2021-09-21 17:00:37.570 | INFO     | __main__:<module>:160 - Loss: 0.69637
2021-09-21 17:00:37.570 | INFO     | __main__:<module>:160 - Loss: 0.69637
2021-09-21 17:00:37.570 | INFO     | __main__:<module>:160 - Loss: 0.69637
2021-09-21 17:00:37.570 | INFO     | __main__:<module>:160 - Loss: 0.69637
2021-09-21 17:00:37.570 | INFO     | __main__:<module>:160 - Loss: 0.69637
2021-09-21 17:00:37.570 | INFO     | __main__:<module>:160 - Loss: 0.69637
2021-09-21 17:00:37.570 | INFO     | __main__:<module>:160 - Loss: 0.69637
2021-09-21 17:00:37.570 | INFO     | __main__:<module>:160 - Loss: 0.69637
2021-09-21 17:00:37.570 | INFO     | __main__:<module>:160 - Loss: 0.69637
2021-09-21 17:00:37.570 | INFO     | __main__:<module>:160 - Loss: 0.69637
2021-09-21 17:00:37.570 | INFO     | __main__:<module>:160 - Loss: 0.69637
2021-09-21 17:00:37.570 | INFO     | __main__:<module>:160 - Loss: 0.69637
2021-09-21 17:00:37.570 | INFO     | __main__:<module>:160 - Loss: 0.69637
2021-09-21 17:00:37.570 | INFO     | __main__:<module>:160 - Loss: 0.69637
2021-09-21 17:00:37.570 | INFO     | __main__:<module>:160 - Loss: 0.69637
2021-09-21 17:00:37.570 | INFO     | __main__:<module>:160 - Loss: 0.69637
2021-09-21 17:00:37.570 | INFO     | __main__:<module>:160 - Loss: 0.69637
2021-09-21 17:00:37.570 | INFO     | __main__:<module>:160 - Loss: 0.69637
2021-09-21 17:00:37.570 | INFO     | __main__:<module>:160 - Loss: 0.69637
2021-09-21 17:00:37.570 | INFO     | __main__:<module>:160 - Loss: 0.69637
2021-09-21 17:00:37.570 | INFO     | __main__:<module>:160 - Loss: 0.69637
2021-09-21 17:00:37.570 | INFO     | __main__:<module>:160 - Loss: 0.69637
2021-09-21 17:00:37.570 | INFO     | __main__:<module>:160 - Loss: 0.69637
2021-09-21 17:00:37.570 | INFO     | __main__:<module>:160 - Loss: 0.69637
2021-09-21 17:00:37.570 | INFO     | __main__:<module>:160 - Loss: 0.69637
2021-09-21 17:00:37.570 | INFO     | __main__:<module>:160 - Loss: 0.69637
2021-09-21 17:00:37.570 | INFO     | __main__:<module>:160 - Loss: 0.69637
2021-09-21 17:00:37.570 | INFO     | __main__:<module>:160 - Loss: 0.69637
2021-09-21 17:00:37.570 | INFO     | __main__:<module>:160 - Loss: 0.69637
2021-09-21 17:00:37.570 | INFO     | __main__:<module>:160 - Loss: 0.69637
2021-09-21 17:00:37.570 | INFO     | __main__:<module>:160 - Loss: 0.69637
2021-09-21 17:00:37.570 | INFO     | __main__:<module>:160 - Loss: 0.69637
2021-09-21 17:00:37.570 | INFO     | __main__:<module>:160 - Loss: 0.69637
2021-09-21 17:00:37.570 | INFO     | __main__:<module>:160 - Loss: 0.69637
2021-09-21 17:00:37.570 | INFO     | __main__:<module>:160 - Loss: 0.69637
2021-09-21 17:00:37.570 | INFO     | __main__:<module>:160 - Loss: 0.69637
2021-09-21 17:00:37.570 | INFO     | __main__:<module>:160 - Loss: 0.69637
2021-09-21 17:00:37.570 | INFO     | __main__:<module>:160 - Loss: 0.69637
2021-09-21 17:00:37.570 | INFO     | __main__:<module>:160 - Loss: 0.69637
2021-09-21 17:00:37.570 | INFO     | __main__:<module>:160 - Loss: 0.69637
2021-09-21 17:00:37.570 | INFO     | __main__:<module>:160 - Loss: 0.69637
2021-09-21 17:00:37.570 | INFO     | __main__:<module>:160 - Loss: 0.69637
2021-09-21 17:00:37.570 | INFO     | __main__:<module>:160 - Loss: 0.69637
2021-09-21 17:00:37.570 | INFO     | __main__:<module>:160 - Loss: 0.69637
2021-09-21 17:00:37.570 | INFO     | __main__:<module>:160 - Loss: 0.69637
2021-09-21 17:00:37.570 | INFO     | __main__:<module>:160 - Loss: 0.69637
2021-09-21 17:00:37.570 | INFO     | __main__:<module>:160 - Loss: 0.69637
2021-09-21 17:00:37.570 | INFO     | __main__:<module>:160 - Loss: 0.69637
2021-09-21 17:00:37.570 | INFO     | __main__:<module>:160 - Loss: 0.69637
2021-09-21 17:00:37.570 | INFO     | __main__:<module>:160 - Loss: 0.69637
2021-09-21 17:00:37.588 | INFO     | __main__:<module>:160 - Loss: 0.69635
2021-09-21 17:00:37.588 | INFO     | __main__:<module>:160 - Loss: 0.69635
2021-09-21 17:00:37.588 | INFO     | __main__:<module>:160 - Loss: 0.69635
2021-09-21 17:00:37.588 | INFO     | __main__:<module>:160 - Loss: 0.69635
2021-09-21 17:00:37.588 | INFO     | __main__:<module>:160 - Loss: 0.69635
2021-09-21 17:00:37.588 | INFO     | __main__:<module>:160 - Loss: 0.69635
2021-09-21 17:00:37.588 | INFO     | __main__:<module>:160 - Loss: 0.69635
2021-09-21 17:00:37.588 | INFO     | __main__:<module>:160 - Loss: 0.69635
2021-09-21 17:00:37.588 | INFO     | __main__:<module>:160 - Loss: 0.69635
2021-09-21 17:00:37.588 | INFO     | __main__:<module>:160 - Loss: 0.69635
2021-09-21 17:00:37.588 | INFO     | __main__:<module>:160 - Loss: 0.69635
2021-09-21 17:00:37.588 | INFO     | __main__:<module>:160 - Loss: 0.69635
2021-09-21 17:00:37.588 | INFO     | __main__:<module>:160 - Loss: 0.69635
2021-09-21 17:00:37.588 | INFO     | __main__:<module>:160 - Loss: 0.69635
2021-09-21 17:00:37.588 | INFO     | __main__:<module>:160 - Loss: 0.69635
2021-09-21 17:00:37.588 | INFO     | __main__:<module>:160 - Loss: 0.69635
2021-09-21 17:00:37.588 | INFO     | __main__:<module>:160 - Loss: 0.69635
2021-09-21 17:00:37.588 | INFO     | __main__:<module>:160 - Loss: 0.69635
2021-09-21 17:00:37.588 | INFO     | __main__:<module>:160 - Loss: 0.69635
2021-09-21 17:00:37.588 | INFO     | __main__:<module>:160 - Loss: 0.69635
2021-09-21 17:00:37.588 | INFO     | __main__:<module>:160 - Loss: 0.69635
2021-09-21 17:00:37.588 | INFO     | __main__:<module>:160 - Loss: 0.69635
2021-09-21 17:00:37.588 | INFO     | __main__:<module>:160 - Loss: 0.69635
2021-09-21 17:00:37.588 | INFO     | __main__:<module>:160 - Loss: 0.69635
2021-09-21 17:00:37.588 | INFO     | __main__:<module>:160 - Loss: 0.69635
2021-09-21 17:00:37.588 | INFO     | __main__:<module>:160 - Loss: 0.69635
2021-09-21 17:00:37.588 | INFO     | __main__:<module>:160 - Loss: 0.69635
2021-09-21 17:00:37.588 | INFO     | __main__:<module>:160 - Loss: 0.69635
2021-09-21 17:00:37.588 | INFO     | __main__:<module>:160 - Loss: 0.69635
2021-09-21 17:00:37.588 | INFO     | __main__:<module>:160 - Loss: 0.69635
2021-09-21 17:00:37.588 | INFO     | __main__:<module>:160 - Loss: 0.69635
2021-09-21 17:00:37.588 | INFO     | __main__:<module>:160 - Loss: 0.69635
2021-09-21 17:00:37.588 | INFO     | __main__:<module>:160 - Loss: 0.69635
2021-09-21 17:00:37.588 | INFO     | __main__:<module>:160 - Loss: 0.69635
2021-09-21 17:00:37.588 | INFO     | __main__:<module>:160 - Loss: 0.69635
2021-09-21 17:00:37.588 | INFO     | __main__:<module>:160 - Loss: 0.69635
2021-09-21 17:00:37.588 | INFO     | __main__:<module>:160 - Loss: 0.69635
2021-09-21 17:00:37.588 | INFO     | __main__:<module>:160 - Loss: 0.69635
2021-09-21 17:00:37.588 | INFO     | __main__:<module>:160 - Loss: 0.69635
2021-09-21 17:00:37.588 | INFO     | __main__:<module>:160 - Loss: 0.69635
2021-09-21 17:00:37.588 | INFO     | __main__:<module>:160 - Loss: 0.69635
2021-09-21 17:00:37.588 | INFO     | __main__:<module>:160 - Loss: 0.69635
2021-09-21 17:00:37.588 | INFO     | __main__:<module>:160 - Loss: 0.69635
2021-09-21 17:00:37.588 | INFO     | __main__:<module>:160 - Loss: 0.69635
2021-09-21 17:00:37.588 | INFO     | __main__:<module>:160 - Loss: 0.69635
2021-09-21 17:00:37.588 | INFO     | __main__:<module>:160 - Loss: 0.69635
2021-09-21 17:00:37.588 | INFO     | __main__:<module>:160 - Loss: 0.69635
2021-09-21 17:00:37.588 | INFO     | __main__:<module>:160 - Loss: 0.69635
2021-09-21 17:00:37.588 | INFO     | __main__:<module>:160 - Loss: 0.69635
2021-09-21 17:00:37.588 | INFO     | __main__:<module>:160 - Loss: 0.69635
2021-09-21 17:00:37.588 | INFO     | __main__:<module>:160 - Loss: 0.69635
2021-09-21 17:00:37.588 | INFO     | __main__:<module>:160 - Loss: 0.69635
2021-09-21 17:00:37.588 | INFO     | __main__:<module>:160 - Loss: 0.69635
2021-09-21 17:00:37.588 | INFO     | __main__:<module>:160 - Loss: 0.69635
2021-09-21 17:00:37.588 | INFO     | __main__:<module>:160 - Loss: 0.69635
2021-09-21 17:00:37.614 | INFO     | __main__:<module>:160 - Loss: 0.69633
2021-09-21 17:00:37.614 | INFO     | __main__:<module>:160 - Loss: 0.69633
2021-09-21 17:00:37.614 | INFO     | __main__:<module>:160 - Loss: 0.69633
2021-09-21 17:00:37.614 | INFO     | __main__:<module>:160 - Loss: 0.69633
2021-09-21 17:00:37.614 | INFO     | __main__:<module>:160 - Loss: 0.69633
2021-09-21 17:00:37.614 | INFO     | __main__:<module>:160 - Loss: 0.69633
2021-09-21 17:00:37.614 | INFO     | __main__:<module>:160 - Loss: 0.69633
2021-09-21 17:00:37.614 | INFO     | __main__:<module>:160 - Loss: 0.69633
2021-09-21 17:00:37.614 | INFO     | __main__:<module>:160 - Loss: 0.69633
2021-09-21 17:00:37.614 | INFO     | __main__:<module>:160 - Loss: 0.69633
2021-09-21 17:00:37.614 | INFO     | __main__:<module>:160 - Loss: 0.69633
2021-09-21 17:00:37.614 | INFO     | __main__:<module>:160 - Loss: 0.69633
2021-09-21 17:00:37.614 | INFO     | __main__:<module>:160 - Loss: 0.69633
2021-09-21 17:00:37.614 | INFO     | __main__:<module>:160 - Loss: 0.69633
2021-09-21 17:00:37.614 | INFO     | __main__:<module>:160 - Loss: 0.69633
2021-09-21 17:00:37.614 | INFO     | __main__:<module>:160 - Loss: 0.69633
2021-09-21 17:00:37.614 | INFO     | __main__:<module>:160 - Loss: 0.69633
2021-09-21 17:00:37.614 | INFO     | __main__:<module>:160 - Loss: 0.69633
2021-09-21 17:00:37.614 | INFO     | __main__:<module>:160 - Loss: 0.69633
2021-09-21 17:00:37.614 | INFO     | __main__:<module>:160 - Loss: 0.69633
2021-09-21 17:00:37.614 | INFO     | __main__:<module>:160 - Loss: 0.69633
2021-09-21 17:00:37.614 | INFO     | __main__:<module>:160 - Loss: 0.69633
2021-09-21 17:00:37.614 | INFO     | __main__:<module>:160 - Loss: 0.69633
2021-09-21 17:00:37.614 | INFO     | __main__:<module>:160 - Loss: 0.69633
2021-09-21 17:00:37.614 | INFO     | __main__:<module>:160 - Loss: 0.69633
2021-09-21 17:00:37.614 | INFO     | __main__:<module>:160 - Loss: 0.69633
2021-09-21 17:00:37.614 | INFO     | __main__:<module>:160 - Loss: 0.69633
2021-09-21 17:00:37.614 | INFO     | __main__:<module>:160 - Loss: 0.69633
2021-09-21 17:00:37.614 | INFO     | __main__:<module>:160 - Loss: 0.69633
2021-09-21 17:00:37.614 | INFO     | __main__:<module>:160 - Loss: 0.69633
2021-09-21 17:00:37.614 | INFO     | __main__:<module>:160 - Loss: 0.69633
2021-09-21 17:00:37.614 | INFO     | __main__:<module>:160 - Loss: 0.69633
2021-09-21 17:00:37.614 | INFO     | __main__:<module>:160 - Loss: 0.69633
2021-09-21 17:00:37.614 | INFO     | __main__:<module>:160 - Loss: 0.69633
2021-09-21 17:00:37.614 | INFO     | __main__:<module>:160 - Loss: 0.69633
2021-09-21 17:00:37.614 | INFO     | __main__:<module>:160 - Loss: 0.69633
2021-09-21 17:00:37.614 | INFO     | __main__:<module>:160 - Loss: 0.69633
2021-09-21 17:00:37.614 | INFO     | __main__:<module>:160 - Loss: 0.69633
2021-09-21 17:00:37.614 | INFO     | __main__:<module>:160 - Loss: 0.69633
2021-09-21 17:00:37.614 | INFO     | __main__:<module>:160 - Loss: 0.69633
2021-09-21 17:00:37.614 | INFO     | __main__:<module>:160 - Loss: 0.69633
2021-09-21 17:00:37.614 | INFO     | __main__:<module>:160 - Loss: 0.69633
2021-09-21 17:00:37.614 | INFO     | __main__:<module>:160 - Loss: 0.69633
2021-09-21 17:00:37.614 | INFO     | __main__:<module>:160 - Loss: 0.69633
2021-09-21 17:00:37.614 | INFO     | __main__:<module>:160 - Loss: 0.69633
2021-09-21 17:00:37.614 | INFO     | __main__:<module>:160 - Loss: 0.69633
2021-09-21 17:00:37.614 | INFO     | __main__:<module>:160 - Loss: 0.69633
2021-09-21 17:00:37.614 | INFO     | __main__:<module>:160 - Loss: 0.69633
2021-09-21 17:00:37.614 | INFO     | __main__:<module>:160 - Loss: 0.69633
2021-09-21 17:00:37.614 | INFO     | __main__:<module>:160 - Loss: 0.69633
2021-09-21 17:00:37.614 | INFO     | __main__:<module>:160 - Loss: 0.69633
2021-09-21 17:00:37.614 | INFO     | __main__:<module>:160 - Loss: 0.69633
2021-09-21 17:00:37.614 | INFO     | __main__:<module>:160 - Loss: 0.69633
2021-09-21 17:00:37.614 | INFO     | __main__:<module>:160 - Loss: 0.69633
2021-09-21 17:00:37.614 | INFO     | __main__:<module>:160 - Loss: 0.69633
2021-09-21 17:00:37.614 | INFO     | __main__:<module>:160 - Loss: 0.69633
2021-09-21 17:00:37.632 | INFO     | __main__:<module>:160 - Loss: 0.69630
2021-09-21 17:00:37.632 | INFO     | __main__:<module>:160 - Loss: 0.69630
2021-09-21 17:00:37.632 | INFO     | __main__:<module>:160 - Loss: 0.69630
2021-09-21 17:00:37.632 | INFO     | __main__:<module>:160 - Loss: 0.69630
2021-09-21 17:00:37.632 | INFO     | __main__:<module>:160 - Loss: 0.69630
2021-09-21 17:00:37.632 | INFO     | __main__:<module>:160 - Loss: 0.69630
2021-09-21 17:00:37.632 | INFO     | __main__:<module>:160 - Loss: 0.69630
2021-09-21 17:00:37.632 | INFO     | __main__:<module>:160 - Loss: 0.69630
2021-09-21 17:00:37.632 | INFO     | __main__:<module>:160 - Loss: 0.69630
2021-09-21 17:00:37.632 | INFO     | __main__:<module>:160 - Loss: 0.69630
2021-09-21 17:00:37.632 | INFO     | __main__:<module>:160 - Loss: 0.69630
2021-09-21 17:00:37.632 | INFO     | __main__:<module>:160 - Loss: 0.69630
2021-09-21 17:00:37.632 | INFO     | __main__:<module>:160 - Loss: 0.69630
2021-09-21 17:00:37.632 | INFO     | __main__:<module>:160 - Loss: 0.69630
2021-09-21 17:00:37.632 | INFO     | __main__:<module>:160 - Loss: 0.69630
2021-09-21 17:00:37.632 | INFO     | __main__:<module>:160 - Loss: 0.69630
2021-09-21 17:00:37.632 | INFO     | __main__:<module>:160 - Loss: 0.69630
2021-09-21 17:00:37.632 | INFO     | __main__:<module>:160 - Loss: 0.69630
2021-09-21 17:00:37.632 | INFO     | __main__:<module>:160 - Loss: 0.69630
2021-09-21 17:00:37.632 | INFO     | __main__:<module>:160 - Loss: 0.69630
2021-09-21 17:00:37.632 | INFO     | __main__:<module>:160 - Loss: 0.69630
2021-09-21 17:00:37.632 | INFO     | __main__:<module>:160 - Loss: 0.69630
2021-09-21 17:00:37.632 | INFO     | __main__:<module>:160 - Loss: 0.69630
2021-09-21 17:00:37.632 | INFO     | __main__:<module>:160 - Loss: 0.69630
2021-09-21 17:00:37.632 | INFO     | __main__:<module>:160 - Loss: 0.69630
2021-09-21 17:00:37.632 | INFO     | __main__:<module>:160 - Loss: 0.69630
2021-09-21 17:00:37.632 | INFO     | __main__:<module>:160 - Loss: 0.69630
2021-09-21 17:00:37.632 | INFO     | __main__:<module>:160 - Loss: 0.69630
2021-09-21 17:00:37.632 | INFO     | __main__:<module>:160 - Loss: 0.69630
2021-09-21 17:00:37.632 | INFO     | __main__:<module>:160 - Loss: 0.69630
2021-09-21 17:00:37.632 | INFO     | __main__:<module>:160 - Loss: 0.69630
2021-09-21 17:00:37.632 | INFO     | __main__:<module>:160 - Loss: 0.69630
2021-09-21 17:00:37.632 | INFO     | __main__:<module>:160 - Loss: 0.69630
2021-09-21 17:00:37.632 | INFO     | __main__:<module>:160 - Loss: 0.69630
2021-09-21 17:00:37.632 | INFO     | __main__:<module>:160 - Loss: 0.69630
2021-09-21 17:00:37.632 | INFO     | __main__:<module>:160 - Loss: 0.69630
2021-09-21 17:00:37.632 | INFO     | __main__:<module>:160 - Loss: 0.69630
2021-09-21 17:00:37.632 | INFO     | __main__:<module>:160 - Loss: 0.69630
2021-09-21 17:00:37.632 | INFO     | __main__:<module>:160 - Loss: 0.69630
2021-09-21 17:00:37.632 | INFO     | __main__:<module>:160 - Loss: 0.69630
2021-09-21 17:00:37.632 | INFO     | __main__:<module>:160 - Loss: 0.69630
2021-09-21 17:00:37.632 | INFO     | __main__:<module>:160 - Loss: 0.69630
2021-09-21 17:00:37.632 | INFO     | __main__:<module>:160 - Loss: 0.69630
2021-09-21 17:00:37.632 | INFO     | __main__:<module>:160 - Loss: 0.69630
2021-09-21 17:00:37.632 | INFO     | __main__:<module>:160 - Loss: 0.69630
2021-09-21 17:00:37.632 | INFO     | __main__:<module>:160 - Loss: 0.69630
2021-09-21 17:00:37.632 | INFO     | __main__:<module>:160 - Loss: 0.69630
2021-09-21 17:00:37.632 | INFO     | __main__:<module>:160 - Loss: 0.69630
2021-09-21 17:00:37.632 | INFO     | __main__:<module>:160 - Loss: 0.69630
2021-09-21 17:00:37.632 | INFO     | __main__:<module>:160 - Loss: 0.69630
2021-09-21 17:00:37.632 | INFO     | __main__:<module>:160 - Loss: 0.69630
2021-09-21 17:00:37.632 | INFO     | __main__:<module>:160 - Loss: 0.69630
2021-09-21 17:00:37.632 | INFO     | __main__:<module>:160 - Loss: 0.69630
2021-09-21 17:00:37.632 | INFO     | __main__:<module>:160 - Loss: 0.69630
2021-09-21 17:00:37.632 | INFO     | __main__:<module>:160 - Loss: 0.69630
2021-09-21 17:00:37.632 | INFO     | __main__:<module>:160 - Loss: 0.69630
2021-09-21 17:00:37.632 | INFO     | __main__:<module>:160 - Loss: 0.69630
2021-09-21 17:00:37.650 | INFO     | __main__:<module>:160 - Loss: 0.69628
2021-09-21 17:00:37.650 | INFO     | __main__:<module>:160 - Loss: 0.69628
2021-09-21 17:00:37.650 | INFO     | __main__:<module>:160 - Loss: 0.69628
2021-09-21 17:00:37.650 | INFO     | __main__:<module>:160 - Loss: 0.69628
2021-09-21 17:00:37.650 | INFO     | __main__:<module>:160 - Loss: 0.69628
2021-09-21 17:00:37.650 | INFO     | __main__:<module>:160 - Loss: 0.69628
2021-09-21 17:00:37.650 | INFO     | __main__:<module>:160 - Loss: 0.69628
2021-09-21 17:00:37.650 | INFO     | __main__:<module>:160 - Loss: 0.69628
2021-09-21 17:00:37.650 | INFO     | __main__:<module>:160 - Loss: 0.69628
2021-09-21 17:00:37.650 | INFO     | __main__:<module>:160 - Loss: 0.69628
2021-09-21 17:00:37.650 | INFO     | __main__:<module>:160 - Loss: 0.69628
2021-09-21 17:00:37.650 | INFO     | __main__:<module>:160 - Loss: 0.69628
2021-09-21 17:00:37.650 | INFO     | __main__:<module>:160 - Loss: 0.69628
2021-09-21 17:00:37.650 | INFO     | __main__:<module>:160 - Loss: 0.69628
2021-09-21 17:00:37.650 | INFO     | __main__:<module>:160 - Loss: 0.69628
2021-09-21 17:00:37.650 | INFO     | __main__:<module>:160 - Loss: 0.69628
2021-09-21 17:00:37.650 | INFO     | __main__:<module>:160 - Loss: 0.69628
2021-09-21 17:00:37.650 | INFO     | __main__:<module>:160 - Loss: 0.69628
2021-09-21 17:00:37.650 | INFO     | __main__:<module>:160 - Loss: 0.69628
2021-09-21 17:00:37.650 | INFO     | __main__:<module>:160 - Loss: 0.69628
2021-09-21 17:00:37.650 | INFO     | __main__:<module>:160 - Loss: 0.69628
2021-09-21 17:00:37.650 | INFO     | __main__:<module>:160 - Loss: 0.69628
2021-09-21 17:00:37.650 | INFO     | __main__:<module>:160 - Loss: 0.69628
2021-09-21 17:00:37.650 | INFO     | __main__:<module>:160 - Loss: 0.69628
2021-09-21 17:00:37.650 | INFO     | __main__:<module>:160 - Loss: 0.69628
2021-09-21 17:00:37.650 | INFO     | __main__:<module>:160 - Loss: 0.69628
2021-09-21 17:00:37.650 | INFO     | __main__:<module>:160 - Loss: 0.69628
2021-09-21 17:00:37.650 | INFO     | __main__:<module>:160 - Loss: 0.69628
2021-09-21 17:00:37.650 | INFO     | __main__:<module>:160 - Loss: 0.69628
2021-09-21 17:00:37.650 | INFO     | __main__:<module>:160 - Loss: 0.69628
2021-09-21 17:00:37.650 | INFO     | __main__:<module>:160 - Loss: 0.69628
2021-09-21 17:00:37.650 | INFO     | __main__:<module>:160 - Loss: 0.69628
2021-09-21 17:00:37.650 | INFO     | __main__:<module>:160 - Loss: 0.69628
2021-09-21 17:00:37.650 | INFO     | __main__:<module>:160 - Loss: 0.69628
2021-09-21 17:00:37.650 | INFO     | __main__:<module>:160 - Loss: 0.69628
2021-09-21 17:00:37.650 | INFO     | __main__:<module>:160 - Loss: 0.69628
2021-09-21 17:00:37.650 | INFO     | __main__:<module>:160 - Loss: 0.69628
2021-09-21 17:00:37.650 | INFO     | __main__:<module>:160 - Loss: 0.69628
2021-09-21 17:00:37.650 | INFO     | __main__:<module>:160 - Loss: 0.69628
2021-09-21 17:00:37.650 | INFO     | __main__:<module>:160 - Loss: 0.69628
2021-09-21 17:00:37.650 | INFO     | __main__:<module>:160 - Loss: 0.69628
2021-09-21 17:00:37.650 | INFO     | __main__:<module>:160 - Loss: 0.69628
2021-09-21 17:00:37.650 | INFO     | __main__:<module>:160 - Loss: 0.69628
2021-09-21 17:00:37.650 | INFO     | __main__:<module>:160 - Loss: 0.69628
2021-09-21 17:00:37.650 | INFO     | __main__:<module>:160 - Loss: 0.69628
2021-09-21 17:00:37.650 | INFO     | __main__:<module>:160 - Loss: 0.69628
2021-09-21 17:00:37.650 | INFO     | __main__:<module>:160 - Loss: 0.69628
2021-09-21 17:00:37.650 | INFO     | __main__:<module>:160 - Loss: 0.69628
2021-09-21 17:00:37.650 | INFO     | __main__:<module>:160 - Loss: 0.69628
2021-09-21 17:00:37.650 | INFO     | __main__:<module>:160 - Loss: 0.69628
2021-09-21 17:00:37.650 | INFO     | __main__:<module>:160 - Loss: 0.69628
2021-09-21 17:00:37.650 | INFO     | __main__:<module>:160 - Loss: 0.69628
2021-09-21 17:00:37.650 | INFO     | __main__:<module>:160 - Loss: 0.69628
2021-09-21 17:00:37.650 | INFO     | __main__:<module>:160 - Loss: 0.69628
2021-09-21 17:00:37.650 | INFO     | __main__:<module>:160 - Loss: 0.69628
2021-09-21 17:00:37.650 | INFO     | __main__:<module>:160 - Loss: 0.69628
2021-09-21 17:00:37.650 | INFO     | __main__:<module>:160 - Loss: 0.69628
2021-09-21 17:00:37.650 | INFO     | __main__:<module>:160 - Loss: 0.69628
2021-09-21 17:00:37.669 | INFO     | __main__:<module>:160 - Loss: 0.69625
2021-09-21 17:00:37.669 | INFO     | __main__:<module>:160 - Loss: 0.69625
2021-09-21 17:00:37.669 | INFO     | __main__:<module>:160 - Loss: 0.69625
2021-09-21 17:00:37.669 | INFO     | __main__:<module>:160 - Loss: 0.69625
2021-09-21 17:00:37.669 | INFO     | __main__:<module>:160 - Loss: 0.69625
2021-09-21 17:00:37.669 | INFO     | __main__:<module>:160 - Loss: 0.69625
2021-09-21 17:00:37.669 | INFO     | __main__:<module>:160 - Loss: 0.69625
2021-09-21 17:00:37.669 | INFO     | __main__:<module>:160 - Loss: 0.69625
2021-09-21 17:00:37.669 | INFO     | __main__:<module>:160 - Loss: 0.69625
2021-09-21 17:00:37.669 | INFO     | __main__:<module>:160 - Loss: 0.69625
2021-09-21 17:00:37.669 | INFO     | __main__:<module>:160 - Loss: 0.69625
2021-09-21 17:00:37.669 | INFO     | __main__:<module>:160 - Loss: 0.69625
2021-09-21 17:00:37.669 | INFO     | __main__:<module>:160 - Loss: 0.69625
2021-09-21 17:00:37.669 | INFO     | __main__:<module>:160 - Loss: 0.69625
2021-09-21 17:00:37.669 | INFO     | __main__:<module>:160 - Loss: 0.69625
2021-09-21 17:00:37.669 | INFO     | __main__:<module>:160 - Loss: 0.69625
2021-09-21 17:00:37.669 | INFO     | __main__:<module>:160 - Loss: 0.69625
2021-09-21 17:00:37.669 | INFO     | __main__:<module>:160 - Loss: 0.69625
2021-09-21 17:00:37.669 | INFO     | __main__:<module>:160 - Loss: 0.69625
2021-09-21 17:00:37.669 | INFO     | __main__:<module>:160 - Loss: 0.69625
2021-09-21 17:00:37.669 | INFO     | __main__:<module>:160 - Loss: 0.69625
2021-09-21 17:00:37.669 | INFO     | __main__:<module>:160 - Loss: 0.69625
2021-09-21 17:00:37.669 | INFO     | __main__:<module>:160 - Loss: 0.69625
2021-09-21 17:00:37.669 | INFO     | __main__:<module>:160 - Loss: 0.69625
2021-09-21 17:00:37.669 | INFO     | __main__:<module>:160 - Loss: 0.69625
2021-09-21 17:00:37.669 | INFO     | __main__:<module>:160 - Loss: 0.69625
2021-09-21 17:00:37.669 | INFO     | __main__:<module>:160 - Loss: 0.69625
2021-09-21 17:00:37.669 | INFO     | __main__:<module>:160 - Loss: 0.69625
2021-09-21 17:00:37.669 | INFO     | __main__:<module>:160 - Loss: 0.69625
2021-09-21 17:00:37.669 | INFO     | __main__:<module>:160 - Loss: 0.69625
2021-09-21 17:00:37.669 | INFO     | __main__:<module>:160 - Loss: 0.69625
2021-09-21 17:00:37.669 | INFO     | __main__:<module>:160 - Loss: 0.69625
2021-09-21 17:00:37.669 | INFO     | __main__:<module>:160 - Loss: 0.69625
2021-09-21 17:00:37.669 | INFO     | __main__:<module>:160 - Loss: 0.69625
2021-09-21 17:00:37.669 | INFO     | __main__:<module>:160 - Loss: 0.69625
2021-09-21 17:00:37.669 | INFO     | __main__:<module>:160 - Loss: 0.69625
2021-09-21 17:00:37.669 | INFO     | __main__:<module>:160 - Loss: 0.69625
2021-09-21 17:00:37.669 | INFO     | __main__:<module>:160 - Loss: 0.69625
2021-09-21 17:00:37.669 | INFO     | __main__:<module>:160 - Loss: 0.69625
2021-09-21 17:00:37.669 | INFO     | __main__:<module>:160 - Loss: 0.69625
2021-09-21 17:00:37.669 | INFO     | __main__:<module>:160 - Loss: 0.69625
2021-09-21 17:00:37.669 | INFO     | __main__:<module>:160 - Loss: 0.69625
2021-09-21 17:00:37.669 | INFO     | __main__:<module>:160 - Loss: 0.69625
2021-09-21 17:00:37.669 | INFO     | __main__:<module>:160 - Loss: 0.69625
2021-09-21 17:00:37.669 | INFO     | __main__:<module>:160 - Loss: 0.69625
2021-09-21 17:00:37.669 | INFO     | __main__:<module>:160 - Loss: 0.69625
2021-09-21 17:00:37.669 | INFO     | __main__:<module>:160 - Loss: 0.69625
2021-09-21 17:00:37.669 | INFO     | __main__:<module>:160 - Loss: 0.69625
2021-09-21 17:00:37.669 | INFO     | __main__:<module>:160 - Loss: 0.69625
2021-09-21 17:00:37.669 | INFO     | __main__:<module>:160 - Loss: 0.69625
2021-09-21 17:00:37.669 | INFO     | __main__:<module>:160 - Loss: 0.69625
2021-09-21 17:00:37.669 | INFO     | __main__:<module>:160 - Loss: 0.69625
2021-09-21 17:00:37.669 | INFO     | __main__:<module>:160 - Loss: 0.69625
2021-09-21 17:00:37.669 | INFO     | __main__:<module>:160 - Loss: 0.69625
2021-09-21 17:00:37.669 | INFO     | __main__:<module>:160 - Loss: 0.69625
2021-09-21 17:00:37.669 | INFO     | __main__:<module>:160 - Loss: 0.69625
2021-09-21 17:00:37.669 | INFO     | __main__:<module>:160 - Loss: 0.69625
2021-09-21 17:00:37.669 | INFO     | __main__:<module>:160 - Loss: 0.69625
2021-09-21 17:00:37.669 | INFO     | __main__:<module>:160 - Loss: 0.69625
2021-09-21 17:00:37.688 | INFO     | __main__:<module>:160 - Loss: 0.69623
2021-09-21 17:00:37.688 | INFO     | __main__:<module>:160 - Loss: 0.69623
2021-09-21 17:00:37.688 | INFO     | __main__:<module>:160 - Loss: 0.69623
2021-09-21 17:00:37.688 | INFO     | __main__:<module>:160 - Loss: 0.69623
2021-09-21 17:00:37.688 | INFO     | __main__:<module>:160 - Loss: 0.69623
2021-09-21 17:00:37.688 | INFO     | __main__:<module>:160 - Loss: 0.69623
2021-09-21 17:00:37.688 | INFO     | __main__:<module>:160 - Loss: 0.69623
2021-09-21 17:00:37.688 | INFO     | __main__:<module>:160 - Loss: 0.69623
2021-09-21 17:00:37.688 | INFO     | __main__:<module>:160 - Loss: 0.69623
2021-09-21 17:00:37.688 | INFO     | __main__:<module>:160 - Loss: 0.69623
2021-09-21 17:00:37.688 | INFO     | __main__:<module>:160 - Loss: 0.69623
2021-09-21 17:00:37.688 | INFO     | __main__:<module>:160 - Loss: 0.69623
2021-09-21 17:00:37.688 | INFO     | __main__:<module>:160 - Loss: 0.69623
2021-09-21 17:00:37.688 | INFO     | __main__:<module>:160 - Loss: 0.69623
2021-09-21 17:00:37.688 | INFO     | __main__:<module>:160 - Loss: 0.69623
2021-09-21 17:00:37.688 | INFO     | __main__:<module>:160 - Loss: 0.69623
2021-09-21 17:00:37.688 | INFO     | __main__:<module>:160 - Loss: 0.69623
2021-09-21 17:00:37.688 | INFO     | __main__:<module>:160 - Loss: 0.69623
2021-09-21 17:00:37.688 | INFO     | __main__:<module>:160 - Loss: 0.69623
2021-09-21 17:00:37.688 | INFO     | __main__:<module>:160 - Loss: 0.69623
2021-09-21 17:00:37.688 | INFO     | __main__:<module>:160 - Loss: 0.69623
2021-09-21 17:00:37.688 | INFO     | __main__:<module>:160 - Loss: 0.69623
2021-09-21 17:00:37.688 | INFO     | __main__:<module>:160 - Loss: 0.69623
2021-09-21 17:00:37.688 | INFO     | __main__:<module>:160 - Loss: 0.69623
2021-09-21 17:00:37.688 | INFO     | __main__:<module>:160 - Loss: 0.69623
2021-09-21 17:00:37.688 | INFO     | __main__:<module>:160 - Loss: 0.69623
2021-09-21 17:00:37.688 | INFO     | __main__:<module>:160 - Loss: 0.69623
2021-09-21 17:00:37.688 | INFO     | __main__:<module>:160 - Loss: 0.69623
2021-09-21 17:00:37.688 | INFO     | __main__:<module>:160 - Loss: 0.69623
2021-09-21 17:00:37.688 | INFO     | __main__:<module>:160 - Loss: 0.69623
2021-09-21 17:00:37.688 | INFO     | __main__:<module>:160 - Loss: 0.69623
2021-09-21 17:00:37.688 | INFO     | __main__:<module>:160 - Loss: 0.69623
2021-09-21 17:00:37.688 | INFO     | __main__:<module>:160 - Loss: 0.69623
2021-09-21 17:00:37.688 | INFO     | __main__:<module>:160 - Loss: 0.69623
2021-09-21 17:00:37.688 | INFO     | __main__:<module>:160 - Loss: 0.69623
2021-09-21 17:00:37.688 | INFO     | __main__:<module>:160 - Loss: 0.69623
2021-09-21 17:00:37.688 | INFO     | __main__:<module>:160 - Loss: 0.69623
2021-09-21 17:00:37.688 | INFO     | __main__:<module>:160 - Loss: 0.69623
2021-09-21 17:00:37.688 | INFO     | __main__:<module>:160 - Loss: 0.69623
2021-09-21 17:00:37.688 | INFO     | __main__:<module>:160 - Loss: 0.69623
2021-09-21 17:00:37.688 | INFO     | __main__:<module>:160 - Loss: 0.69623
2021-09-21 17:00:37.688 | INFO     | __main__:<module>:160 - Loss: 0.69623
2021-09-21 17:00:37.688 | INFO     | __main__:<module>:160 - Loss: 0.69623
2021-09-21 17:00:37.688 | INFO     | __main__:<module>:160 - Loss: 0.69623
2021-09-21 17:00:37.688 | INFO     | __main__:<module>:160 - Loss: 0.69623
2021-09-21 17:00:37.688 | INFO     | __main__:<module>:160 - Loss: 0.69623
2021-09-21 17:00:37.688 | INFO     | __main__:<module>:160 - Loss: 0.69623
2021-09-21 17:00:37.688 | INFO     | __main__:<module>:160 - Loss: 0.69623
2021-09-21 17:00:37.688 | INFO     | __main__:<module>:160 - Loss: 0.69623
2021-09-21 17:00:37.688 | INFO     | __main__:<module>:160 - Loss: 0.69623
2021-09-21 17:00:37.688 | INFO     | __main__:<module>:160 - Loss: 0.69623
2021-09-21 17:00:37.688 | INFO     | __main__:<module>:160 - Loss: 0.69623
2021-09-21 17:00:37.688 | INFO     | __main__:<module>:160 - Loss: 0.69623
2021-09-21 17:00:37.688 | INFO     | __main__:<module>:160 - Loss: 0.69623
2021-09-21 17:00:37.688 | INFO     | __main__:<module>:160 - Loss: 0.69623
2021-09-21 17:00:37.688 | INFO     | __main__:<module>:160 - Loss: 0.69623
2021-09-21 17:00:37.688 | INFO     | __main__:<module>:160 - Loss: 0.69623
2021-09-21 17:00:37.688 | INFO     | __main__:<module>:160 - Loss: 0.69623
2021-09-21 17:00:37.688 | INFO     | __main__:<module>:160 - Loss: 0.69623
2021-09-21 17:00:37.688 | INFO     | __main__:<module>:160 - Loss: 0.69623
2021-09-21 17:00:37.709 | INFO     | __main__:<module>:160 - Loss: 0.69621
2021-09-21 17:00:37.709 | INFO     | __main__:<module>:160 - Loss: 0.69621
2021-09-21 17:00:37.709 | INFO     | __main__:<module>:160 - Loss: 0.69621
2021-09-21 17:00:37.709 | INFO     | __main__:<module>:160 - Loss: 0.69621
2021-09-21 17:00:37.709 | INFO     | __main__:<module>:160 - Loss: 0.69621
2021-09-21 17:00:37.709 | INFO     | __main__:<module>:160 - Loss: 0.69621
2021-09-21 17:00:37.709 | INFO     | __main__:<module>:160 - Loss: 0.69621
2021-09-21 17:00:37.709 | INFO     | __main__:<module>:160 - Loss: 0.69621
2021-09-21 17:00:37.709 | INFO     | __main__:<module>:160 - Loss: 0.69621
2021-09-21 17:00:37.709 | INFO     | __main__:<module>:160 - Loss: 0.69621
2021-09-21 17:00:37.709 | INFO     | __main__:<module>:160 - Loss: 0.69621
2021-09-21 17:00:37.709 | INFO     | __main__:<module>:160 - Loss: 0.69621
2021-09-21 17:00:37.709 | INFO     | __main__:<module>:160 - Loss: 0.69621
2021-09-21 17:00:37.709 | INFO     | __main__:<module>:160 - Loss: 0.69621
2021-09-21 17:00:37.709 | INFO     | __main__:<module>:160 - Loss: 0.69621
2021-09-21 17:00:37.709 | INFO     | __main__:<module>:160 - Loss: 0.69621
2021-09-21 17:00:37.709 | INFO     | __main__:<module>:160 - Loss: 0.69621
2021-09-21 17:00:37.709 | INFO     | __main__:<module>:160 - Loss: 0.69621
2021-09-21 17:00:37.709 | INFO     | __main__:<module>:160 - Loss: 0.69621
2021-09-21 17:00:37.709 | INFO     | __main__:<module>:160 - Loss: 0.69621
2021-09-21 17:00:37.709 | INFO     | __main__:<module>:160 - Loss: 0.69621
2021-09-21 17:00:37.709 | INFO     | __main__:<module>:160 - Loss: 0.69621
2021-09-21 17:00:37.709 | INFO     | __main__:<module>:160 - Loss: 0.69621
2021-09-21 17:00:37.709 | INFO     | __main__:<module>:160 - Loss: 0.69621
2021-09-21 17:00:37.709 | INFO     | __main__:<module>:160 - Loss: 0.69621
2021-09-21 17:00:37.709 | INFO     | __main__:<module>:160 - Loss: 0.69621
2021-09-21 17:00:37.709 | INFO     | __main__:<module>:160 - Loss: 0.69621
2021-09-21 17:00:37.709 | INFO     | __main__:<module>:160 - Loss: 0.69621
2021-09-21 17:00:37.709 | INFO     | __main__:<module>:160 - Loss: 0.69621
2021-09-21 17:00:37.709 | INFO     | __main__:<module>:160 - Loss: 0.69621
2021-09-21 17:00:37.709 | INFO     | __main__:<module>:160 - Loss: 0.69621
2021-09-21 17:00:37.709 | INFO     | __main__:<module>:160 - Loss: 0.69621
2021-09-21 17:00:37.709 | INFO     | __main__:<module>:160 - Loss: 0.69621
2021-09-21 17:00:37.709 | INFO     | __main__:<module>:160 - Loss: 0.69621
2021-09-21 17:00:37.709 | INFO     | __main__:<module>:160 - Loss: 0.69621
2021-09-21 17:00:37.709 | INFO     | __main__:<module>:160 - Loss: 0.69621
2021-09-21 17:00:37.709 | INFO     | __main__:<module>:160 - Loss: 0.69621
2021-09-21 17:00:37.709 | INFO     | __main__:<module>:160 - Loss: 0.69621
2021-09-21 17:00:37.709 | INFO     | __main__:<module>:160 - Loss: 0.69621
2021-09-21 17:00:37.709 | INFO     | __main__:<module>:160 - Loss: 0.69621
2021-09-21 17:00:37.709 | INFO     | __main__:<module>:160 - Loss: 0.69621
2021-09-21 17:00:37.709 | INFO     | __main__:<module>:160 - Loss: 0.69621
2021-09-21 17:00:37.709 | INFO     | __main__:<module>:160 - Loss: 0.69621
2021-09-21 17:00:37.709 | INFO     | __main__:<module>:160 - Loss: 0.69621
2021-09-21 17:00:37.709 | INFO     | __main__:<module>:160 - Loss: 0.69621
2021-09-21 17:00:37.709 | INFO     | __main__:<module>:160 - Loss: 0.69621
2021-09-21 17:00:37.709 | INFO     | __main__:<module>:160 - Loss: 0.69621
2021-09-21 17:00:37.709 | INFO     | __main__:<module>:160 - Loss: 0.69621
2021-09-21 17:00:37.709 | INFO     | __main__:<module>:160 - Loss: 0.69621
2021-09-21 17:00:37.709 | INFO     | __main__:<module>:160 - Loss: 0.69621
2021-09-21 17:00:37.709 | INFO     | __main__:<module>:160 - Loss: 0.69621
2021-09-21 17:00:37.709 | INFO     | __main__:<module>:160 - Loss: 0.69621
2021-09-21 17:00:37.709 | INFO     | __main__:<module>:160 - Loss: 0.69621
2021-09-21 17:00:37.709 | INFO     | __main__:<module>:160 - Loss: 0.69621
2021-09-21 17:00:37.709 | INFO     | __main__:<module>:160 - Loss: 0.69621
2021-09-21 17:00:37.709 | INFO     | __main__:<module>:160 - Loss: 0.69621
2021-09-21 17:00:37.709 | INFO     | __main__:<module>:160 - Loss: 0.69621
2021-09-21 17:00:37.709 | INFO     | __main__:<module>:160 - Loss: 0.69621
2021-09-21 17:00:37.709 | INFO     | __main__:<module>:160 - Loss: 0.69621
2021-09-21 17:00:37.709 | INFO     | __main__:<module>:160 - Loss: 0.69621
2021-09-21 17:00:37.709 | INFO     | __main__:<module>:160 - Loss: 0.69621
2021-09-21 17:00:37.728 | INFO     | __main__:<module>:160 - Loss: 0.69618
2021-09-21 17:00:37.728 | INFO     | __main__:<module>:160 - Loss: 0.69618
2021-09-21 17:00:37.728 | INFO     | __main__:<module>:160 - Loss: 0.69618
2021-09-21 17:00:37.728 | INFO     | __main__:<module>:160 - Loss: 0.69618
2021-09-21 17:00:37.728 | INFO     | __main__:<module>:160 - Loss: 0.69618
2021-09-21 17:00:37.728 | INFO     | __main__:<module>:160 - Loss: 0.69618
2021-09-21 17:00:37.728 | INFO     | __main__:<module>:160 - Loss: 0.69618
2021-09-21 17:00:37.728 | INFO     | __main__:<module>:160 - Loss: 0.69618
2021-09-21 17:00:37.728 | INFO     | __main__:<module>:160 - Loss: 0.69618
2021-09-21 17:00:37.728 | INFO     | __main__:<module>:160 - Loss: 0.69618
2021-09-21 17:00:37.728 | INFO     | __main__:<module>:160 - Loss: 0.69618
2021-09-21 17:00:37.728 | INFO     | __main__:<module>:160 - Loss: 0.69618
2021-09-21 17:00:37.728 | INFO     | __main__:<module>:160 - Loss: 0.69618
2021-09-21 17:00:37.728 | INFO     | __main__:<module>:160 - Loss: 0.69618
2021-09-21 17:00:37.728 | INFO     | __main__:<module>:160 - Loss: 0.69618
2021-09-21 17:00:37.728 | INFO     | __main__:<module>:160 - Loss: 0.69618
2021-09-21 17:00:37.728 | INFO     | __main__:<module>:160 - Loss: 0.69618
2021-09-21 17:00:37.728 | INFO     | __main__:<module>:160 - Loss: 0.69618
2021-09-21 17:00:37.728 | INFO     | __main__:<module>:160 - Loss: 0.69618
2021-09-21 17:00:37.728 | INFO     | __main__:<module>:160 - Loss: 0.69618
2021-09-21 17:00:37.728 | INFO     | __main__:<module>:160 - Loss: 0.69618
2021-09-21 17:00:37.728 | INFO     | __main__:<module>:160 - Loss: 0.69618
2021-09-21 17:00:37.728 | INFO     | __main__:<module>:160 - Loss: 0.69618
2021-09-21 17:00:37.728 | INFO     | __main__:<module>:160 - Loss: 0.69618
2021-09-21 17:00:37.728 | INFO     | __main__:<module>:160 - Loss: 0.69618
2021-09-21 17:00:37.728 | INFO     | __main__:<module>:160 - Loss: 0.69618
2021-09-21 17:00:37.728 | INFO     | __main__:<module>:160 - Loss: 0.69618
2021-09-21 17:00:37.728 | INFO     | __main__:<module>:160 - Loss: 0.69618
2021-09-21 17:00:37.728 | INFO     | __main__:<module>:160 - Loss: 0.69618
2021-09-21 17:00:37.728 | INFO     | __main__:<module>:160 - Loss: 0.69618
2021-09-21 17:00:37.728 | INFO     | __main__:<module>:160 - Loss: 0.69618
2021-09-21 17:00:37.728 | INFO     | __main__:<module>:160 - Loss: 0.69618
2021-09-21 17:00:37.728 | INFO     | __main__:<module>:160 - Loss: 0.69618
2021-09-21 17:00:37.728 | INFO     | __main__:<module>:160 - Loss: 0.69618
2021-09-21 17:00:37.728 | INFO     | __main__:<module>:160 - Loss: 0.69618
2021-09-21 17:00:37.728 | INFO     | __main__:<module>:160 - Loss: 0.69618
2021-09-21 17:00:37.728 | INFO     | __main__:<module>:160 - Loss: 0.69618
2021-09-21 17:00:37.728 | INFO     | __main__:<module>:160 - Loss: 0.69618
2021-09-21 17:00:37.728 | INFO     | __main__:<module>:160 - Loss: 0.69618
2021-09-21 17:00:37.728 | INFO     | __main__:<module>:160 - Loss: 0.69618
2021-09-21 17:00:37.728 | INFO     | __main__:<module>:160 - Loss: 0.69618
2021-09-21 17:00:37.728 | INFO     | __main__:<module>:160 - Loss: 0.69618
2021-09-21 17:00:37.728 | INFO     | __main__:<module>:160 - Loss: 0.69618
2021-09-21 17:00:37.728 | INFO     | __main__:<module>:160 - Loss: 0.69618
2021-09-21 17:00:37.728 | INFO     | __main__:<module>:160 - Loss: 0.69618
2021-09-21 17:00:37.728 | INFO     | __main__:<module>:160 - Loss: 0.69618
2021-09-21 17:00:37.728 | INFO     | __main__:<module>:160 - Loss: 0.69618
2021-09-21 17:00:37.728 | INFO     | __main__:<module>:160 - Loss: 0.69618
2021-09-21 17:00:37.728 | INFO     | __main__:<module>:160 - Loss: 0.69618
2021-09-21 17:00:37.728 | INFO     | __main__:<module>:160 - Loss: 0.69618
2021-09-21 17:00:37.728 | INFO     | __main__:<module>:160 - Loss: 0.69618
2021-09-21 17:00:37.728 | INFO     | __main__:<module>:160 - Loss: 0.69618
2021-09-21 17:00:37.728 | INFO     | __main__:<module>:160 - Loss: 0.69618
2021-09-21 17:00:37.728 | INFO     | __main__:<module>:160 - Loss: 0.69618
2021-09-21 17:00:37.728 | INFO     | __main__:<module>:160 - Loss: 0.69618
2021-09-21 17:00:37.728 | INFO     | __main__:<module>:160 - Loss: 0.69618
2021-09-21 17:00:37.728 | INFO     | __main__:<module>:160 - Loss: 0.69618
2021-09-21 17:00:37.728 | INFO     | __main__:<module>:160 - Loss: 0.69618
2021-09-21 17:00:37.728 | INFO     | __main__:<module>:160 - Loss: 0.69618
2021-09-21 17:00:37.728 | INFO     | __main__:<module>:160 - Loss: 0.69618
2021-09-21 17:00:37.728 | INFO     | __main__:<module>:160 - Loss: 0.69618
2021-09-21 17:00:37.728 | INFO     | __main__:<module>:160 - Loss: 0.69618
2021-09-21 17:00:37.749 | INFO     | __main__:<module>:160 - Loss: 0.69616
2021-09-21 17:00:37.749 | INFO     | __main__:<module>:160 - Loss: 0.69616
2021-09-21 17:00:37.749 | INFO     | __main__:<module>:160 - Loss: 0.69616
2021-09-21 17:00:37.749 | INFO     | __main__:<module>:160 - Loss: 0.69616
2021-09-21 17:00:37.749 | INFO     | __main__:<module>:160 - Loss: 0.69616
2021-09-21 17:00:37.749 | INFO     | __main__:<module>:160 - Loss: 0.69616
2021-09-21 17:00:37.749 | INFO     | __main__:<module>:160 - Loss: 0.69616
2021-09-21 17:00:37.749 | INFO     | __main__:<module>:160 - Loss: 0.69616
2021-09-21 17:00:37.749 | INFO     | __main__:<module>:160 - Loss: 0.69616
2021-09-21 17:00:37.749 | INFO     | __main__:<module>:160 - Loss: 0.69616
2021-09-21 17:00:37.749 | INFO     | __main__:<module>:160 - Loss: 0.69616
2021-09-21 17:00:37.749 | INFO     | __main__:<module>:160 - Loss: 0.69616
2021-09-21 17:00:37.749 | INFO     | __main__:<module>:160 - Loss: 0.69616
2021-09-21 17:00:37.749 | INFO     | __main__:<module>:160 - Loss: 0.69616
2021-09-21 17:00:37.749 | INFO     | __main__:<module>:160 - Loss: 0.69616
2021-09-21 17:00:37.749 | INFO     | __main__:<module>:160 - Loss: 0.69616
2021-09-21 17:00:37.749 | INFO     | __main__:<module>:160 - Loss: 0.69616
2021-09-21 17:00:37.749 | INFO     | __main__:<module>:160 - Loss: 0.69616
2021-09-21 17:00:37.749 | INFO     | __main__:<module>:160 - Loss: 0.69616
2021-09-21 17:00:37.749 | INFO     | __main__:<module>:160 - Loss: 0.69616
2021-09-21 17:00:37.749 | INFO     | __main__:<module>:160 - Loss: 0.69616
2021-09-21 17:00:37.749 | INFO     | __main__:<module>:160 - Loss: 0.69616
2021-09-21 17:00:37.749 | INFO     | __main__:<module>:160 - Loss: 0.69616
2021-09-21 17:00:37.749 | INFO     | __main__:<module>:160 - Loss: 0.69616
2021-09-21 17:00:37.749 | INFO     | __main__:<module>:160 - Loss: 0.69616
2021-09-21 17:00:37.749 | INFO     | __main__:<module>:160 - Loss: 0.69616
2021-09-21 17:00:37.749 | INFO     | __main__:<module>:160 - Loss: 0.69616
2021-09-21 17:00:37.749 | INFO     | __main__:<module>:160 - Loss: 0.69616
2021-09-21 17:00:37.749 | INFO     | __main__:<module>:160 - Loss: 0.69616
2021-09-21 17:00:37.749 | INFO     | __main__:<module>:160 - Loss: 0.69616
2021-09-21 17:00:37.749 | INFO     | __main__:<module>:160 - Loss: 0.69616
2021-09-21 17:00:37.749 | INFO     | __main__:<module>:160 - Loss: 0.69616
2021-09-21 17:00:37.749 | INFO     | __main__:<module>:160 - Loss: 0.69616
2021-09-21 17:00:37.749 | INFO     | __main__:<module>:160 - Loss: 0.69616
2021-09-21 17:00:37.749 | INFO     | __main__:<module>:160 - Loss: 0.69616
2021-09-21 17:00:37.749 | INFO     | __main__:<module>:160 - Loss: 0.69616
2021-09-21 17:00:37.749 | INFO     | __main__:<module>:160 - Loss: 0.69616
2021-09-21 17:00:37.749 | INFO     | __main__:<module>:160 - Loss: 0.69616
2021-09-21 17:00:37.749 | INFO     | __main__:<module>:160 - Loss: 0.69616
2021-09-21 17:00:37.749 | INFO     | __main__:<module>:160 - Loss: 0.69616
2021-09-21 17:00:37.749 | INFO     | __main__:<module>:160 - Loss: 0.69616
2021-09-21 17:00:37.749 | INFO     | __main__:<module>:160 - Loss: 0.69616
2021-09-21 17:00:37.749 | INFO     | __main__:<module>:160 - Loss: 0.69616
2021-09-21 17:00:37.749 | INFO     | __main__:<module>:160 - Loss: 0.69616
2021-09-21 17:00:37.749 | INFO     | __main__:<module>:160 - Loss: 0.69616
2021-09-21 17:00:37.749 | INFO     | __main__:<module>:160 - Loss: 0.69616
2021-09-21 17:00:37.749 | INFO     | __main__:<module>:160 - Loss: 0.69616
2021-09-21 17:00:37.749 | INFO     | __main__:<module>:160 - Loss: 0.69616
2021-09-21 17:00:37.749 | INFO     | __main__:<module>:160 - Loss: 0.69616
2021-09-21 17:00:37.749 | INFO     | __main__:<module>:160 - Loss: 0.69616
2021-09-21 17:00:37.749 | INFO     | __main__:<module>:160 - Loss: 0.69616
2021-09-21 17:00:37.749 | INFO     | __main__:<module>:160 - Loss: 0.69616
2021-09-21 17:00:37.749 | INFO     | __main__:<module>:160 - Loss: 0.69616
2021-09-21 17:00:37.749 | INFO     | __main__:<module>:160 - Loss: 0.69616
2021-09-21 17:00:37.749 | INFO     | __main__:<module>:160 - Loss: 0.69616
2021-09-21 17:00:37.749 | INFO     | __main__:<module>:160 - Loss: 0.69616
2021-09-21 17:00:37.749 | INFO     | __main__:<module>:160 - Loss: 0.69616
2021-09-21 17:00:37.749 | INFO     | __main__:<module>:160 - Loss: 0.69616
2021-09-21 17:00:37.749 | INFO     | __main__:<module>:160 - Loss: 0.69616
2021-09-21 17:00:37.749 | INFO     | __main__:<module>:160 - Loss: 0.69616
2021-09-21 17:00:37.749 | INFO     | __main__:<module>:160 - Loss: 0.69616
2021-09-21 17:00:37.749 | INFO     | __main__:<module>:160 - Loss: 0.69616
2021-09-21 17:00:37.749 | INFO     | __main__:<module>:160 - Loss: 0.69616
2021-09-21 17:00:37.769 | INFO     | __main__:<module>:160 - Loss: 0.69614
2021-09-21 17:00:37.769 | INFO     | __main__:<module>:160 - Loss: 0.69614
2021-09-21 17:00:37.769 | INFO     | __main__:<module>:160 - Loss: 0.69614
2021-09-21 17:00:37.769 | INFO     | __main__:<module>:160 - Loss: 0.69614
2021-09-21 17:00:37.769 | INFO     | __main__:<module>:160 - Loss: 0.69614
2021-09-21 17:00:37.769 | INFO     | __main__:<module>:160 - Loss: 0.69614
2021-09-21 17:00:37.769 | INFO     | __main__:<module>:160 - Loss: 0.69614
2021-09-21 17:00:37.769 | INFO     | __main__:<module>:160 - Loss: 0.69614
2021-09-21 17:00:37.769 | INFO     | __main__:<module>:160 - Loss: 0.69614
2021-09-21 17:00:37.769 | INFO     | __main__:<module>:160 - Loss: 0.69614
2021-09-21 17:00:37.769 | INFO     | __main__:<module>:160 - Loss: 0.69614
2021-09-21 17:00:37.769 | INFO     | __main__:<module>:160 - Loss: 0.69614
2021-09-21 17:00:37.769 | INFO     | __main__:<module>:160 - Loss: 0.69614
2021-09-21 17:00:37.769 | INFO     | __main__:<module>:160 - Loss: 0.69614
2021-09-21 17:00:37.769 | INFO     | __main__:<module>:160 - Loss: 0.69614
2021-09-21 17:00:37.769 | INFO     | __main__:<module>:160 - Loss: 0.69614
2021-09-21 17:00:37.769 | INFO     | __main__:<module>:160 - Loss: 0.69614
2021-09-21 17:00:37.769 | INFO     | __main__:<module>:160 - Loss: 0.69614
2021-09-21 17:00:37.769 | INFO     | __main__:<module>:160 - Loss: 0.69614
2021-09-21 17:00:37.769 | INFO     | __main__:<module>:160 - Loss: 0.69614
2021-09-21 17:00:37.769 | INFO     | __main__:<module>:160 - Loss: 0.69614
2021-09-21 17:00:37.769 | INFO     | __main__:<module>:160 - Loss: 0.69614
2021-09-21 17:00:37.769 | INFO     | __main__:<module>:160 - Loss: 0.69614
2021-09-21 17:00:37.769 | INFO     | __main__:<module>:160 - Loss: 0.69614
2021-09-21 17:00:37.769 | INFO     | __main__:<module>:160 - Loss: 0.69614
2021-09-21 17:00:37.769 | INFO     | __main__:<module>:160 - Loss: 0.69614
2021-09-21 17:00:37.769 | INFO     | __main__:<module>:160 - Loss: 0.69614
2021-09-21 17:00:37.769 | INFO     | __main__:<module>:160 - Loss: 0.69614
2021-09-21 17:00:37.769 | INFO     | __main__:<module>:160 - Loss: 0.69614
2021-09-21 17:00:37.769 | INFO     | __main__:<module>:160 - Loss: 0.69614
2021-09-21 17:00:37.769 | INFO     | __main__:<module>:160 - Loss: 0.69614
2021-09-21 17:00:37.769 | INFO     | __main__:<module>:160 - Loss: 0.69614
2021-09-21 17:00:37.769 | INFO     | __main__:<module>:160 - Loss: 0.69614
2021-09-21 17:00:37.769 | INFO     | __main__:<module>:160 - Loss: 0.69614
2021-09-21 17:00:37.769 | INFO     | __main__:<module>:160 - Loss: 0.69614
2021-09-21 17:00:37.769 | INFO     | __main__:<module>:160 - Loss: 0.69614
2021-09-21 17:00:37.769 | INFO     | __main__:<module>:160 - Loss: 0.69614
2021-09-21 17:00:37.769 | INFO     | __main__:<module>:160 - Loss: 0.69614
2021-09-21 17:00:37.769 | INFO     | __main__:<module>:160 - Loss: 0.69614
2021-09-21 17:00:37.769 | INFO     | __main__:<module>:160 - Loss: 0.69614
2021-09-21 17:00:37.769 | INFO     | __main__:<module>:160 - Loss: 0.69614
2021-09-21 17:00:37.769 | INFO     | __main__:<module>:160 - Loss: 0.69614
2021-09-21 17:00:37.769 | INFO     | __main__:<module>:160 - Loss: 0.69614
2021-09-21 17:00:37.769 | INFO     | __main__:<module>:160 - Loss: 0.69614
2021-09-21 17:00:37.769 | INFO     | __main__:<module>:160 - Loss: 0.69614
2021-09-21 17:00:37.769 | INFO     | __main__:<module>:160 - Loss: 0.69614
2021-09-21 17:00:37.769 | INFO     | __main__:<module>:160 - Loss: 0.69614
2021-09-21 17:00:37.769 | INFO     | __main__:<module>:160 - Loss: 0.69614
2021-09-21 17:00:37.769 | INFO     | __main__:<module>:160 - Loss: 0.69614
2021-09-21 17:00:37.769 | INFO     | __main__:<module>:160 - Loss: 0.69614
2021-09-21 17:00:37.769 | INFO     | __main__:<module>:160 - Loss: 0.69614
2021-09-21 17:00:37.769 | INFO     | __main__:<module>:160 - Loss: 0.69614
2021-09-21 17:00:37.769 | INFO     | __main__:<module>:160 - Loss: 0.69614
2021-09-21 17:00:37.769 | INFO     | __main__:<module>:160 - Loss: 0.69614
2021-09-21 17:00:37.769 | INFO     | __main__:<module>:160 - Loss: 0.69614
2021-09-21 17:00:37.769 | INFO     | __main__:<module>:160 - Loss: 0.69614
2021-09-21 17:00:37.769 | INFO     | __main__:<module>:160 - Loss: 0.69614
2021-09-21 17:00:37.769 | INFO     | __main__:<module>:160 - Loss: 0.69614
2021-09-21 17:00:37.769 | INFO     | __main__:<module>:160 - Loss: 0.69614
2021-09-21 17:00:37.769 | INFO     | __main__:<module>:160 - Loss: 0.69614
2021-09-21 17:00:37.769 | INFO     | __main__:<module>:160 - Loss: 0.69614
2021-09-21 17:00:37.769 | INFO     | __main__:<module>:160 - Loss: 0.69614
2021-09-21 17:00:37.769 | INFO     | __main__:<module>:160 - Loss: 0.69614
2021-09-21 17:00:37.769 | INFO     | __main__:<module>:160 - Loss: 0.69614
2021-09-21 17:00:37.790 | INFO     | __main__:<module>:160 - Loss: 0.69612
2021-09-21 17:00:37.790 | INFO     | __main__:<module>:160 - Loss: 0.69612
2021-09-21 17:00:37.790 | INFO     | __main__:<module>:160 - Loss: 0.69612
2021-09-21 17:00:37.790 | INFO     | __main__:<module>:160 - Loss: 0.69612
2021-09-21 17:00:37.790 | INFO     | __main__:<module>:160 - Loss: 0.69612
2021-09-21 17:00:37.790 | INFO     | __main__:<module>:160 - Loss: 0.69612
2021-09-21 17:00:37.790 | INFO     | __main__:<module>:160 - Loss: 0.69612
2021-09-21 17:00:37.790 | INFO     | __main__:<module>:160 - Loss: 0.69612
2021-09-21 17:00:37.790 | INFO     | __main__:<module>:160 - Loss: 0.69612
2021-09-21 17:00:37.790 | INFO     | __main__:<module>:160 - Loss: 0.69612
2021-09-21 17:00:37.790 | INFO     | __main__:<module>:160 - Loss: 0.69612
2021-09-21 17:00:37.790 | INFO     | __main__:<module>:160 - Loss: 0.69612
2021-09-21 17:00:37.790 | INFO     | __main__:<module>:160 - Loss: 0.69612
2021-09-21 17:00:37.790 | INFO     | __main__:<module>:160 - Loss: 0.69612
2021-09-21 17:00:37.790 | INFO     | __main__:<module>:160 - Loss: 0.69612
2021-09-21 17:00:37.790 | INFO     | __main__:<module>:160 - Loss: 0.69612
2021-09-21 17:00:37.790 | INFO     | __main__:<module>:160 - Loss: 0.69612
2021-09-21 17:00:37.790 | INFO     | __main__:<module>:160 - Loss: 0.69612
2021-09-21 17:00:37.790 | INFO     | __main__:<module>:160 - Loss: 0.69612
2021-09-21 17:00:37.790 | INFO     | __main__:<module>:160 - Loss: 0.69612
2021-09-21 17:00:37.790 | INFO     | __main__:<module>:160 - Loss: 0.69612
2021-09-21 17:00:37.790 | INFO     | __main__:<module>:160 - Loss: 0.69612
2021-09-21 17:00:37.790 | INFO     | __main__:<module>:160 - Loss: 0.69612
2021-09-21 17:00:37.790 | INFO     | __main__:<module>:160 - Loss: 0.69612
2021-09-21 17:00:37.790 | INFO     | __main__:<module>:160 - Loss: 0.69612
2021-09-21 17:00:37.790 | INFO     | __main__:<module>:160 - Loss: 0.69612
2021-09-21 17:00:37.790 | INFO     | __main__:<module>:160 - Loss: 0.69612
2021-09-21 17:00:37.790 | INFO     | __main__:<module>:160 - Loss: 0.69612
2021-09-21 17:00:37.790 | INFO     | __main__:<module>:160 - Loss: 0.69612
2021-09-21 17:00:37.790 | INFO     | __main__:<module>:160 - Loss: 0.69612
2021-09-21 17:00:37.790 | INFO     | __main__:<module>:160 - Loss: 0.69612
2021-09-21 17:00:37.790 | INFO     | __main__:<module>:160 - Loss: 0.69612
2021-09-21 17:00:37.790 | INFO     | __main__:<module>:160 - Loss: 0.69612
2021-09-21 17:00:37.790 | INFO     | __main__:<module>:160 - Loss: 0.69612
2021-09-21 17:00:37.790 | INFO     | __main__:<module>:160 - Loss: 0.69612
2021-09-21 17:00:37.790 | INFO     | __main__:<module>:160 - Loss: 0.69612
2021-09-21 17:00:37.790 | INFO     | __main__:<module>:160 - Loss: 0.69612
2021-09-21 17:00:37.790 | INFO     | __main__:<module>:160 - Loss: 0.69612
2021-09-21 17:00:37.790 | INFO     | __main__:<module>:160 - Loss: 0.69612
2021-09-21 17:00:37.790 | INFO     | __main__:<module>:160 - Loss: 0.69612
2021-09-21 17:00:37.790 | INFO     | __main__:<module>:160 - Loss: 0.69612
2021-09-21 17:00:37.790 | INFO     | __main__:<module>:160 - Loss: 0.69612
2021-09-21 17:00:37.790 | INFO     | __main__:<module>:160 - Loss: 0.69612
2021-09-21 17:00:37.790 | INFO     | __main__:<module>:160 - Loss: 0.69612
2021-09-21 17:00:37.790 | INFO     | __main__:<module>:160 - Loss: 0.69612
2021-09-21 17:00:37.790 | INFO     | __main__:<module>:160 - Loss: 0.69612
2021-09-21 17:00:37.790 | INFO     | __main__:<module>:160 - Loss: 0.69612
2021-09-21 17:00:37.790 | INFO     | __main__:<module>:160 - Loss: 0.69612
2021-09-21 17:00:37.790 | INFO     | __main__:<module>:160 - Loss: 0.69612
2021-09-21 17:00:37.790 | INFO     | __main__:<module>:160 - Loss: 0.69612
2021-09-21 17:00:37.790 | INFO     | __main__:<module>:160 - Loss: 0.69612
2021-09-21 17:00:37.790 | INFO     | __main__:<module>:160 - Loss: 0.69612
2021-09-21 17:00:37.790 | INFO     | __main__:<module>:160 - Loss: 0.69612
2021-09-21 17:00:37.790 | INFO     | __main__:<module>:160 - Loss: 0.69612
2021-09-21 17:00:37.790 | INFO     | __main__:<module>:160 - Loss: 0.69612
2021-09-21 17:00:37.790 | INFO     | __main__:<module>:160 - Loss: 0.69612
2021-09-21 17:00:37.790 | INFO     | __main__:<module>:160 - Loss: 0.69612
2021-09-21 17:00:37.790 | INFO     | __main__:<module>:160 - Loss: 0.69612
2021-09-21 17:00:37.790 | INFO     | __main__:<module>:160 - Loss: 0.69612
2021-09-21 17:00:37.790 | INFO     | __main__:<module>:160 - Loss: 0.69612
2021-09-21 17:00:37.790 | INFO     | __main__:<module>:160 - Loss: 0.69612
2021-09-21 17:00:37.790 | INFO     | __main__:<module>:160 - Loss: 0.69612
2021-09-21 17:00:37.790 | INFO     | __main__:<module>:160 - Loss: 0.69612
2021-09-21 17:00:37.790 | INFO     | __main__:<module>:160 - Loss: 0.69612
2021-09-21 17:00:37.790 | INFO     | __main__:<module>:160 - Loss: 0.69612
2021-09-21 17:00:37.810 | INFO     | __main__:<module>:160 - Loss: 0.69609
2021-09-21 17:00:37.810 | INFO     | __main__:<module>:160 - Loss: 0.69609
2021-09-21 17:00:37.810 | INFO     | __main__:<module>:160 - Loss: 0.69609
2021-09-21 17:00:37.810 | INFO     | __main__:<module>:160 - Loss: 0.69609
2021-09-21 17:00:37.810 | INFO     | __main__:<module>:160 - Loss: 0.69609
2021-09-21 17:00:37.810 | INFO     | __main__:<module>:160 - Loss: 0.69609
2021-09-21 17:00:37.810 | INFO     | __main__:<module>:160 - Loss: 0.69609
2021-09-21 17:00:37.810 | INFO     | __main__:<module>:160 - Loss: 0.69609
2021-09-21 17:00:37.810 | INFO     | __main__:<module>:160 - Loss: 0.69609
2021-09-21 17:00:37.810 | INFO     | __main__:<module>:160 - Loss: 0.69609
2021-09-21 17:00:37.810 | INFO     | __main__:<module>:160 - Loss: 0.69609
2021-09-21 17:00:37.810 | INFO     | __main__:<module>:160 - Loss: 0.69609
2021-09-21 17:00:37.810 | INFO     | __main__:<module>:160 - Loss: 0.69609
2021-09-21 17:00:37.810 | INFO     | __main__:<module>:160 - Loss: 0.69609
2021-09-21 17:00:37.810 | INFO     | __main__:<module>:160 - Loss: 0.69609
2021-09-21 17:00:37.810 | INFO     | __main__:<module>:160 - Loss: 0.69609
2021-09-21 17:00:37.810 | INFO     | __main__:<module>:160 - Loss: 0.69609
2021-09-21 17:00:37.810 | INFO     | __main__:<module>:160 - Loss: 0.69609
2021-09-21 17:00:37.810 | INFO     | __main__:<module>:160 - Loss: 0.69609
2021-09-21 17:00:37.810 | INFO     | __main__:<module>:160 - Loss: 0.69609
2021-09-21 17:00:37.810 | INFO     | __main__:<module>:160 - Loss: 0.69609
2021-09-21 17:00:37.810 | INFO     | __main__:<module>:160 - Loss: 0.69609
2021-09-21 17:00:37.810 | INFO     | __main__:<module>:160 - Loss: 0.69609
2021-09-21 17:00:37.810 | INFO     | __main__:<module>:160 - Loss: 0.69609
2021-09-21 17:00:37.810 | INFO     | __main__:<module>:160 - Loss: 0.69609
2021-09-21 17:00:37.810 | INFO     | __main__:<module>:160 - Loss: 0.69609
2021-09-21 17:00:37.810 | INFO     | __main__:<module>:160 - Loss: 0.69609
2021-09-21 17:00:37.810 | INFO     | __main__:<module>:160 - Loss: 0.69609
2021-09-21 17:00:37.810 | INFO     | __main__:<module>:160 - Loss: 0.69609
2021-09-21 17:00:37.810 | INFO     | __main__:<module>:160 - Loss: 0.69609
2021-09-21 17:00:37.810 | INFO     | __main__:<module>:160 - Loss: 0.69609
2021-09-21 17:00:37.810 | INFO     | __main__:<module>:160 - Loss: 0.69609
2021-09-21 17:00:37.810 | INFO     | __main__:<module>:160 - Loss: 0.69609
2021-09-21 17:00:37.810 | INFO     | __main__:<module>:160 - Loss: 0.69609
2021-09-21 17:00:37.810 | INFO     | __main__:<module>:160 - Loss: 0.69609
2021-09-21 17:00:37.810 | INFO     | __main__:<module>:160 - Loss: 0.69609
2021-09-21 17:00:37.810 | INFO     | __main__:<module>:160 - Loss: 0.69609
2021-09-21 17:00:37.810 | INFO     | __main__:<module>:160 - Loss: 0.69609
2021-09-21 17:00:37.810 | INFO     | __main__:<module>:160 - Loss: 0.69609
2021-09-21 17:00:37.810 | INFO     | __main__:<module>:160 - Loss: 0.69609
2021-09-21 17:00:37.810 | INFO     | __main__:<module>:160 - Loss: 0.69609
2021-09-21 17:00:37.810 | INFO     | __main__:<module>:160 - Loss: 0.69609
2021-09-21 17:00:37.810 | INFO     | __main__:<module>:160 - Loss: 0.69609
2021-09-21 17:00:37.810 | INFO     | __main__:<module>:160 - Loss: 0.69609
2021-09-21 17:00:37.810 | INFO     | __main__:<module>:160 - Loss: 0.69609
2021-09-21 17:00:37.810 | INFO     | __main__:<module>:160 - Loss: 0.69609
2021-09-21 17:00:37.810 | INFO     | __main__:<module>:160 - Loss: 0.69609
2021-09-21 17:00:37.810 | INFO     | __main__:<module>:160 - Loss: 0.69609
2021-09-21 17:00:37.810 | INFO     | __main__:<module>:160 - Loss: 0.69609
2021-09-21 17:00:37.810 | INFO     | __main__:<module>:160 - Loss: 0.69609
2021-09-21 17:00:37.810 | INFO     | __main__:<module>:160 - Loss: 0.69609
2021-09-21 17:00:37.810 | INFO     | __main__:<module>:160 - Loss: 0.69609
2021-09-21 17:00:37.810 | INFO     | __main__:<module>:160 - Loss: 0.69609
2021-09-21 17:00:37.810 | INFO     | __main__:<module>:160 - Loss: 0.69609
2021-09-21 17:00:37.810 | INFO     | __main__:<module>:160 - Loss: 0.69609
2021-09-21 17:00:37.810 | INFO     | __main__:<module>:160 - Loss: 0.69609
2021-09-21 17:00:37.810 | INFO     | __main__:<module>:160 - Loss: 0.69609
2021-09-21 17:00:37.810 | INFO     | __main__:<module>:160 - Loss: 0.69609
2021-09-21 17:00:37.810 | INFO     | __main__:<module>:160 - Loss: 0.69609
2021-09-21 17:00:37.810 | INFO     | __main__:<module>:160 - Loss: 0.69609
2021-09-21 17:00:37.810 | INFO     | __main__:<module>:160 - Loss: 0.69609
2021-09-21 17:00:37.810 | INFO     | __main__:<module>:160 - Loss: 0.69609
2021-09-21 17:00:37.810 | INFO     | __main__:<module>:160 - Loss: 0.69609
2021-09-21 17:00:37.810 | INFO     | __main__:<module>:160 - Loss: 0.69609
2021-09-21 17:00:37.810 | INFO     | __main__:<module>:160 - Loss: 0.69609
2021-09-21 17:00:37.810 | INFO     | __main__:<module>:160 - Loss: 0.69609
2021-09-21 17:00:37.829 | INFO     | __main__:<module>:160 - Loss: 0.69607
2021-09-21 17:00:37.829 | INFO     | __main__:<module>:160 - Loss: 0.69607
2021-09-21 17:00:37.829 | INFO     | __main__:<module>:160 - Loss: 0.69607
2021-09-21 17:00:37.829 | INFO     | __main__:<module>:160 - Loss: 0.69607
2021-09-21 17:00:37.829 | INFO     | __main__:<module>:160 - Loss: 0.69607
2021-09-21 17:00:37.829 | INFO     | __main__:<module>:160 - Loss: 0.69607
2021-09-21 17:00:37.829 | INFO     | __main__:<module>:160 - Loss: 0.69607
2021-09-21 17:00:37.829 | INFO     | __main__:<module>:160 - Loss: 0.69607
2021-09-21 17:00:37.829 | INFO     | __main__:<module>:160 - Loss: 0.69607
2021-09-21 17:00:37.829 | INFO     | __main__:<module>:160 - Loss: 0.69607
2021-09-21 17:00:37.829 | INFO     | __main__:<module>:160 - Loss: 0.69607
2021-09-21 17:00:37.829 | INFO     | __main__:<module>:160 - Loss: 0.69607
2021-09-21 17:00:37.829 | INFO     | __main__:<module>:160 - Loss: 0.69607
2021-09-21 17:00:37.829 | INFO     | __main__:<module>:160 - Loss: 0.69607
2021-09-21 17:00:37.829 | INFO     | __main__:<module>:160 - Loss: 0.69607
2021-09-21 17:00:37.829 | INFO     | __main__:<module>:160 - Loss: 0.69607
2021-09-21 17:00:37.829 | INFO     | __main__:<module>:160 - Loss: 0.69607
2021-09-21 17:00:37.829 | INFO     | __main__:<module>:160 - Loss: 0.69607
2021-09-21 17:00:37.829 | INFO     | __main__:<module>:160 - Loss: 0.69607
2021-09-21 17:00:37.829 | INFO     | __main__:<module>:160 - Loss: 0.69607
2021-09-21 17:00:37.829 | INFO     | __main__:<module>:160 - Loss: 0.69607
2021-09-21 17:00:37.829 | INFO     | __main__:<module>:160 - Loss: 0.69607
2021-09-21 17:00:37.829 | INFO     | __main__:<module>:160 - Loss: 0.69607
2021-09-21 17:00:37.829 | INFO     | __main__:<module>:160 - Loss: 0.69607
2021-09-21 17:00:37.829 | INFO     | __main__:<module>:160 - Loss: 0.69607
2021-09-21 17:00:37.829 | INFO     | __main__:<module>:160 - Loss: 0.69607
2021-09-21 17:00:37.829 | INFO     | __main__:<module>:160 - Loss: 0.69607
2021-09-21 17:00:37.829 | INFO     | __main__:<module>:160 - Loss: 0.69607
2021-09-21 17:00:37.829 | INFO     | __main__:<module>:160 - Loss: 0.69607
2021-09-21 17:00:37.829 | INFO     | __main__:<module>:160 - Loss: 0.69607
2021-09-21 17:00:37.829 | INFO     | __main__:<module>:160 - Loss: 0.69607
2021-09-21 17:00:37.829 | INFO     | __main__:<module>:160 - Loss: 0.69607
2021-09-21 17:00:37.829 | INFO     | __main__:<module>:160 - Loss: 0.69607
2021-09-21 17:00:37.829 | INFO     | __main__:<module>:160 - Loss: 0.69607
2021-09-21 17:00:37.829 | INFO     | __main__:<module>:160 - Loss: 0.69607
2021-09-21 17:00:37.829 | INFO     | __main__:<module>:160 - Loss: 0.69607
2021-09-21 17:00:37.829 | INFO     | __main__:<module>:160 - Loss: 0.69607
2021-09-21 17:00:37.829 | INFO     | __main__:<module>:160 - Loss: 0.69607
2021-09-21 17:00:37.829 | INFO     | __main__:<module>:160 - Loss: 0.69607
2021-09-21 17:00:37.829 | INFO     | __main__:<module>:160 - Loss: 0.69607
2021-09-21 17:00:37.829 | INFO     | __main__:<module>:160 - Loss: 0.69607
2021-09-21 17:00:37.829 | INFO     | __main__:<module>:160 - Loss: 0.69607
2021-09-21 17:00:37.829 | INFO     | __main__:<module>:160 - Loss: 0.69607
2021-09-21 17:00:37.829 | INFO     | __main__:<module>:160 - Loss: 0.69607
2021-09-21 17:00:37.829 | INFO     | __main__:<module>:160 - Loss: 0.69607
2021-09-21 17:00:37.829 | INFO     | __main__:<module>:160 - Loss: 0.69607
2021-09-21 17:00:37.829 | INFO     | __main__:<module>:160 - Loss: 0.69607
2021-09-21 17:00:37.829 | INFO     | __main__:<module>:160 - Loss: 0.69607
2021-09-21 17:00:37.829 | INFO     | __main__:<module>:160 - Loss: 0.69607
2021-09-21 17:00:37.829 | INFO     | __main__:<module>:160 - Loss: 0.69607
2021-09-21 17:00:37.829 | INFO     | __main__:<module>:160 - Loss: 0.69607
2021-09-21 17:00:37.829 | INFO     | __main__:<module>:160 - Loss: 0.69607
2021-09-21 17:00:37.829 | INFO     | __main__:<module>:160 - Loss: 0.69607
2021-09-21 17:00:37.829 | INFO     | __main__:<module>:160 - Loss: 0.69607
2021-09-21 17:00:37.829 | INFO     | __main__:<module>:160 - Loss: 0.69607
2021-09-21 17:00:37.829 | INFO     | __main__:<module>:160 - Loss: 0.69607
2021-09-21 17:00:37.829 | INFO     | __main__:<module>:160 - Loss: 0.69607
2021-09-21 17:00:37.829 | INFO     | __main__:<module>:160 - Loss: 0.69607
2021-09-21 17:00:37.829 | INFO     | __main__:<module>:160 - Loss: 0.69607
2021-09-21 17:00:37.829 | INFO     | __main__:<module>:160 - Loss: 0.69607
2021-09-21 17:00:37.829 | INFO     | __main__:<module>:160 - Loss: 0.69607
2021-09-21 17:00:37.829 | INFO     | __main__:<module>:160 - Loss: 0.69607
2021-09-21 17:00:37.829 | INFO     | __main__:<module>:160 - Loss: 0.69607
2021-09-21 17:00:37.829 | INFO     | __main__:<module>:160 - Loss: 0.69607
2021-09-21 17:00:37.829 | INFO     | __main__:<module>:160 - Loss: 0.69607
2021-09-21 17:00:37.829 | INFO     | __main__:<module>:160 - Loss: 0.69607
2021-09-21 17:00:37.829 | INFO     | __main__:<module>:160 - Loss: 0.69607
2021-09-21 17:00:37.848 | INFO     | __main__:<module>:160 - Loss: 0.69605
2021-09-21 17:00:37.848 | INFO     | __main__:<module>:160 - Loss: 0.69605
2021-09-21 17:00:37.848 | INFO     | __main__:<module>:160 - Loss: 0.69605
2021-09-21 17:00:37.848 | INFO     | __main__:<module>:160 - Loss: 0.69605
2021-09-21 17:00:37.848 | INFO     | __main__:<module>:160 - Loss: 0.69605
2021-09-21 17:00:37.848 | INFO     | __main__:<module>:160 - Loss: 0.69605
2021-09-21 17:00:37.848 | INFO     | __main__:<module>:160 - Loss: 0.69605
2021-09-21 17:00:37.848 | INFO     | __main__:<module>:160 - Loss: 0.69605
2021-09-21 17:00:37.848 | INFO     | __main__:<module>:160 - Loss: 0.69605
2021-09-21 17:00:37.848 | INFO     | __main__:<module>:160 - Loss: 0.69605
2021-09-21 17:00:37.848 | INFO     | __main__:<module>:160 - Loss: 0.69605
2021-09-21 17:00:37.848 | INFO     | __main__:<module>:160 - Loss: 0.69605
2021-09-21 17:00:37.848 | INFO     | __main__:<module>:160 - Loss: 0.69605
2021-09-21 17:00:37.848 | INFO     | __main__:<module>:160 - Loss: 0.69605
2021-09-21 17:00:37.848 | INFO     | __main__:<module>:160 - Loss: 0.69605
2021-09-21 17:00:37.848 | INFO     | __main__:<module>:160 - Loss: 0.69605
2021-09-21 17:00:37.848 | INFO     | __main__:<module>:160 - Loss: 0.69605
2021-09-21 17:00:37.848 | INFO     | __main__:<module>:160 - Loss: 0.69605
2021-09-21 17:00:37.848 | INFO     | __main__:<module>:160 - Loss: 0.69605
2021-09-21 17:00:37.848 | INFO     | __main__:<module>:160 - Loss: 0.69605
2021-09-21 17:00:37.848 | INFO     | __main__:<module>:160 - Loss: 0.69605
2021-09-21 17:00:37.848 | INFO     | __main__:<module>:160 - Loss: 0.69605
2021-09-21 17:00:37.848 | INFO     | __main__:<module>:160 - Loss: 0.69605
2021-09-21 17:00:37.848 | INFO     | __main__:<module>:160 - Loss: 0.69605
2021-09-21 17:00:37.848 | INFO     | __main__:<module>:160 - Loss: 0.69605
2021-09-21 17:00:37.848 | INFO     | __main__:<module>:160 - Loss: 0.69605
2021-09-21 17:00:37.848 | INFO     | __main__:<module>:160 - Loss: 0.69605
2021-09-21 17:00:37.848 | INFO     | __main__:<module>:160 - Loss: 0.69605
2021-09-21 17:00:37.848 | INFO     | __main__:<module>:160 - Loss: 0.69605
2021-09-21 17:00:37.848 | INFO     | __main__:<module>:160 - Loss: 0.69605
2021-09-21 17:00:37.848 | INFO     | __main__:<module>:160 - Loss: 0.69605
2021-09-21 17:00:37.848 | INFO     | __main__:<module>:160 - Loss: 0.69605
2021-09-21 17:00:37.848 | INFO     | __main__:<module>:160 - Loss: 0.69605
2021-09-21 17:00:37.848 | INFO     | __main__:<module>:160 - Loss: 0.69605
2021-09-21 17:00:37.848 | INFO     | __main__:<module>:160 - Loss: 0.69605
2021-09-21 17:00:37.848 | INFO     | __main__:<module>:160 - Loss: 0.69605
2021-09-21 17:00:37.848 | INFO     | __main__:<module>:160 - Loss: 0.69605
2021-09-21 17:00:37.848 | INFO     | __main__:<module>:160 - Loss: 0.69605
2021-09-21 17:00:37.848 | INFO     | __main__:<module>:160 - Loss: 0.69605
2021-09-21 17:00:37.848 | INFO     | __main__:<module>:160 - Loss: 0.69605
2021-09-21 17:00:37.848 | INFO     | __main__:<module>:160 - Loss: 0.69605
2021-09-21 17:00:37.848 | INFO     | __main__:<module>:160 - Loss: 0.69605
2021-09-21 17:00:37.848 | INFO     | __main__:<module>:160 - Loss: 0.69605
2021-09-21 17:00:37.848 | INFO     | __main__:<module>:160 - Loss: 0.69605
2021-09-21 17:00:37.848 | INFO     | __main__:<module>:160 - Loss: 0.69605
2021-09-21 17:00:37.848 | INFO     | __main__:<module>:160 - Loss: 0.69605
2021-09-21 17:00:37.848 | INFO     | __main__:<module>:160 - Loss: 0.69605
2021-09-21 17:00:37.848 | INFO     | __main__:<module>:160 - Loss: 0.69605
2021-09-21 17:00:37.848 | INFO     | __main__:<module>:160 - Loss: 0.69605
2021-09-21 17:00:37.848 | INFO     | __main__:<module>:160 - Loss: 0.69605
2021-09-21 17:00:37.848 | INFO     | __main__:<module>:160 - Loss: 0.69605
2021-09-21 17:00:37.848 | INFO     | __main__:<module>:160 - Loss: 0.69605
2021-09-21 17:00:37.848 | INFO     | __main__:<module>:160 - Loss: 0.69605
2021-09-21 17:00:37.848 | INFO     | __main__:<module>:160 - Loss: 0.69605
2021-09-21 17:00:37.848 | INFO     | __main__:<module>:160 - Loss: 0.69605
2021-09-21 17:00:37.848 | INFO     | __main__:<module>:160 - Loss: 0.69605
2021-09-21 17:00:37.848 | INFO     | __main__:<module>:160 - Loss: 0.69605
2021-09-21 17:00:37.848 | INFO     | __main__:<module>:160 - Loss: 0.69605
2021-09-21 17:00:37.848 | INFO     | __main__:<module>:160 - Loss: 0.69605
2021-09-21 17:00:37.848 | INFO     | __main__:<module>:160 - Loss: 0.69605
2021-09-21 17:00:37.848 | INFO     | __main__:<module>:160 - Loss: 0.69605
2021-09-21 17:00:37.848 | INFO     | __main__:<module>:160 - Loss: 0.69605
2021-09-21 17:00:37.848 | INFO     | __main__:<module>:160 - Loss: 0.69605
2021-09-21 17:00:37.848 | INFO     | __main__:<module>:160 - Loss: 0.69605
2021-09-21 17:00:37.848 | INFO     | __main__:<module>:160 - Loss: 0.69605
2021-09-21 17:00:37.848 | INFO     | __main__:<module>:160 - Loss: 0.69605
2021-09-21 17:00:37.848 | INFO     | __main__:<module>:160 - Loss: 0.69605
2021-09-21 17:00:37.848 | INFO     | __main__:<module>:160 - Loss: 0.69605
2021-09-21 17:00:37.867 | INFO     | __main__:<module>:160 - Loss: 0.69602
2021-09-21 17:00:37.867 | INFO     | __main__:<module>:160 - Loss: 0.69602
2021-09-21 17:00:37.867 | INFO     | __main__:<module>:160 - Loss: 0.69602
2021-09-21 17:00:37.867 | INFO     | __main__:<module>:160 - Loss: 0.69602
2021-09-21 17:00:37.867 | INFO     | __main__:<module>:160 - Loss: 0.69602
2021-09-21 17:00:37.867 | INFO     | __main__:<module>:160 - Loss: 0.69602
2021-09-21 17:00:37.867 | INFO     | __main__:<module>:160 - Loss: 0.69602
2021-09-21 17:00:37.867 | INFO     | __main__:<module>:160 - Loss: 0.69602
2021-09-21 17:00:37.867 | INFO     | __main__:<module>:160 - Loss: 0.69602
2021-09-21 17:00:37.867 | INFO     | __main__:<module>:160 - Loss: 0.69602
2021-09-21 17:00:37.867 | INFO     | __main__:<module>:160 - Loss: 0.69602
2021-09-21 17:00:37.867 | INFO     | __main__:<module>:160 - Loss: 0.69602
2021-09-21 17:00:37.867 | INFO     | __main__:<module>:160 - Loss: 0.69602
2021-09-21 17:00:37.867 | INFO     | __main__:<module>:160 - Loss: 0.69602
2021-09-21 17:00:37.867 | INFO     | __main__:<module>:160 - Loss: 0.69602
2021-09-21 17:00:37.867 | INFO     | __main__:<module>:160 - Loss: 0.69602
2021-09-21 17:00:37.867 | INFO     | __main__:<module>:160 - Loss: 0.69602
2021-09-21 17:00:37.867 | INFO     | __main__:<module>:160 - Loss: 0.69602
2021-09-21 17:00:37.867 | INFO     | __main__:<module>:160 - Loss: 0.69602
2021-09-21 17:00:37.867 | INFO     | __main__:<module>:160 - Loss: 0.69602
2021-09-21 17:00:37.867 | INFO     | __main__:<module>:160 - Loss: 0.69602
2021-09-21 17:00:37.867 | INFO     | __main__:<module>:160 - Loss: 0.69602
2021-09-21 17:00:37.867 | INFO     | __main__:<module>:160 - Loss: 0.69602
2021-09-21 17:00:37.867 | INFO     | __main__:<module>:160 - Loss: 0.69602
2021-09-21 17:00:37.867 | INFO     | __main__:<module>:160 - Loss: 0.69602
2021-09-21 17:00:37.867 | INFO     | __main__:<module>:160 - Loss: 0.69602
2021-09-21 17:00:37.867 | INFO     | __main__:<module>:160 - Loss: 0.69602
2021-09-21 17:00:37.867 | INFO     | __main__:<module>:160 - Loss: 0.69602
2021-09-21 17:00:37.867 | INFO     | __main__:<module>:160 - Loss: 0.69602
2021-09-21 17:00:37.867 | INFO     | __main__:<module>:160 - Loss: 0.69602
2021-09-21 17:00:37.867 | INFO     | __main__:<module>:160 - Loss: 0.69602
2021-09-21 17:00:37.867 | INFO     | __main__:<module>:160 - Loss: 0.69602
2021-09-21 17:00:37.867 | INFO     | __main__:<module>:160 - Loss: 0.69602
2021-09-21 17:00:37.867 | INFO     | __main__:<module>:160 - Loss: 0.69602
2021-09-21 17:00:37.867 | INFO     | __main__:<module>:160 - Loss: 0.69602
2021-09-21 17:00:37.867 | INFO     | __main__:<module>:160 - Loss: 0.69602
2021-09-21 17:00:37.867 | INFO     | __main__:<module>:160 - Loss: 0.69602
2021-09-21 17:00:37.867 | INFO     | __main__:<module>:160 - Loss: 0.69602
2021-09-21 17:00:37.867 | INFO     | __main__:<module>:160 - Loss: 0.69602
2021-09-21 17:00:37.867 | INFO     | __main__:<module>:160 - Loss: 0.69602
2021-09-21 17:00:37.867 | INFO     | __main__:<module>:160 - Loss: 0.69602
2021-09-21 17:00:37.867 | INFO     | __main__:<module>:160 - Loss: 0.69602
2021-09-21 17:00:37.867 | INFO     | __main__:<module>:160 - Loss: 0.69602
2021-09-21 17:00:37.867 | INFO     | __main__:<module>:160 - Loss: 0.69602
2021-09-21 17:00:37.867 | INFO     | __main__:<module>:160 - Loss: 0.69602
2021-09-21 17:00:37.867 | INFO     | __main__:<module>:160 - Loss: 0.69602
2021-09-21 17:00:37.867 | INFO     | __main__:<module>:160 - Loss: 0.69602
2021-09-21 17:00:37.867 | INFO     | __main__:<module>:160 - Loss: 0.69602
2021-09-21 17:00:37.867 | INFO     | __main__:<module>:160 - Loss: 0.69602
2021-09-21 17:00:37.867 | INFO     | __main__:<module>:160 - Loss: 0.69602
2021-09-21 17:00:37.867 | INFO     | __main__:<module>:160 - Loss: 0.69602
2021-09-21 17:00:37.867 | INFO     | __main__:<module>:160 - Loss: 0.69602
2021-09-21 17:00:37.867 | INFO     | __main__:<module>:160 - Loss: 0.69602
2021-09-21 17:00:37.867 | INFO     | __main__:<module>:160 - Loss: 0.69602
2021-09-21 17:00:37.867 | INFO     | __main__:<module>:160 - Loss: 0.69602
2021-09-21 17:00:37.867 | INFO     | __main__:<module>:160 - Loss: 0.69602
2021-09-21 17:00:37.867 | INFO     | __main__:<module>:160 - Loss: 0.69602
2021-09-21 17:00:37.867 | INFO     | __main__:<module>:160 - Loss: 0.69602
2021-09-21 17:00:37.867 | INFO     | __main__:<module>:160 - Loss: 0.69602
2021-09-21 17:00:37.867 | INFO     | __main__:<module>:160 - Loss: 0.69602
2021-09-21 17:00:37.867 | INFO     | __main__:<module>:160 - Loss: 0.69602
2021-09-21 17:00:37.867 | INFO     | __main__:<module>:160 - Loss: 0.69602
2021-09-21 17:00:37.867 | INFO     | __main__:<module>:160 - Loss: 0.69602
2021-09-21 17:00:37.867 | INFO     | __main__:<module>:160 - Loss: 0.69602
2021-09-21 17:00:37.867 | INFO     | __main__:<module>:160 - Loss: 0.69602
2021-09-21 17:00:37.867 | INFO     | __main__:<module>:160 - Loss: 0.69602
2021-09-21 17:00:37.867 | INFO     | __main__:<module>:160 - Loss: 0.69602
2021-09-21 17:00:37.867 | INFO     | __main__:<module>:160 - Loss: 0.69602
2021-09-21 17:00:37.867 | INFO     | __main__:<module>:160 - Loss: 0.69602
2021-09-21 17:00:37.893 | INFO     | __main__:<module>:160 - Loss: 0.69600
2021-09-21 17:00:37.893 | INFO     | __main__:<module>:160 - Loss: 0.69600
2021-09-21 17:00:37.893 | INFO     | __main__:<module>:160 - Loss: 0.69600
2021-09-21 17:00:37.893 | INFO     | __main__:<module>:160 - Loss: 0.69600
2021-09-21 17:00:37.893 | INFO     | __main__:<module>:160 - Loss: 0.69600
2021-09-21 17:00:37.893 | INFO     | __main__:<module>:160 - Loss: 0.69600
2021-09-21 17:00:37.893 | INFO     | __main__:<module>:160 - Loss: 0.69600
2021-09-21 17:00:37.893 | INFO     | __main__:<module>:160 - Loss: 0.69600
2021-09-21 17:00:37.893 | INFO     | __main__:<module>:160 - Loss: 0.69600
2021-09-21 17:00:37.893 | INFO     | __main__:<module>:160 - Loss: 0.69600
2021-09-21 17:00:37.893 | INFO     | __main__:<module>:160 - Loss: 0.69600
2021-09-21 17:00:37.893 | INFO     | __main__:<module>:160 - Loss: 0.69600
2021-09-21 17:00:37.893 | INFO     | __main__:<module>:160 - Loss: 0.69600
2021-09-21 17:00:37.893 | INFO     | __main__:<module>:160 - Loss: 0.69600
2021-09-21 17:00:37.893 | INFO     | __main__:<module>:160 - Loss: 0.69600
2021-09-21 17:00:37.893 | INFO     | __main__:<module>:160 - Loss: 0.69600
2021-09-21 17:00:37.893 | INFO     | __main__:<module>:160 - Loss: 0.69600
2021-09-21 17:00:37.893 | INFO     | __main__:<module>:160 - Loss: 0.69600
2021-09-21 17:00:37.893 | INFO     | __main__:<module>:160 - Loss: 0.69600
2021-09-21 17:00:37.893 | INFO     | __main__:<module>:160 - Loss: 0.69600
2021-09-21 17:00:37.893 | INFO     | __main__:<module>:160 - Loss: 0.69600
2021-09-21 17:00:37.893 | INFO     | __main__:<module>:160 - Loss: 0.69600
2021-09-21 17:00:37.893 | INFO     | __main__:<module>:160 - Loss: 0.69600
2021-09-21 17:00:37.893 | INFO     | __main__:<module>:160 - Loss: 0.69600
2021-09-21 17:00:37.893 | INFO     | __main__:<module>:160 - Loss: 0.69600
2021-09-21 17:00:37.893 | INFO     | __main__:<module>:160 - Loss: 0.69600
2021-09-21 17:00:37.893 | INFO     | __main__:<module>:160 - Loss: 0.69600
2021-09-21 17:00:37.893 | INFO     | __main__:<module>:160 - Loss: 0.69600
2021-09-21 17:00:37.893 | INFO     | __main__:<module>:160 - Loss: 0.69600
2021-09-21 17:00:37.893 | INFO     | __main__:<module>:160 - Loss: 0.69600
2021-09-21 17:00:37.893 | INFO     | __main__:<module>:160 - Loss: 0.69600
2021-09-21 17:00:37.893 | INFO     | __main__:<module>:160 - Loss: 0.69600
2021-09-21 17:00:37.893 | INFO     | __main__:<module>:160 - Loss: 0.69600
2021-09-21 17:00:37.893 | INFO     | __main__:<module>:160 - Loss: 0.69600
2021-09-21 17:00:37.893 | INFO     | __main__:<module>:160 - Loss: 0.69600
2021-09-21 17:00:37.893 | INFO     | __main__:<module>:160 - Loss: 0.69600
2021-09-21 17:00:37.893 | INFO     | __main__:<module>:160 - Loss: 0.69600
2021-09-21 17:00:37.893 | INFO     | __main__:<module>:160 - Loss: 0.69600
2021-09-21 17:00:37.893 | INFO     | __main__:<module>:160 - Loss: 0.69600
2021-09-21 17:00:37.893 | INFO     | __main__:<module>:160 - Loss: 0.69600
2021-09-21 17:00:37.893 | INFO     | __main__:<module>:160 - Loss: 0.69600
2021-09-21 17:00:37.893 | INFO     | __main__:<module>:160 - Loss: 0.69600
2021-09-21 17:00:37.893 | INFO     | __main__:<module>:160 - Loss: 0.69600
2021-09-21 17:00:37.893 | INFO     | __main__:<module>:160 - Loss: 0.69600
2021-09-21 17:00:37.893 | INFO     | __main__:<module>:160 - Loss: 0.69600
2021-09-21 17:00:37.893 | INFO     | __main__:<module>:160 - Loss: 0.69600
2021-09-21 17:00:37.893 | INFO     | __main__:<module>:160 - Loss: 0.69600
2021-09-21 17:00:37.893 | INFO     | __main__:<module>:160 - Loss: 0.69600
2021-09-21 17:00:37.893 | INFO     | __main__:<module>:160 - Loss: 0.69600
2021-09-21 17:00:37.893 | INFO     | __main__:<module>:160 - Loss: 0.69600
2021-09-21 17:00:37.893 | INFO     | __main__:<module>:160 - Loss: 0.69600
2021-09-21 17:00:37.893 | INFO     | __main__:<module>:160 - Loss: 0.69600
2021-09-21 17:00:37.893 | INFO     | __main__:<module>:160 - Loss: 0.69600
2021-09-21 17:00:37.893 | INFO     | __main__:<module>:160 - Loss: 0.69600
2021-09-21 17:00:37.893 | INFO     | __main__:<module>:160 - Loss: 0.69600
2021-09-21 17:00:37.893 | INFO     | __main__:<module>:160 - Loss: 0.69600
2021-09-21 17:00:37.893 | INFO     | __main__:<module>:160 - Loss: 0.69600
2021-09-21 17:00:37.893 | INFO     | __main__:<module>:160 - Loss: 0.69600
2021-09-21 17:00:37.893 | INFO     | __main__:<module>:160 - Loss: 0.69600
2021-09-21 17:00:37.893 | INFO     | __main__:<module>:160 - Loss: 0.69600
2021-09-21 17:00:37.893 | INFO     | __main__:<module>:160 - Loss: 0.69600
2021-09-21 17:00:37.893 | INFO     | __main__:<module>:160 - Loss: 0.69600
2021-09-21 17:00:37.893 | INFO     | __main__:<module>:160 - Loss: 0.69600
2021-09-21 17:00:37.893 | INFO     | __main__:<module>:160 - Loss: 0.69600
2021-09-21 17:00:37.893 | INFO     | __main__:<module>:160 - Loss: 0.69600
2021-09-21 17:00:37.893 | INFO     | __main__:<module>:160 - Loss: 0.69600
2021-09-21 17:00:37.893 | INFO     | __main__:<module>:160 - Loss: 0.69600
2021-09-21 17:00:37.893 | INFO     | __main__:<module>:160 - Loss: 0.69600
2021-09-21 17:00:37.893 | INFO     | __main__:<module>:160 - Loss: 0.69600
2021-09-21 17:00:37.893 | INFO     | __main__:<module>:160 - Loss: 0.69600
2021-09-21 17:00:37.916 | INFO     | __main__:<module>:160 - Loss: 0.69598
2021-09-21 17:00:37.916 | INFO     | __main__:<module>:160 - Loss: 0.69598
2021-09-21 17:00:37.916 | INFO     | __main__:<module>:160 - Loss: 0.69598
2021-09-21 17:00:37.916 | INFO     | __main__:<module>:160 - Loss: 0.69598
2021-09-21 17:00:37.916 | INFO     | __main__:<module>:160 - Loss: 0.69598
2021-09-21 17:00:37.916 | INFO     | __main__:<module>:160 - Loss: 0.69598
2021-09-21 17:00:37.916 | INFO     | __main__:<module>:160 - Loss: 0.69598
2021-09-21 17:00:37.916 | INFO     | __main__:<module>:160 - Loss: 0.69598
2021-09-21 17:00:37.916 | INFO     | __main__:<module>:160 - Loss: 0.69598
2021-09-21 17:00:37.916 | INFO     | __main__:<module>:160 - Loss: 0.69598
2021-09-21 17:00:37.916 | INFO     | __main__:<module>:160 - Loss: 0.69598
2021-09-21 17:00:37.916 | INFO     | __main__:<module>:160 - Loss: 0.69598
2021-09-21 17:00:37.916 | INFO     | __main__:<module>:160 - Loss: 0.69598
2021-09-21 17:00:37.916 | INFO     | __main__:<module>:160 - Loss: 0.69598
2021-09-21 17:00:37.916 | INFO     | __main__:<module>:160 - Loss: 0.69598
2021-09-21 17:00:37.916 | INFO     | __main__:<module>:160 - Loss: 0.69598
2021-09-21 17:00:37.916 | INFO     | __main__:<module>:160 - Loss: 0.69598
2021-09-21 17:00:37.916 | INFO     | __main__:<module>:160 - Loss: 0.69598
2021-09-21 17:00:37.916 | INFO     | __main__:<module>:160 - Loss: 0.69598
2021-09-21 17:00:37.916 | INFO     | __main__:<module>:160 - Loss: 0.69598
2021-09-21 17:00:37.916 | INFO     | __main__:<module>:160 - Loss: 0.69598
2021-09-21 17:00:37.916 | INFO     | __main__:<module>:160 - Loss: 0.69598
2021-09-21 17:00:37.916 | INFO     | __main__:<module>:160 - Loss: 0.69598
2021-09-21 17:00:37.916 | INFO     | __main__:<module>:160 - Loss: 0.69598
2021-09-21 17:00:37.916 | INFO     | __main__:<module>:160 - Loss: 0.69598
2021-09-21 17:00:37.916 | INFO     | __main__:<module>:160 - Loss: 0.69598
2021-09-21 17:00:37.916 | INFO     | __main__:<module>:160 - Loss: 0.69598
2021-09-21 17:00:37.916 | INFO     | __main__:<module>:160 - Loss: 0.69598
2021-09-21 17:00:37.916 | INFO     | __main__:<module>:160 - Loss: 0.69598
2021-09-21 17:00:37.916 | INFO     | __main__:<module>:160 - Loss: 0.69598
2021-09-21 17:00:37.916 | INFO     | __main__:<module>:160 - Loss: 0.69598
2021-09-21 17:00:37.916 | INFO     | __main__:<module>:160 - Loss: 0.69598
2021-09-21 17:00:37.916 | INFO     | __main__:<module>:160 - Loss: 0.69598
2021-09-21 17:00:37.916 | INFO     | __main__:<module>:160 - Loss: 0.69598
2021-09-21 17:00:37.916 | INFO     | __main__:<module>:160 - Loss: 0.69598
2021-09-21 17:00:37.916 | INFO     | __main__:<module>:160 - Loss: 0.69598
2021-09-21 17:00:37.916 | INFO     | __main__:<module>:160 - Loss: 0.69598
2021-09-21 17:00:37.916 | INFO     | __main__:<module>:160 - Loss: 0.69598
2021-09-21 17:00:37.916 | INFO     | __main__:<module>:160 - Loss: 0.69598
2021-09-21 17:00:37.916 | INFO     | __main__:<module>:160 - Loss: 0.69598
2021-09-21 17:00:37.916 | INFO     | __main__:<module>:160 - Loss: 0.69598
2021-09-21 17:00:37.916 | INFO     | __main__:<module>:160 - Loss: 0.69598
2021-09-21 17:00:37.916 | INFO     | __main__:<module>:160 - Loss: 0.69598
2021-09-21 17:00:37.916 | INFO     | __main__:<module>:160 - Loss: 0.69598
2021-09-21 17:00:37.916 | INFO     | __main__:<module>:160 - Loss: 0.69598
2021-09-21 17:00:37.916 | INFO     | __main__:<module>:160 - Loss: 0.69598
2021-09-21 17:00:37.916 | INFO     | __main__:<module>:160 - Loss: 0.69598
2021-09-21 17:00:37.916 | INFO     | __main__:<module>:160 - Loss: 0.69598
2021-09-21 17:00:37.916 | INFO     | __main__:<module>:160 - Loss: 0.69598
2021-09-21 17:00:37.916 | INFO     | __main__:<module>:160 - Loss: 0.69598
2021-09-21 17:00:37.916 | INFO     | __main__:<module>:160 - Loss: 0.69598
2021-09-21 17:00:37.916 | INFO     | __main__:<module>:160 - Loss: 0.69598
2021-09-21 17:00:37.916 | INFO     | __main__:<module>:160 - Loss: 0.69598
2021-09-21 17:00:37.916 | INFO     | __main__:<module>:160 - Loss: 0.69598
2021-09-21 17:00:37.916 | INFO     | __main__:<module>:160 - Loss: 0.69598
2021-09-21 17:00:37.916 | INFO     | __main__:<module>:160 - Loss: 0.69598
2021-09-21 17:00:37.916 | INFO     | __main__:<module>:160 - Loss: 0.69598
2021-09-21 17:00:37.916 | INFO     | __main__:<module>:160 - Loss: 0.69598
2021-09-21 17:00:37.916 | INFO     | __main__:<module>:160 - Loss: 0.69598
2021-09-21 17:00:37.916 | INFO     | __main__:<module>:160 - Loss: 0.69598
2021-09-21 17:00:37.916 | INFO     | __main__:<module>:160 - Loss: 0.69598
2021-09-21 17:00:37.916 | INFO     | __main__:<module>:160 - Loss: 0.69598
2021-09-21 17:00:37.916 | INFO     | __main__:<module>:160 - Loss: 0.69598
2021-09-21 17:00:37.916 | INFO     | __main__:<module>:160 - Loss: 0.69598
2021-09-21 17:00:37.916 | INFO     | __main__:<module>:160 - Loss: 0.69598
2021-09-21 17:00:37.916 | INFO     | __main__:<module>:160 - Loss: 0.69598
2021-09-21 17:00:37.916 | INFO     | __main__:<module>:160 - Loss: 0.69598
2021-09-21 17:00:37.916 | INFO     | __main__:<module>:160 - Loss: 0.69598
2021-09-21 17:00:37.916 | INFO     | __main__:<module>:160 - Loss: 0.69598
2021-09-21 17:00:37.916 | INFO     | __main__:<module>:160 - Loss: 0.69598
2021-09-21 17:00:37.916 | INFO     | __main__:<module>:160 - Loss: 0.69598
2021-09-21 17:00:37.939 | INFO     | __main__:<module>:160 - Loss: 0.69596
2021-09-21 17:00:37.939 | INFO     | __main__:<module>:160 - Loss: 0.69596
2021-09-21 17:00:37.939 | INFO     | __main__:<module>:160 - Loss: 0.69596
2021-09-21 17:00:37.939 | INFO     | __main__:<module>:160 - Loss: 0.69596
2021-09-21 17:00:37.939 | INFO     | __main__:<module>:160 - Loss: 0.69596
2021-09-21 17:00:37.939 | INFO     | __main__:<module>:160 - Loss: 0.69596
2021-09-21 17:00:37.939 | INFO     | __main__:<module>:160 - Loss: 0.69596
2021-09-21 17:00:37.939 | INFO     | __main__:<module>:160 - Loss: 0.69596
2021-09-21 17:00:37.939 | INFO     | __main__:<module>:160 - Loss: 0.69596
2021-09-21 17:00:37.939 | INFO     | __main__:<module>:160 - Loss: 0.69596
2021-09-21 17:00:37.939 | INFO     | __main__:<module>:160 - Loss: 0.69596
2021-09-21 17:00:37.939 | INFO     | __main__:<module>:160 - Loss: 0.69596
2021-09-21 17:00:37.939 | INFO     | __main__:<module>:160 - Loss: 0.69596
2021-09-21 17:00:37.939 | INFO     | __main__:<module>:160 - Loss: 0.69596
2021-09-21 17:00:37.939 | INFO     | __main__:<module>:160 - Loss: 0.69596
2021-09-21 17:00:37.939 | INFO     | __main__:<module>:160 - Loss: 0.69596
2021-09-21 17:00:37.939 | INFO     | __main__:<module>:160 - Loss: 0.69596
2021-09-21 17:00:37.939 | INFO     | __main__:<module>:160 - Loss: 0.69596
2021-09-21 17:00:37.939 | INFO     | __main__:<module>:160 - Loss: 0.69596
2021-09-21 17:00:37.939 | INFO     | __main__:<module>:160 - Loss: 0.69596
2021-09-21 17:00:37.939 | INFO     | __main__:<module>:160 - Loss: 0.69596
2021-09-21 17:00:37.939 | INFO     | __main__:<module>:160 - Loss: 0.69596
2021-09-21 17:00:37.939 | INFO     | __main__:<module>:160 - Loss: 0.69596
2021-09-21 17:00:37.939 | INFO     | __main__:<module>:160 - Loss: 0.69596
2021-09-21 17:00:37.939 | INFO     | __main__:<module>:160 - Loss: 0.69596
2021-09-21 17:00:37.939 | INFO     | __main__:<module>:160 - Loss: 0.69596
2021-09-21 17:00:37.939 | INFO     | __main__:<module>:160 - Loss: 0.69596
2021-09-21 17:00:37.939 | INFO     | __main__:<module>:160 - Loss: 0.69596
2021-09-21 17:00:37.939 | INFO     | __main__:<module>:160 - Loss: 0.69596
2021-09-21 17:00:37.939 | INFO     | __main__:<module>:160 - Loss: 0.69596
2021-09-21 17:00:37.939 | INFO     | __main__:<module>:160 - Loss: 0.69596
2021-09-21 17:00:37.939 | INFO     | __main__:<module>:160 - Loss: 0.69596
2021-09-21 17:00:37.939 | INFO     | __main__:<module>:160 - Loss: 0.69596
2021-09-21 17:00:37.939 | INFO     | __main__:<module>:160 - Loss: 0.69596
2021-09-21 17:00:37.939 | INFO     | __main__:<module>:160 - Loss: 0.69596
2021-09-21 17:00:37.939 | INFO     | __main__:<module>:160 - Loss: 0.69596
2021-09-21 17:00:37.939 | INFO     | __main__:<module>:160 - Loss: 0.69596
2021-09-21 17:00:37.939 | INFO     | __main__:<module>:160 - Loss: 0.69596
2021-09-21 17:00:37.939 | INFO     | __main__:<module>:160 - Loss: 0.69596
2021-09-21 17:00:37.939 | INFO     | __main__:<module>:160 - Loss: 0.69596
2021-09-21 17:00:37.939 | INFO     | __main__:<module>:160 - Loss: 0.69596
2021-09-21 17:00:37.939 | INFO     | __main__:<module>:160 - Loss: 0.69596
2021-09-21 17:00:37.939 | INFO     | __main__:<module>:160 - Loss: 0.69596
2021-09-21 17:00:37.939 | INFO     | __main__:<module>:160 - Loss: 0.69596
2021-09-21 17:00:37.939 | INFO     | __main__:<module>:160 - Loss: 0.69596
2021-09-21 17:00:37.939 | INFO     | __main__:<module>:160 - Loss: 0.69596
2021-09-21 17:00:37.939 | INFO     | __main__:<module>:160 - Loss: 0.69596
2021-09-21 17:00:37.939 | INFO     | __main__:<module>:160 - Loss: 0.69596
2021-09-21 17:00:37.939 | INFO     | __main__:<module>:160 - Loss: 0.69596
2021-09-21 17:00:37.939 | INFO     | __main__:<module>:160 - Loss: 0.69596
2021-09-21 17:00:37.939 | INFO     | __main__:<module>:160 - Loss: 0.69596
2021-09-21 17:00:37.939 | INFO     | __main__:<module>:160 - Loss: 0.69596
2021-09-21 17:00:37.939 | INFO     | __main__:<module>:160 - Loss: 0.69596
2021-09-21 17:00:37.939 | INFO     | __main__:<module>:160 - Loss: 0.69596
2021-09-21 17:00:37.939 | INFO     | __main__:<module>:160 - Loss: 0.69596
2021-09-21 17:00:37.939 | INFO     | __main__:<module>:160 - Loss: 0.69596
2021-09-21 17:00:37.939 | INFO     | __main__:<module>:160 - Loss: 0.69596
2021-09-21 17:00:37.939 | INFO     | __main__:<module>:160 - Loss: 0.69596
2021-09-21 17:00:37.939 | INFO     | __main__:<module>:160 - Loss: 0.69596
2021-09-21 17:00:37.939 | INFO     | __main__:<module>:160 - Loss: 0.69596
2021-09-21 17:00:37.939 | INFO     | __main__:<module>:160 - Loss: 0.69596
2021-09-21 17:00:37.939 | INFO     | __main__:<module>:160 - Loss: 0.69596
2021-09-21 17:00:37.939 | INFO     | __main__:<module>:160 - Loss: 0.69596
2021-09-21 17:00:37.939 | INFO     | __main__:<module>:160 - Loss: 0.69596
2021-09-21 17:00:37.939 | INFO     | __main__:<module>:160 - Loss: 0.69596
2021-09-21 17:00:37.939 | INFO     | __main__:<module>:160 - Loss: 0.69596
2021-09-21 17:00:37.939 | INFO     | __main__:<module>:160 - Loss: 0.69596
2021-09-21 17:00:37.939 | INFO     | __main__:<module>:160 - Loss: 0.69596
2021-09-21 17:00:37.939 | INFO     | __main__:<module>:160 - Loss: 0.69596
2021-09-21 17:00:37.939 | INFO     | __main__:<module>:160 - Loss: 0.69596
2021-09-21 17:00:37.939 | INFO     | __main__:<module>:160 - Loss: 0.69596
2021-09-21 17:00:37.939 | INFO     | __main__:<module>:160 - Loss: 0.69596
2021-09-21 17:00:37.962 | INFO     | __main__:<module>:160 - Loss: 0.69594
2021-09-21 17:00:37.962 | INFO     | __main__:<module>:160 - Loss: 0.69594
2021-09-21 17:00:37.962 | INFO     | __main__:<module>:160 - Loss: 0.69594
2021-09-21 17:00:37.962 | INFO     | __main__:<module>:160 - Loss: 0.69594
2021-09-21 17:00:37.962 | INFO     | __main__:<module>:160 - Loss: 0.69594
2021-09-21 17:00:37.962 | INFO     | __main__:<module>:160 - Loss: 0.69594
2021-09-21 17:00:37.962 | INFO     | __main__:<module>:160 - Loss: 0.69594
2021-09-21 17:00:37.962 | INFO     | __main__:<module>:160 - Loss: 0.69594
2021-09-21 17:00:37.962 | INFO     | __main__:<module>:160 - Loss: 0.69594
2021-09-21 17:00:37.962 | INFO     | __main__:<module>:160 - Loss: 0.69594
2021-09-21 17:00:37.962 | INFO     | __main__:<module>:160 - Loss: 0.69594
2021-09-21 17:00:37.962 | INFO     | __main__:<module>:160 - Loss: 0.69594
2021-09-21 17:00:37.962 | INFO     | __main__:<module>:160 - Loss: 0.69594
2021-09-21 17:00:37.962 | INFO     | __main__:<module>:160 - Loss: 0.69594
2021-09-21 17:00:37.962 | INFO     | __main__:<module>:160 - Loss: 0.69594
2021-09-21 17:00:37.962 | INFO     | __main__:<module>:160 - Loss: 0.69594
2021-09-21 17:00:37.962 | INFO     | __main__:<module>:160 - Loss: 0.69594
2021-09-21 17:00:37.962 | INFO     | __main__:<module>:160 - Loss: 0.69594
2021-09-21 17:00:37.962 | INFO     | __main__:<module>:160 - Loss: 0.69594
2021-09-21 17:00:37.962 | INFO     | __main__:<module>:160 - Loss: 0.69594
2021-09-21 17:00:37.962 | INFO     | __main__:<module>:160 - Loss: 0.69594
2021-09-21 17:00:37.962 | INFO     | __main__:<module>:160 - Loss: 0.69594
2021-09-21 17:00:37.962 | INFO     | __main__:<module>:160 - Loss: 0.69594
2021-09-21 17:00:37.962 | INFO     | __main__:<module>:160 - Loss: 0.69594
2021-09-21 17:00:37.962 | INFO     | __main__:<module>:160 - Loss: 0.69594
2021-09-21 17:00:37.962 | INFO     | __main__:<module>:160 - Loss: 0.69594
2021-09-21 17:00:37.962 | INFO     | __main__:<module>:160 - Loss: 0.69594
2021-09-21 17:00:37.962 | INFO     | __main__:<module>:160 - Loss: 0.69594
2021-09-21 17:00:37.962 | INFO     | __main__:<module>:160 - Loss: 0.69594
2021-09-21 17:00:37.962 | INFO     | __main__:<module>:160 - Loss: 0.69594
2021-09-21 17:00:37.962 | INFO     | __main__:<module>:160 - Loss: 0.69594
2021-09-21 17:00:37.962 | INFO     | __main__:<module>:160 - Loss: 0.69594
2021-09-21 17:00:37.962 | INFO     | __main__:<module>:160 - Loss: 0.69594
2021-09-21 17:00:37.962 | INFO     | __main__:<module>:160 - Loss: 0.69594
2021-09-21 17:00:37.962 | INFO     | __main__:<module>:160 - Loss: 0.69594
2021-09-21 17:00:37.962 | INFO     | __main__:<module>:160 - Loss: 0.69594
2021-09-21 17:00:37.962 | INFO     | __main__:<module>:160 - Loss: 0.69594
2021-09-21 17:00:37.962 | INFO     | __main__:<module>:160 - Loss: 0.69594
2021-09-21 17:00:37.962 | INFO     | __main__:<module>:160 - Loss: 0.69594
2021-09-21 17:00:37.962 | INFO     | __main__:<module>:160 - Loss: 0.69594
2021-09-21 17:00:37.962 | INFO     | __main__:<module>:160 - Loss: 0.69594
2021-09-21 17:00:37.962 | INFO     | __main__:<module>:160 - Loss: 0.69594
2021-09-21 17:00:37.962 | INFO     | __main__:<module>:160 - Loss: 0.69594
2021-09-21 17:00:37.962 | INFO     | __main__:<module>:160 - Loss: 0.69594
2021-09-21 17:00:37.962 | INFO     | __main__:<module>:160 - Loss: 0.69594
2021-09-21 17:00:37.962 | INFO     | __main__:<module>:160 - Loss: 0.69594
2021-09-21 17:00:37.962 | INFO     | __main__:<module>:160 - Loss: 0.69594
2021-09-21 17:00:37.962 | INFO     | __main__:<module>:160 - Loss: 0.69594
2021-09-21 17:00:37.962 | INFO     | __main__:<module>:160 - Loss: 0.69594
2021-09-21 17:00:37.962 | INFO     | __main__:<module>:160 - Loss: 0.69594
2021-09-21 17:00:37.962 | INFO     | __main__:<module>:160 - Loss: 0.69594
2021-09-21 17:00:37.962 | INFO     | __main__:<module>:160 - Loss: 0.69594
2021-09-21 17:00:37.962 | INFO     | __main__:<module>:160 - Loss: 0.69594
2021-09-21 17:00:37.962 | INFO     | __main__:<module>:160 - Loss: 0.69594
2021-09-21 17:00:37.962 | INFO     | __main__:<module>:160 - Loss: 0.69594
2021-09-21 17:00:37.962 | INFO     | __main__:<module>:160 - Loss: 0.69594
2021-09-21 17:00:37.962 | INFO     | __main__:<module>:160 - Loss: 0.69594
2021-09-21 17:00:37.962 | INFO     | __main__:<module>:160 - Loss: 0.69594
2021-09-21 17:00:37.962 | INFO     | __main__:<module>:160 - Loss: 0.69594
2021-09-21 17:00:37.962 | INFO     | __main__:<module>:160 - Loss: 0.69594
2021-09-21 17:00:37.962 | INFO     | __main__:<module>:160 - Loss: 0.69594
2021-09-21 17:00:37.962 | INFO     | __main__:<module>:160 - Loss: 0.69594
2021-09-21 17:00:37.962 | INFO     | __main__:<module>:160 - Loss: 0.69594
2021-09-21 17:00:37.962 | INFO     | __main__:<module>:160 - Loss: 0.69594
2021-09-21 17:00:37.962 | INFO     | __main__:<module>:160 - Loss: 0.69594
2021-09-21 17:00:37.962 | INFO     | __main__:<module>:160 - Loss: 0.69594
2021-09-21 17:00:37.962 | INFO     | __main__:<module>:160 - Loss: 0.69594
2021-09-21 17:00:37.962 | INFO     | __main__:<module>:160 - Loss: 0.69594
2021-09-21 17:00:37.962 | INFO     | __main__:<module>:160 - Loss: 0.69594
2021-09-21 17:00:37.962 | INFO     | __main__:<module>:160 - Loss: 0.69594
2021-09-21 17:00:37.962 | INFO     | __main__:<module>:160 - Loss: 0.69594
2021-09-21 17:00:37.962 | INFO     | __main__:<module>:160 - Loss: 0.69594
2021-09-21 17:00:37.962 | INFO     | __main__:<module>:160 - Loss: 0.69594
2021-09-21 17:00:37.982 | INFO     | __main__:<module>:160 - Loss: 0.69591
2021-09-21 17:00:37.982 | INFO     | __main__:<module>:160 - Loss: 0.69591
2021-09-21 17:00:37.982 | INFO     | __main__:<module>:160 - Loss: 0.69591
2021-09-21 17:00:37.982 | INFO     | __main__:<module>:160 - Loss: 0.69591
2021-09-21 17:00:37.982 | INFO     | __main__:<module>:160 - Loss: 0.69591
2021-09-21 17:00:37.982 | INFO     | __main__:<module>:160 - Loss: 0.69591
2021-09-21 17:00:37.982 | INFO     | __main__:<module>:160 - Loss: 0.69591
2021-09-21 17:00:37.982 | INFO     | __main__:<module>:160 - Loss: 0.69591
2021-09-21 17:00:37.982 | INFO     | __main__:<module>:160 - Loss: 0.69591
2021-09-21 17:00:37.982 | INFO     | __main__:<module>:160 - Loss: 0.69591
2021-09-21 17:00:37.982 | INFO     | __main__:<module>:160 - Loss: 0.69591
2021-09-21 17:00:37.982 | INFO     | __main__:<module>:160 - Loss: 0.69591
2021-09-21 17:00:37.982 | INFO     | __main__:<module>:160 - Loss: 0.69591
2021-09-21 17:00:37.982 | INFO     | __main__:<module>:160 - Loss: 0.69591
2021-09-21 17:00:37.982 | INFO     | __main__:<module>:160 - Loss: 0.69591
2021-09-21 17:00:37.982 | INFO     | __main__:<module>:160 - Loss: 0.69591
2021-09-21 17:00:37.982 | INFO     | __main__:<module>:160 - Loss: 0.69591
2021-09-21 17:00:37.982 | INFO     | __main__:<module>:160 - Loss: 0.69591
2021-09-21 17:00:37.982 | INFO     | __main__:<module>:160 - Loss: 0.69591
2021-09-21 17:00:37.982 | INFO     | __main__:<module>:160 - Loss: 0.69591
2021-09-21 17:00:37.982 | INFO     | __main__:<module>:160 - Loss: 0.69591
2021-09-21 17:00:37.982 | INFO     | __main__:<module>:160 - Loss: 0.69591
2021-09-21 17:00:37.982 | INFO     | __main__:<module>:160 - Loss: 0.69591
2021-09-21 17:00:37.982 | INFO     | __main__:<module>:160 - Loss: 0.69591
2021-09-21 17:00:37.982 | INFO     | __main__:<module>:160 - Loss: 0.69591
2021-09-21 17:00:37.982 | INFO     | __main__:<module>:160 - Loss: 0.69591
2021-09-21 17:00:37.982 | INFO     | __main__:<module>:160 - Loss: 0.69591
2021-09-21 17:00:37.982 | INFO     | __main__:<module>:160 - Loss: 0.69591
2021-09-21 17:00:37.982 | INFO     | __main__:<module>:160 - Loss: 0.69591
2021-09-21 17:00:37.982 | INFO     | __main__:<module>:160 - Loss: 0.69591
2021-09-21 17:00:37.982 | INFO     | __main__:<module>:160 - Loss: 0.69591
2021-09-21 17:00:37.982 | INFO     | __main__:<module>:160 - Loss: 0.69591
2021-09-21 17:00:37.982 | INFO     | __main__:<module>:160 - Loss: 0.69591
2021-09-21 17:00:37.982 | INFO     | __main__:<module>:160 - Loss: 0.69591
2021-09-21 17:00:37.982 | INFO     | __main__:<module>:160 - Loss: 0.69591
2021-09-21 17:00:37.982 | INFO     | __main__:<module>:160 - Loss: 0.69591
2021-09-21 17:00:37.982 | INFO     | __main__:<module>:160 - Loss: 0.69591
2021-09-21 17:00:37.982 | INFO     | __main__:<module>:160 - Loss: 0.69591
2021-09-21 17:00:37.982 | INFO     | __main__:<module>:160 - Loss: 0.69591
2021-09-21 17:00:37.982 | INFO     | __main__:<module>:160 - Loss: 0.69591
2021-09-21 17:00:37.982 | INFO     | __main__:<module>:160 - Loss: 0.69591
2021-09-21 17:00:37.982 | INFO     | __main__:<module>:160 - Loss: 0.69591
2021-09-21 17:00:37.982 | INFO     | __main__:<module>:160 - Loss: 0.69591
2021-09-21 17:00:37.982 | INFO     | __main__:<module>:160 - Loss: 0.69591
2021-09-21 17:00:37.982 | INFO     | __main__:<module>:160 - Loss: 0.69591
2021-09-21 17:00:37.982 | INFO     | __main__:<module>:160 - Loss: 0.69591
2021-09-21 17:00:37.982 | INFO     | __main__:<module>:160 - Loss: 0.69591
2021-09-21 17:00:37.982 | INFO     | __main__:<module>:160 - Loss: 0.69591
2021-09-21 17:00:37.982 | INFO     | __main__:<module>:160 - Loss: 0.69591
2021-09-21 17:00:37.982 | INFO     | __main__:<module>:160 - Loss: 0.69591
2021-09-21 17:00:37.982 | INFO     | __main__:<module>:160 - Loss: 0.69591
2021-09-21 17:00:37.982 | INFO     | __main__:<module>:160 - Loss: 0.69591
2021-09-21 17:00:37.982 | INFO     | __main__:<module>:160 - Loss: 0.69591
2021-09-21 17:00:37.982 | INFO     | __main__:<module>:160 - Loss: 0.69591
2021-09-21 17:00:37.982 | INFO     | __main__:<module>:160 - Loss: 0.69591
2021-09-21 17:00:37.982 | INFO     | __main__:<module>:160 - Loss: 0.69591
2021-09-21 17:00:37.982 | INFO     | __main__:<module>:160 - Loss: 0.69591
2021-09-21 17:00:37.982 | INFO     | __main__:<module>:160 - Loss: 0.69591
2021-09-21 17:00:37.982 | INFO     | __main__:<module>:160 - Loss: 0.69591
2021-09-21 17:00:37.982 | INFO     | __main__:<module>:160 - Loss: 0.69591
2021-09-21 17:00:37.982 | INFO     | __main__:<module>:160 - Loss: 0.69591
2021-09-21 17:00:37.982 | INFO     | __main__:<module>:160 - Loss: 0.69591
2021-09-21 17:00:37.982 | INFO     | __main__:<module>:160 - Loss: 0.69591
2021-09-21 17:00:37.982 | INFO     | __main__:<module>:160 - Loss: 0.69591
2021-09-21 17:00:37.982 | INFO     | __main__:<module>:160 - Loss: 0.69591
2021-09-21 17:00:37.982 | INFO     | __main__:<module>:160 - Loss: 0.69591
2021-09-21 17:00:37.982 | INFO     | __main__:<module>:160 - Loss: 0.69591
2021-09-21 17:00:37.982 | INFO     | __main__:<module>:160 - Loss: 0.69591
2021-09-21 17:00:37.982 | INFO     | __main__:<module>:160 - Loss: 0.69591
2021-09-21 17:00:37.982 | INFO     | __main__:<module>:160 - Loss: 0.69591
2021-09-21 17:00:37.982 | INFO     | __main__:<module>:160 - Loss: 0.69591
2021-09-21 17:00:37.982 | INFO     | __main__:<module>:160 - Loss: 0.69591
2021-09-21 17:00:37.982 | INFO     | __main__:<module>:160 - Loss: 0.69591
2021-09-21 17:00:37.982 | INFO     | __main__:<module>:160 - Loss: 0.69591
2021-09-21 17:00:38.003 | INFO     | __main__:<module>:160 - Loss: 0.69589
2021-09-21 17:00:38.003 | INFO     | __main__:<module>:160 - Loss: 0.69589
2021-09-21 17:00:38.003 | INFO     | __main__:<module>:160 - Loss: 0.69589
2021-09-21 17:00:38.003 | INFO     | __main__:<module>:160 - Loss: 0.69589
2021-09-21 17:00:38.003 | INFO     | __main__:<module>:160 - Loss: 0.69589
2021-09-21 17:00:38.003 | INFO     | __main__:<module>:160 - Loss: 0.69589
2021-09-21 17:00:38.003 | INFO     | __main__:<module>:160 - Loss: 0.69589
2021-09-21 17:00:38.003 | INFO     | __main__:<module>:160 - Loss: 0.69589
2021-09-21 17:00:38.003 | INFO     | __main__:<module>:160 - Loss: 0.69589
2021-09-21 17:00:38.003 | INFO     | __main__:<module>:160 - Loss: 0.69589
2021-09-21 17:00:38.003 | INFO     | __main__:<module>:160 - Loss: 0.69589
2021-09-21 17:00:38.003 | INFO     | __main__:<module>:160 - Loss: 0.69589
2021-09-21 17:00:38.003 | INFO     | __main__:<module>:160 - Loss: 0.69589
2021-09-21 17:00:38.003 | INFO     | __main__:<module>:160 - Loss: 0.69589
2021-09-21 17:00:38.003 | INFO     | __main__:<module>:160 - Loss: 0.69589
2021-09-21 17:00:38.003 | INFO     | __main__:<module>:160 - Loss: 0.69589
2021-09-21 17:00:38.003 | INFO     | __main__:<module>:160 - Loss: 0.69589
2021-09-21 17:00:38.003 | INFO     | __main__:<module>:160 - Loss: 0.69589
2021-09-21 17:00:38.003 | INFO     | __main__:<module>:160 - Loss: 0.69589
2021-09-21 17:00:38.003 | INFO     | __main__:<module>:160 - Loss: 0.69589
2021-09-21 17:00:38.003 | INFO     | __main__:<module>:160 - Loss: 0.69589
2021-09-21 17:00:38.003 | INFO     | __main__:<module>:160 - Loss: 0.69589
2021-09-21 17:00:38.003 | INFO     | __main__:<module>:160 - Loss: 0.69589
2021-09-21 17:00:38.003 | INFO     | __main__:<module>:160 - Loss: 0.69589
2021-09-21 17:00:38.003 | INFO     | __main__:<module>:160 - Loss: 0.69589
2021-09-21 17:00:38.003 | INFO     | __main__:<module>:160 - Loss: 0.69589
2021-09-21 17:00:38.003 | INFO     | __main__:<module>:160 - Loss: 0.69589
2021-09-21 17:00:38.003 | INFO     | __main__:<module>:160 - Loss: 0.69589
2021-09-21 17:00:38.003 | INFO     | __main__:<module>:160 - Loss: 0.69589
2021-09-21 17:00:38.003 | INFO     | __main__:<module>:160 - Loss: 0.69589
2021-09-21 17:00:38.003 | INFO     | __main__:<module>:160 - Loss: 0.69589
2021-09-21 17:00:38.003 | INFO     | __main__:<module>:160 - Loss: 0.69589
2021-09-21 17:00:38.003 | INFO     | __main__:<module>:160 - Loss: 0.69589
2021-09-21 17:00:38.003 | INFO     | __main__:<module>:160 - Loss: 0.69589
2021-09-21 17:00:38.003 | INFO     | __main__:<module>:160 - Loss: 0.69589
2021-09-21 17:00:38.003 | INFO     | __main__:<module>:160 - Loss: 0.69589
2021-09-21 17:00:38.003 | INFO     | __main__:<module>:160 - Loss: 0.69589
2021-09-21 17:00:38.003 | INFO     | __main__:<module>:160 - Loss: 0.69589
2021-09-21 17:00:38.003 | INFO     | __main__:<module>:160 - Loss: 0.69589
2021-09-21 17:00:38.003 | INFO     | __main__:<module>:160 - Loss: 0.69589
2021-09-21 17:00:38.003 | INFO     | __main__:<module>:160 - Loss: 0.69589
2021-09-21 17:00:38.003 | INFO     | __main__:<module>:160 - Loss: 0.69589
2021-09-21 17:00:38.003 | INFO     | __main__:<module>:160 - Loss: 0.69589
2021-09-21 17:00:38.003 | INFO     | __main__:<module>:160 - Loss: 0.69589
2021-09-21 17:00:38.003 | INFO     | __main__:<module>:160 - Loss: 0.69589
2021-09-21 17:00:38.003 | INFO     | __main__:<module>:160 - Loss: 0.69589
2021-09-21 17:00:38.003 | INFO     | __main__:<module>:160 - Loss: 0.69589
2021-09-21 17:00:38.003 | INFO     | __main__:<module>:160 - Loss: 0.69589
2021-09-21 17:00:38.003 | INFO     | __main__:<module>:160 - Loss: 0.69589
2021-09-21 17:00:38.003 | INFO     | __main__:<module>:160 - Loss: 0.69589
2021-09-21 17:00:38.003 | INFO     | __main__:<module>:160 - Loss: 0.69589
2021-09-21 17:00:38.003 | INFO     | __main__:<module>:160 - Loss: 0.69589
2021-09-21 17:00:38.003 | INFO     | __main__:<module>:160 - Loss: 0.69589
2021-09-21 17:00:38.003 | INFO     | __main__:<module>:160 - Loss: 0.69589
2021-09-21 17:00:38.003 | INFO     | __main__:<module>:160 - Loss: 0.69589
2021-09-21 17:00:38.003 | INFO     | __main__:<module>:160 - Loss: 0.69589
2021-09-21 17:00:38.003 | INFO     | __main__:<module>:160 - Loss: 0.69589
2021-09-21 17:00:38.003 | INFO     | __main__:<module>:160 - Loss: 0.69589
2021-09-21 17:00:38.003 | INFO     | __main__:<module>:160 - Loss: 0.69589
2021-09-21 17:00:38.003 | INFO     | __main__:<module>:160 - Loss: 0.69589
2021-09-21 17:00:38.003 | INFO     | __main__:<module>:160 - Loss: 0.69589
2021-09-21 17:00:38.003 | INFO     | __main__:<module>:160 - Loss: 0.69589
2021-09-21 17:00:38.003 | INFO     | __main__:<module>:160 - Loss: 0.69589
2021-09-21 17:00:38.003 | INFO     | __main__:<module>:160 - Loss: 0.69589
2021-09-21 17:00:38.003 | INFO     | __main__:<module>:160 - Loss: 0.69589
2021-09-21 17:00:38.003 | INFO     | __main__:<module>:160 - Loss: 0.69589
2021-09-21 17:00:38.003 | INFO     | __main__:<module>:160 - Loss: 0.69589
2021-09-21 17:00:38.003 | INFO     | __main__:<module>:160 - Loss: 0.69589
2021-09-21 17:00:38.003 | INFO     | __main__:<module>:160 - Loss: 0.69589
2021-09-21 17:00:38.003 | INFO     | __main__:<module>:160 - Loss: 0.69589
2021-09-21 17:00:38.003 | INFO     | __main__:<module>:160 - Loss: 0.69589
2021-09-21 17:00:38.003 | INFO     | __main__:<module>:160 - Loss: 0.69589
2021-09-21 17:00:38.003 | INFO     | __main__:<module>:160 - Loss: 0.69589
2021-09-21 17:00:38.003 | INFO     | __main__:<module>:160 - Loss: 0.69589
2021-09-21 17:00:38.003 | INFO     | __main__:<module>:160 - Loss: 0.69589
2021-09-21 17:00:38.029 | INFO     | __main__:<module>:160 - Loss: 0.69587
2021-09-21 17:00:38.029 | INFO     | __main__:<module>:160 - Loss: 0.69587
2021-09-21 17:00:38.029 | INFO     | __main__:<module>:160 - Loss: 0.69587
2021-09-21 17:00:38.029 | INFO     | __main__:<module>:160 - Loss: 0.69587
2021-09-21 17:00:38.029 | INFO     | __main__:<module>:160 - Loss: 0.69587
2021-09-21 17:00:38.029 | INFO     | __main__:<module>:160 - Loss: 0.69587
2021-09-21 17:00:38.029 | INFO     | __main__:<module>:160 - Loss: 0.69587
2021-09-21 17:00:38.029 | INFO     | __main__:<module>:160 - Loss: 0.69587
2021-09-21 17:00:38.029 | INFO     | __main__:<module>:160 - Loss: 0.69587
2021-09-21 17:00:38.029 | INFO     | __main__:<module>:160 - Loss: 0.69587
2021-09-21 17:00:38.029 | INFO     | __main__:<module>:160 - Loss: 0.69587
2021-09-21 17:00:38.029 | INFO     | __main__:<module>:160 - Loss: 0.69587
2021-09-21 17:00:38.029 | INFO     | __main__:<module>:160 - Loss: 0.69587
2021-09-21 17:00:38.029 | INFO     | __main__:<module>:160 - Loss: 0.69587
2021-09-21 17:00:38.029 | INFO     | __main__:<module>:160 - Loss: 0.69587
2021-09-21 17:00:38.029 | INFO     | __main__:<module>:160 - Loss: 0.69587
2021-09-21 17:00:38.029 | INFO     | __main__:<module>:160 - Loss: 0.69587
2021-09-21 17:00:38.029 | INFO     | __main__:<module>:160 - Loss: 0.69587
2021-09-21 17:00:38.029 | INFO     | __main__:<module>:160 - Loss: 0.69587
2021-09-21 17:00:38.029 | INFO     | __main__:<module>:160 - Loss: 0.69587
2021-09-21 17:00:38.029 | INFO     | __main__:<module>:160 - Loss: 0.69587
2021-09-21 17:00:38.029 | INFO     | __main__:<module>:160 - Loss: 0.69587
2021-09-21 17:00:38.029 | INFO     | __main__:<module>:160 - Loss: 0.69587
2021-09-21 17:00:38.029 | INFO     | __main__:<module>:160 - Loss: 0.69587
2021-09-21 17:00:38.029 | INFO     | __main__:<module>:160 - Loss: 0.69587
2021-09-21 17:00:38.029 | INFO     | __main__:<module>:160 - Loss: 0.69587
2021-09-21 17:00:38.029 | INFO     | __main__:<module>:160 - Loss: 0.69587
2021-09-21 17:00:38.029 | INFO     | __main__:<module>:160 - Loss: 0.69587
2021-09-21 17:00:38.029 | INFO     | __main__:<module>:160 - Loss: 0.69587
2021-09-21 17:00:38.029 | INFO     | __main__:<module>:160 - Loss: 0.69587
2021-09-21 17:00:38.029 | INFO     | __main__:<module>:160 - Loss: 0.69587
2021-09-21 17:00:38.029 | INFO     | __main__:<module>:160 - Loss: 0.69587
2021-09-21 17:00:38.029 | INFO     | __main__:<module>:160 - Loss: 0.69587
2021-09-21 17:00:38.029 | INFO     | __main__:<module>:160 - Loss: 0.69587
2021-09-21 17:00:38.029 | INFO     | __main__:<module>:160 - Loss: 0.69587
2021-09-21 17:00:38.029 | INFO     | __main__:<module>:160 - Loss: 0.69587
2021-09-21 17:00:38.029 | INFO     | __main__:<module>:160 - Loss: 0.69587
2021-09-21 17:00:38.029 | INFO     | __main__:<module>:160 - Loss: 0.69587
2021-09-21 17:00:38.029 | INFO     | __main__:<module>:160 - Loss: 0.69587
2021-09-21 17:00:38.029 | INFO     | __main__:<module>:160 - Loss: 0.69587
2021-09-21 17:00:38.029 | INFO     | __main__:<module>:160 - Loss: 0.69587
2021-09-21 17:00:38.029 | INFO     | __main__:<module>:160 - Loss: 0.69587
2021-09-21 17:00:38.029 | INFO     | __main__:<module>:160 - Loss: 0.69587
2021-09-21 17:00:38.029 | INFO     | __main__:<module>:160 - Loss: 0.69587
2021-09-21 17:00:38.029 | INFO     | __main__:<module>:160 - Loss: 0.69587
2021-09-21 17:00:38.029 | INFO     | __main__:<module>:160 - Loss: 0.69587
2021-09-21 17:00:38.029 | INFO     | __main__:<module>:160 - Loss: 0.69587
2021-09-21 17:00:38.029 | INFO     | __main__:<module>:160 - Loss: 0.69587
2021-09-21 17:00:38.029 | INFO     | __main__:<module>:160 - Loss: 0.69587
2021-09-21 17:00:38.029 | INFO     | __main__:<module>:160 - Loss: 0.69587
2021-09-21 17:00:38.029 | INFO     | __main__:<module>:160 - Loss: 0.69587
2021-09-21 17:00:38.029 | INFO     | __main__:<module>:160 - Loss: 0.69587
2021-09-21 17:00:38.029 | INFO     | __main__:<module>:160 - Loss: 0.69587
2021-09-21 17:00:38.029 | INFO     | __main__:<module>:160 - Loss: 0.69587
2021-09-21 17:00:38.029 | INFO     | __main__:<module>:160 - Loss: 0.69587
2021-09-21 17:00:38.029 | INFO     | __main__:<module>:160 - Loss: 0.69587
2021-09-21 17:00:38.029 | INFO     | __main__:<module>:160 - Loss: 0.69587
2021-09-21 17:00:38.029 | INFO     | __main__:<module>:160 - Loss: 0.69587
2021-09-21 17:00:38.029 | INFO     | __main__:<module>:160 - Loss: 0.69587
2021-09-21 17:00:38.029 | INFO     | __main__:<module>:160 - Loss: 0.69587
2021-09-21 17:00:38.029 | INFO     | __main__:<module>:160 - Loss: 0.69587
2021-09-21 17:00:38.029 | INFO     | __main__:<module>:160 - Loss: 0.69587
2021-09-21 17:00:38.029 | INFO     | __main__:<module>:160 - Loss: 0.69587
2021-09-21 17:00:38.029 | INFO     | __main__:<module>:160 - Loss: 0.69587
2021-09-21 17:00:38.029 | INFO     | __main__:<module>:160 - Loss: 0.69587
2021-09-21 17:00:38.029 | INFO     | __main__:<module>:160 - Loss: 0.69587
2021-09-21 17:00:38.029 | INFO     | __main__:<module>:160 - Loss: 0.69587
2021-09-21 17:00:38.029 | INFO     | __main__:<module>:160 - Loss: 0.69587
2021-09-21 17:00:38.029 | INFO     | __main__:<module>:160 - Loss: 0.69587
2021-09-21 17:00:38.029 | INFO     | __main__:<module>:160 - Loss: 0.69587
2021-09-21 17:00:38.029 | INFO     | __main__:<module>:160 - Loss: 0.69587
2021-09-21 17:00:38.029 | INFO     | __main__:<module>:160 - Loss: 0.69587
2021-09-21 17:00:38.029 | INFO     | __main__:<module>:160 - Loss: 0.69587
2021-09-21 17:00:38.029 | INFO     | __main__:<module>:160 - Loss: 0.69587
2021-09-21 17:00:38.029 | INFO     | __main__:<module>:160 - Loss: 0.69587
2021-09-21 17:00:38.029 | INFO     | __main__:<module>:160 - Loss: 0.69587
2021-09-21 17:00:38.049 | INFO     | __main__:<module>:160 - Loss: 0.69585
2021-09-21 17:00:38.049 | INFO     | __main__:<module>:160 - Loss: 0.69585
2021-09-21 17:00:38.049 | INFO     | __main__:<module>:160 - Loss: 0.69585
2021-09-21 17:00:38.049 | INFO     | __main__:<module>:160 - Loss: 0.69585
2021-09-21 17:00:38.049 | INFO     | __main__:<module>:160 - Loss: 0.69585
2021-09-21 17:00:38.049 | INFO     | __main__:<module>:160 - Loss: 0.69585
2021-09-21 17:00:38.049 | INFO     | __main__:<module>:160 - Loss: 0.69585
2021-09-21 17:00:38.049 | INFO     | __main__:<module>:160 - Loss: 0.69585
2021-09-21 17:00:38.049 | INFO     | __main__:<module>:160 - Loss: 0.69585
2021-09-21 17:00:38.049 | INFO     | __main__:<module>:160 - Loss: 0.69585
2021-09-21 17:00:38.049 | INFO     | __main__:<module>:160 - Loss: 0.69585
2021-09-21 17:00:38.049 | INFO     | __main__:<module>:160 - Loss: 0.69585
2021-09-21 17:00:38.049 | INFO     | __main__:<module>:160 - Loss: 0.69585
2021-09-21 17:00:38.049 | INFO     | __main__:<module>:160 - Loss: 0.69585
2021-09-21 17:00:38.049 | INFO     | __main__:<module>:160 - Loss: 0.69585
2021-09-21 17:00:38.049 | INFO     | __main__:<module>:160 - Loss: 0.69585
2021-09-21 17:00:38.049 | INFO     | __main__:<module>:160 - Loss: 0.69585
2021-09-21 17:00:38.049 | INFO     | __main__:<module>:160 - Loss: 0.69585
2021-09-21 17:00:38.049 | INFO     | __main__:<module>:160 - Loss: 0.69585
2021-09-21 17:00:38.049 | INFO     | __main__:<module>:160 - Loss: 0.69585
2021-09-21 17:00:38.049 | INFO     | __main__:<module>:160 - Loss: 0.69585
2021-09-21 17:00:38.049 | INFO     | __main__:<module>:160 - Loss: 0.69585
2021-09-21 17:00:38.049 | INFO     | __main__:<module>:160 - Loss: 0.69585
2021-09-21 17:00:38.049 | INFO     | __main__:<module>:160 - Loss: 0.69585
2021-09-21 17:00:38.049 | INFO     | __main__:<module>:160 - Loss: 0.69585
2021-09-21 17:00:38.049 | INFO     | __main__:<module>:160 - Loss: 0.69585
2021-09-21 17:00:38.049 | INFO     | __main__:<module>:160 - Loss: 0.69585
2021-09-21 17:00:38.049 | INFO     | __main__:<module>:160 - Loss: 0.69585
2021-09-21 17:00:38.049 | INFO     | __main__:<module>:160 - Loss: 0.69585
2021-09-21 17:00:38.049 | INFO     | __main__:<module>:160 - Loss: 0.69585
2021-09-21 17:00:38.049 | INFO     | __main__:<module>:160 - Loss: 0.69585
2021-09-21 17:00:38.049 | INFO     | __main__:<module>:160 - Loss: 0.69585
2021-09-21 17:00:38.049 | INFO     | __main__:<module>:160 - Loss: 0.69585
2021-09-21 17:00:38.049 | INFO     | __main__:<module>:160 - Loss: 0.69585
2021-09-21 17:00:38.049 | INFO     | __main__:<module>:160 - Loss: 0.69585
2021-09-21 17:00:38.049 | INFO     | __main__:<module>:160 - Loss: 0.69585
2021-09-21 17:00:38.049 | INFO     | __main__:<module>:160 - Loss: 0.69585
2021-09-21 17:00:38.049 | INFO     | __main__:<module>:160 - Loss: 0.69585
2021-09-21 17:00:38.049 | INFO     | __main__:<module>:160 - Loss: 0.69585
2021-09-21 17:00:38.049 | INFO     | __main__:<module>:160 - Loss: 0.69585
2021-09-21 17:00:38.049 | INFO     | __main__:<module>:160 - Loss: 0.69585
2021-09-21 17:00:38.049 | INFO     | __main__:<module>:160 - Loss: 0.69585
2021-09-21 17:00:38.049 | INFO     | __main__:<module>:160 - Loss: 0.69585
2021-09-21 17:00:38.049 | INFO     | __main__:<module>:160 - Loss: 0.69585
2021-09-21 17:00:38.049 | INFO     | __main__:<module>:160 - Loss: 0.69585
2021-09-21 17:00:38.049 | INFO     | __main__:<module>:160 - Loss: 0.69585
2021-09-21 17:00:38.049 | INFO     | __main__:<module>:160 - Loss: 0.69585
2021-09-21 17:00:38.049 | INFO     | __main__:<module>:160 - Loss: 0.69585
2021-09-21 17:00:38.049 | INFO     | __main__:<module>:160 - Loss: 0.69585
2021-09-21 17:00:38.049 | INFO     | __main__:<module>:160 - Loss: 0.69585
2021-09-21 17:00:38.049 | INFO     | __main__:<module>:160 - Loss: 0.69585
2021-09-21 17:00:38.049 | INFO     | __main__:<module>:160 - Loss: 0.69585
2021-09-21 17:00:38.049 | INFO     | __main__:<module>:160 - Loss: 0.69585
2021-09-21 17:00:38.049 | INFO     | __main__:<module>:160 - Loss: 0.69585
2021-09-21 17:00:38.049 | INFO     | __main__:<module>:160 - Loss: 0.69585
2021-09-21 17:00:38.049 | INFO     | __main__:<module>:160 - Loss: 0.69585
2021-09-21 17:00:38.049 | INFO     | __main__:<module>:160 - Loss: 0.69585
2021-09-21 17:00:38.049 | INFO     | __main__:<module>:160 - Loss: 0.69585
2021-09-21 17:00:38.049 | INFO     | __main__:<module>:160 - Loss: 0.69585
2021-09-21 17:00:38.049 | INFO     | __main__:<module>:160 - Loss: 0.69585
2021-09-21 17:00:38.049 | INFO     | __main__:<module>:160 - Loss: 0.69585
2021-09-21 17:00:38.049 | INFO     | __main__:<module>:160 - Loss: 0.69585
2021-09-21 17:00:38.049 | INFO     | __main__:<module>:160 - Loss: 0.69585
2021-09-21 17:00:38.049 | INFO     | __main__:<module>:160 - Loss: 0.69585
2021-09-21 17:00:38.049 | INFO     | __main__:<module>:160 - Loss: 0.69585
2021-09-21 17:00:38.049 | INFO     | __main__:<module>:160 - Loss: 0.69585
2021-09-21 17:00:38.049 | INFO     | __main__:<module>:160 - Loss: 0.69585
2021-09-21 17:00:38.049 | INFO     | __main__:<module>:160 - Loss: 0.69585
2021-09-21 17:00:38.049 | INFO     | __main__:<module>:160 - Loss: 0.69585
2021-09-21 17:00:38.049 | INFO     | __main__:<module>:160 - Loss: 0.69585
2021-09-21 17:00:38.049 | INFO     | __main__:<module>:160 - Loss: 0.69585
2021-09-21 17:00:38.049 | INFO     | __main__:<module>:160 - Loss: 0.69585
2021-09-21 17:00:38.049 | INFO     | __main__:<module>:160 - Loss: 0.69585
2021-09-21 17:00:38.049 | INFO     | __main__:<module>:160 - Loss: 0.69585
2021-09-21 17:00:38.049 | INFO     | __main__:<module>:160 - Loss: 0.69585
2021-09-21 17:00:38.049 | INFO     | __main__:<module>:160 - Loss: 0.69585
2021-09-21 17:00:38.049 | INFO     | __main__:<module>:160 - Loss: 0.69585
2021-09-21 17:00:38.070 | INFO     | __main__:<module>:160 - Loss: 0.69583
2021-09-21 17:00:38.070 | INFO     | __main__:<module>:160 - Loss: 0.69583
2021-09-21 17:00:38.070 | INFO     | __main__:<module>:160 - Loss: 0.69583
2021-09-21 17:00:38.070 | INFO     | __main__:<module>:160 - Loss: 0.69583
2021-09-21 17:00:38.070 | INFO     | __main__:<module>:160 - Loss: 0.69583
2021-09-21 17:00:38.070 | INFO     | __main__:<module>:160 - Loss: 0.69583
2021-09-21 17:00:38.070 | INFO     | __main__:<module>:160 - Loss: 0.69583
2021-09-21 17:00:38.070 | INFO     | __main__:<module>:160 - Loss: 0.69583
2021-09-21 17:00:38.070 | INFO     | __main__:<module>:160 - Loss: 0.69583
2021-09-21 17:00:38.070 | INFO     | __main__:<module>:160 - Loss: 0.69583
2021-09-21 17:00:38.070 | INFO     | __main__:<module>:160 - Loss: 0.69583
2021-09-21 17:00:38.070 | INFO     | __main__:<module>:160 - Loss: 0.69583
2021-09-21 17:00:38.070 | INFO     | __main__:<module>:160 - Loss: 0.69583
2021-09-21 17:00:38.070 | INFO     | __main__:<module>:160 - Loss: 0.69583
2021-09-21 17:00:38.070 | INFO     | __main__:<module>:160 - Loss: 0.69583
2021-09-21 17:00:38.070 | INFO     | __main__:<module>:160 - Loss: 0.69583
2021-09-21 17:00:38.070 | INFO     | __main__:<module>:160 - Loss: 0.69583
2021-09-21 17:00:38.070 | INFO     | __main__:<module>:160 - Loss: 0.69583
2021-09-21 17:00:38.070 | INFO     | __main__:<module>:160 - Loss: 0.69583
2021-09-21 17:00:38.070 | INFO     | __main__:<module>:160 - Loss: 0.69583
2021-09-21 17:00:38.070 | INFO     | __main__:<module>:160 - Loss: 0.69583
2021-09-21 17:00:38.070 | INFO     | __main__:<module>:160 - Loss: 0.69583
2021-09-21 17:00:38.070 | INFO     | __main__:<module>:160 - Loss: 0.69583
2021-09-21 17:00:38.070 | INFO     | __main__:<module>:160 - Loss: 0.69583
2021-09-21 17:00:38.070 | INFO     | __main__:<module>:160 - Loss: 0.69583
2021-09-21 17:00:38.070 | INFO     | __main__:<module>:160 - Loss: 0.69583
2021-09-21 17:00:38.070 | INFO     | __main__:<module>:160 - Loss: 0.69583
2021-09-21 17:00:38.070 | INFO     | __main__:<module>:160 - Loss: 0.69583
2021-09-21 17:00:38.070 | INFO     | __main__:<module>:160 - Loss: 0.69583
2021-09-21 17:00:38.070 | INFO     | __main__:<module>:160 - Loss: 0.69583
2021-09-21 17:00:38.070 | INFO     | __main__:<module>:160 - Loss: 0.69583
2021-09-21 17:00:38.070 | INFO     | __main__:<module>:160 - Loss: 0.69583
2021-09-21 17:00:38.070 | INFO     | __main__:<module>:160 - Loss: 0.69583
2021-09-21 17:00:38.070 | INFO     | __main__:<module>:160 - Loss: 0.69583
2021-09-21 17:00:38.070 | INFO     | __main__:<module>:160 - Loss: 0.69583
2021-09-21 17:00:38.070 | INFO     | __main__:<module>:160 - Loss: 0.69583
2021-09-21 17:00:38.070 | INFO     | __main__:<module>:160 - Loss: 0.69583
2021-09-21 17:00:38.070 | INFO     | __main__:<module>:160 - Loss: 0.69583
2021-09-21 17:00:38.070 | INFO     | __main__:<module>:160 - Loss: 0.69583
2021-09-21 17:00:38.070 | INFO     | __main__:<module>:160 - Loss: 0.69583
2021-09-21 17:00:38.070 | INFO     | __main__:<module>:160 - Loss: 0.69583
2021-09-21 17:00:38.070 | INFO     | __main__:<module>:160 - Loss: 0.69583
2021-09-21 17:00:38.070 | INFO     | __main__:<module>:160 - Loss: 0.69583
2021-09-21 17:00:38.070 | INFO     | __main__:<module>:160 - Loss: 0.69583
2021-09-21 17:00:38.070 | INFO     | __main__:<module>:160 - Loss: 0.69583
2021-09-21 17:00:38.070 | INFO     | __main__:<module>:160 - Loss: 0.69583
2021-09-21 17:00:38.070 | INFO     | __main__:<module>:160 - Loss: 0.69583
2021-09-21 17:00:38.070 | INFO     | __main__:<module>:160 - Loss: 0.69583
2021-09-21 17:00:38.070 | INFO     | __main__:<module>:160 - Loss: 0.69583
2021-09-21 17:00:38.070 | INFO     | __main__:<module>:160 - Loss: 0.69583
2021-09-21 17:00:38.070 | INFO     | __main__:<module>:160 - Loss: 0.69583
2021-09-21 17:00:38.070 | INFO     | __main__:<module>:160 - Loss: 0.69583
2021-09-21 17:00:38.070 | INFO     | __main__:<module>:160 - Loss: 0.69583
2021-09-21 17:00:38.070 | INFO     | __main__:<module>:160 - Loss: 0.69583
2021-09-21 17:00:38.070 | INFO     | __main__:<module>:160 - Loss: 0.69583
2021-09-21 17:00:38.070 | INFO     | __main__:<module>:160 - Loss: 0.69583
2021-09-21 17:00:38.070 | INFO     | __main__:<module>:160 - Loss: 0.69583
2021-09-21 17:00:38.070 | INFO     | __main__:<module>:160 - Loss: 0.69583
2021-09-21 17:00:38.070 | INFO     | __main__:<module>:160 - Loss: 0.69583
2021-09-21 17:00:38.070 | INFO     | __main__:<module>:160 - Loss: 0.69583
2021-09-21 17:00:38.070 | INFO     | __main__:<module>:160 - Loss: 0.69583
2021-09-21 17:00:38.070 | INFO     | __main__:<module>:160 - Loss: 0.69583
2021-09-21 17:00:38.070 | INFO     | __main__:<module>:160 - Loss: 0.69583
2021-09-21 17:00:38.070 | INFO     | __main__:<module>:160 - Loss: 0.69583
2021-09-21 17:00:38.070 | INFO     | __main__:<module>:160 - Loss: 0.69583
2021-09-21 17:00:38.070 | INFO     | __main__:<module>:160 - Loss: 0.69583
2021-09-21 17:00:38.070 | INFO     | __main__:<module>:160 - Loss: 0.69583
2021-09-21 17:00:38.070 | INFO     | __main__:<module>:160 - Loss: 0.69583
2021-09-21 17:00:38.070 | INFO     | __main__:<module>:160 - Loss: 0.69583
2021-09-21 17:00:38.070 | INFO     | __main__:<module>:160 - Loss: 0.69583
2021-09-21 17:00:38.070 | INFO     | __main__:<module>:160 - Loss: 0.69583
2021-09-21 17:00:38.070 | INFO     | __main__:<module>:160 - Loss: 0.69583
2021-09-21 17:00:38.070 | INFO     | __main__:<module>:160 - Loss: 0.69583
2021-09-21 17:00:38.070 | INFO     | __main__:<module>:160 - Loss: 0.69583
2021-09-21 17:00:38.070 | INFO     | __main__:<module>:160 - Loss: 0.69583
2021-09-21 17:00:38.070 | INFO     | __main__:<module>:160 - Loss: 0.69583
2021-09-21 17:00:38.070 | INFO     | __main__:<module>:160 - Loss: 0.69583
2021-09-21 17:00:38.070 | INFO     | __main__:<module>:160 - Loss: 0.69583
2021-09-21 17:00:38.094 | INFO     | __main__:<module>:160 - Loss: 0.69581
2021-09-21 17:00:38.094 | INFO     | __main__:<module>:160 - Loss: 0.69581
2021-09-21 17:00:38.094 | INFO     | __main__:<module>:160 - Loss: 0.69581
2021-09-21 17:00:38.094 | INFO     | __main__:<module>:160 - Loss: 0.69581
2021-09-21 17:00:38.094 | INFO     | __main__:<module>:160 - Loss: 0.69581
2021-09-21 17:00:38.094 | INFO     | __main__:<module>:160 - Loss: 0.69581
2021-09-21 17:00:38.094 | INFO     | __main__:<module>:160 - Loss: 0.69581
2021-09-21 17:00:38.094 | INFO     | __main__:<module>:160 - Loss: 0.69581
2021-09-21 17:00:38.094 | INFO     | __main__:<module>:160 - Loss: 0.69581
2021-09-21 17:00:38.094 | INFO     | __main__:<module>:160 - Loss: 0.69581
2021-09-21 17:00:38.094 | INFO     | __main__:<module>:160 - Loss: 0.69581
2021-09-21 17:00:38.094 | INFO     | __main__:<module>:160 - Loss: 0.69581
2021-09-21 17:00:38.094 | INFO     | __main__:<module>:160 - Loss: 0.69581
2021-09-21 17:00:38.094 | INFO     | __main__:<module>:160 - Loss: 0.69581
2021-09-21 17:00:38.094 | INFO     | __main__:<module>:160 - Loss: 0.69581
2021-09-21 17:00:38.094 | INFO     | __main__:<module>:160 - Loss: 0.69581
2021-09-21 17:00:38.094 | INFO     | __main__:<module>:160 - Loss: 0.69581
2021-09-21 17:00:38.094 | INFO     | __main__:<module>:160 - Loss: 0.69581
2021-09-21 17:00:38.094 | INFO     | __main__:<module>:160 - Loss: 0.69581
2021-09-21 17:00:38.094 | INFO     | __main__:<module>:160 - Loss: 0.69581
2021-09-21 17:00:38.094 | INFO     | __main__:<module>:160 - Loss: 0.69581
2021-09-21 17:00:38.094 | INFO     | __main__:<module>:160 - Loss: 0.69581
2021-09-21 17:00:38.094 | INFO     | __main__:<module>:160 - Loss: 0.69581
2021-09-21 17:00:38.094 | INFO     | __main__:<module>:160 - Loss: 0.69581
2021-09-21 17:00:38.094 | INFO     | __main__:<module>:160 - Loss: 0.69581
2021-09-21 17:00:38.094 | INFO     | __main__:<module>:160 - Loss: 0.69581
2021-09-21 17:00:38.094 | INFO     | __main__:<module>:160 - Loss: 0.69581
2021-09-21 17:00:38.094 | INFO     | __main__:<module>:160 - Loss: 0.69581
2021-09-21 17:00:38.094 | INFO     | __main__:<module>:160 - Loss: 0.69581
2021-09-21 17:00:38.094 | INFO     | __main__:<module>:160 - Loss: 0.69581
2021-09-21 17:00:38.094 | INFO     | __main__:<module>:160 - Loss: 0.69581
2021-09-21 17:00:38.094 | INFO     | __main__:<module>:160 - Loss: 0.69581
2021-09-21 17:00:38.094 | INFO     | __main__:<module>:160 - Loss: 0.69581
2021-09-21 17:00:38.094 | INFO     | __main__:<module>:160 - Loss: 0.69581
2021-09-21 17:00:38.094 | INFO     | __main__:<module>:160 - Loss: 0.69581
2021-09-21 17:00:38.094 | INFO     | __main__:<module>:160 - Loss: 0.69581
2021-09-21 17:00:38.094 | INFO     | __main__:<module>:160 - Loss: 0.69581
2021-09-21 17:00:38.094 | INFO     | __main__:<module>:160 - Loss: 0.69581
2021-09-21 17:00:38.094 | INFO     | __main__:<module>:160 - Loss: 0.69581
2021-09-21 17:00:38.094 | INFO     | __main__:<module>:160 - Loss: 0.69581
2021-09-21 17:00:38.094 | INFO     | __main__:<module>:160 - Loss: 0.69581
2021-09-21 17:00:38.094 | INFO     | __main__:<module>:160 - Loss: 0.69581
2021-09-21 17:00:38.094 | INFO     | __main__:<module>:160 - Loss: 0.69581
2021-09-21 17:00:38.094 | INFO     | __main__:<module>:160 - Loss: 0.69581
2021-09-21 17:00:38.094 | INFO     | __main__:<module>:160 - Loss: 0.69581
2021-09-21 17:00:38.094 | INFO     | __main__:<module>:160 - Loss: 0.69581
2021-09-21 17:00:38.094 | INFO     | __main__:<module>:160 - Loss: 0.69581
2021-09-21 17:00:38.094 | INFO     | __main__:<module>:160 - Loss: 0.69581
2021-09-21 17:00:38.094 | INFO     | __main__:<module>:160 - Loss: 0.69581
2021-09-21 17:00:38.094 | INFO     | __main__:<module>:160 - Loss: 0.69581
2021-09-21 17:00:38.094 | INFO     | __main__:<module>:160 - Loss: 0.69581
2021-09-21 17:00:38.094 | INFO     | __main__:<module>:160 - Loss: 0.69581
2021-09-21 17:00:38.094 | INFO     | __main__:<module>:160 - Loss: 0.69581
2021-09-21 17:00:38.094 | INFO     | __main__:<module>:160 - Loss: 0.69581
2021-09-21 17:00:38.094 | INFO     | __main__:<module>:160 - Loss: 0.69581
2021-09-21 17:00:38.094 | INFO     | __main__:<module>:160 - Loss: 0.69581
2021-09-21 17:00:38.094 | INFO     | __main__:<module>:160 - Loss: 0.69581
2021-09-21 17:00:38.094 | INFO     | __main__:<module>:160 - Loss: 0.69581
2021-09-21 17:00:38.094 | INFO     | __main__:<module>:160 - Loss: 0.69581
2021-09-21 17:00:38.094 | INFO     | __main__:<module>:160 - Loss: 0.69581
2021-09-21 17:00:38.094 | INFO     | __main__:<module>:160 - Loss: 0.69581
2021-09-21 17:00:38.094 | INFO     | __main__:<module>:160 - Loss: 0.69581
2021-09-21 17:00:38.094 | INFO     | __main__:<module>:160 - Loss: 0.69581
2021-09-21 17:00:38.094 | INFO     | __main__:<module>:160 - Loss: 0.69581
2021-09-21 17:00:38.094 | INFO     | __main__:<module>:160 - Loss: 0.69581
2021-09-21 17:00:38.094 | INFO     | __main__:<module>:160 - Loss: 0.69581
2021-09-21 17:00:38.094 | INFO     | __main__:<module>:160 - Loss: 0.69581
2021-09-21 17:00:38.094 | INFO     | __main__:<module>:160 - Loss: 0.69581
2021-09-21 17:00:38.094 | INFO     | __main__:<module>:160 - Loss: 0.69581
2021-09-21 17:00:38.094 | INFO     | __main__:<module>:160 - Loss: 0.69581
2021-09-21 17:00:38.094 | INFO     | __main__:<module>:160 - Loss: 0.69581
2021-09-21 17:00:38.094 | INFO     | __main__:<module>:160 - Loss: 0.69581
2021-09-21 17:00:38.094 | INFO     | __main__:<module>:160 - Loss: 0.69581
2021-09-21 17:00:38.094 | INFO     | __main__:<module>:160 - Loss: 0.69581
2021-09-21 17:00:38.094 | INFO     | __main__:<module>:160 - Loss: 0.69581
2021-09-21 17:00:38.094 | INFO     | __main__:<module>:160 - Loss: 0.69581
2021-09-21 17:00:38.094 | INFO     | __main__:<module>:160 - Loss: 0.69581
2021-09-21 17:00:38.094 | INFO     | __main__:<module>:160 - Loss: 0.69581
2021-09-21 17:00:38.094 | INFO     | __main__:<module>:160 - Loss: 0.69581
2021-09-21 17:00:38.116 | INFO     | __main__:<module>:160 - Loss: 0.69578
2021-09-21 17:00:38.116 | INFO     | __main__:<module>:160 - Loss: 0.69578
2021-09-21 17:00:38.116 | INFO     | __main__:<module>:160 - Loss: 0.69578
2021-09-21 17:00:38.116 | INFO     | __main__:<module>:160 - Loss: 0.69578
2021-09-21 17:00:38.116 | INFO     | __main__:<module>:160 - Loss: 0.69578
2021-09-21 17:00:38.116 | INFO     | __main__:<module>:160 - Loss: 0.69578
2021-09-21 17:00:38.116 | INFO     | __main__:<module>:160 - Loss: 0.69578
2021-09-21 17:00:38.116 | INFO     | __main__:<module>:160 - Loss: 0.69578
2021-09-21 17:00:38.116 | INFO     | __main__:<module>:160 - Loss: 0.69578
2021-09-21 17:00:38.116 | INFO     | __main__:<module>:160 - Loss: 0.69578
2021-09-21 17:00:38.116 | INFO     | __main__:<module>:160 - Loss: 0.69578
2021-09-21 17:00:38.116 | INFO     | __main__:<module>:160 - Loss: 0.69578
2021-09-21 17:00:38.116 | INFO     | __main__:<module>:160 - Loss: 0.69578
2021-09-21 17:00:38.116 | INFO     | __main__:<module>:160 - Loss: 0.69578
2021-09-21 17:00:38.116 | INFO     | __main__:<module>:160 - Loss: 0.69578
2021-09-21 17:00:38.116 | INFO     | __main__:<module>:160 - Loss: 0.69578
2021-09-21 17:00:38.116 | INFO     | __main__:<module>:160 - Loss: 0.69578
2021-09-21 17:00:38.116 | INFO     | __main__:<module>:160 - Loss: 0.69578
2021-09-21 17:00:38.116 | INFO     | __main__:<module>:160 - Loss: 0.69578
2021-09-21 17:00:38.116 | INFO     | __main__:<module>:160 - Loss: 0.69578
2021-09-21 17:00:38.116 | INFO     | __main__:<module>:160 - Loss: 0.69578
2021-09-21 17:00:38.116 | INFO     | __main__:<module>:160 - Loss: 0.69578
2021-09-21 17:00:38.116 | INFO     | __main__:<module>:160 - Loss: 0.69578
2021-09-21 17:00:38.116 | INFO     | __main__:<module>:160 - Loss: 0.69578
2021-09-21 17:00:38.116 | INFO     | __main__:<module>:160 - Loss: 0.69578
2021-09-21 17:00:38.116 | INFO     | __main__:<module>:160 - Loss: 0.69578
2021-09-21 17:00:38.116 | INFO     | __main__:<module>:160 - Loss: 0.69578
2021-09-21 17:00:38.116 | INFO     | __main__:<module>:160 - Loss: 0.69578
2021-09-21 17:00:38.116 | INFO     | __main__:<module>:160 - Loss: 0.69578
2021-09-21 17:00:38.116 | INFO     | __main__:<module>:160 - Loss: 0.69578
2021-09-21 17:00:38.116 | INFO     | __main__:<module>:160 - Loss: 0.69578
2021-09-21 17:00:38.116 | INFO     | __main__:<module>:160 - Loss: 0.69578
2021-09-21 17:00:38.116 | INFO     | __main__:<module>:160 - Loss: 0.69578
2021-09-21 17:00:38.116 | INFO     | __main__:<module>:160 - Loss: 0.69578
2021-09-21 17:00:38.116 | INFO     | __main__:<module>:160 - Loss: 0.69578
2021-09-21 17:00:38.116 | INFO     | __main__:<module>:160 - Loss: 0.69578
2021-09-21 17:00:38.116 | INFO     | __main__:<module>:160 - Loss: 0.69578
2021-09-21 17:00:38.116 | INFO     | __main__:<module>:160 - Loss: 0.69578
2021-09-21 17:00:38.116 | INFO     | __main__:<module>:160 - Loss: 0.69578
2021-09-21 17:00:38.116 | INFO     | __main__:<module>:160 - Loss: 0.69578
2021-09-21 17:00:38.116 | INFO     | __main__:<module>:160 - Loss: 0.69578
2021-09-21 17:00:38.116 | INFO     | __main__:<module>:160 - Loss: 0.69578
2021-09-21 17:00:38.116 | INFO     | __main__:<module>:160 - Loss: 0.69578
2021-09-21 17:00:38.116 | INFO     | __main__:<module>:160 - Loss: 0.69578
2021-09-21 17:00:38.116 | INFO     | __main__:<module>:160 - Loss: 0.69578
2021-09-21 17:00:38.116 | INFO     | __main__:<module>:160 - Loss: 0.69578
2021-09-21 17:00:38.116 | INFO     | __main__:<module>:160 - Loss: 0.69578
2021-09-21 17:00:38.116 | INFO     | __main__:<module>:160 - Loss: 0.69578
2021-09-21 17:00:38.116 | INFO     | __main__:<module>:160 - Loss: 0.69578
2021-09-21 17:00:38.116 | INFO     | __main__:<module>:160 - Loss: 0.69578
2021-09-21 17:00:38.116 | INFO     | __main__:<module>:160 - Loss: 0.69578
2021-09-21 17:00:38.116 | INFO     | __main__:<module>:160 - Loss: 0.69578
2021-09-21 17:00:38.116 | INFO     | __main__:<module>:160 - Loss: 0.69578
2021-09-21 17:00:38.116 | INFO     | __main__:<module>:160 - Loss: 0.69578
2021-09-21 17:00:38.116 | INFO     | __main__:<module>:160 - Loss: 0.69578
2021-09-21 17:00:38.116 | INFO     | __main__:<module>:160 - Loss: 0.69578
2021-09-21 17:00:38.116 | INFO     | __main__:<module>:160 - Loss: 0.69578
2021-09-21 17:00:38.116 | INFO     | __main__:<module>:160 - Loss: 0.69578
2021-09-21 17:00:38.116 | INFO     | __main__:<module>:160 - Loss: 0.69578
2021-09-21 17:00:38.116 | INFO     | __main__:<module>:160 - Loss: 0.69578
2021-09-21 17:00:38.116 | INFO     | __main__:<module>:160 - Loss: 0.69578
2021-09-21 17:00:38.116 | INFO     | __main__:<module>:160 - Loss: 0.69578
2021-09-21 17:00:38.116 | INFO     | __main__:<module>:160 - Loss: 0.69578
2021-09-21 17:00:38.116 | INFO     | __main__:<module>:160 - Loss: 0.69578
2021-09-21 17:00:38.116 | INFO     | __main__:<module>:160 - Loss: 0.69578
2021-09-21 17:00:38.116 | INFO     | __main__:<module>:160 - Loss: 0.69578
2021-09-21 17:00:38.116 | INFO     | __main__:<module>:160 - Loss: 0.69578
2021-09-21 17:00:38.116 | INFO     | __main__:<module>:160 - Loss: 0.69578
2021-09-21 17:00:38.116 | INFO     | __main__:<module>:160 - Loss: 0.69578
2021-09-21 17:00:38.116 | INFO     | __main__:<module>:160 - Loss: 0.69578
2021-09-21 17:00:38.116 | INFO     | __main__:<module>:160 - Loss: 0.69578
2021-09-21 17:00:38.116 | INFO     | __main__:<module>:160 - Loss: 0.69578
2021-09-21 17:00:38.116 | INFO     | __main__:<module>:160 - Loss: 0.69578
2021-09-21 17:00:38.116 | INFO     | __main__:<module>:160 - Loss: 0.69578
2021-09-21 17:00:38.116 | INFO     | __main__:<module>:160 - Loss: 0.69578
2021-09-21 17:00:38.116 | INFO     | __main__:<module>:160 - Loss: 0.69578
2021-09-21 17:00:38.116 | INFO     | __main__:<module>:160 - Loss: 0.69578
2021-09-21 17:00:38.116 | INFO     | __main__:<module>:160 - Loss: 0.69578
2021-09-21 17:00:38.116 | INFO     | __main__:<module>:160 - Loss: 0.69578
2021-09-21 17:00:38.116 | INFO     | __main__:<module>:160 - Loss: 0.69578
2021-09-21 17:00:38.138 | INFO     | __main__:<module>:160 - Loss: 0.69576
2021-09-21 17:00:38.138 | INFO     | __main__:<module>:160 - Loss: 0.69576
2021-09-21 17:00:38.138 | INFO     | __main__:<module>:160 - Loss: 0.69576
2021-09-21 17:00:38.138 | INFO     | __main__:<module>:160 - Loss: 0.69576
2021-09-21 17:00:38.138 | INFO     | __main__:<module>:160 - Loss: 0.69576
2021-09-21 17:00:38.138 | INFO     | __main__:<module>:160 - Loss: 0.69576
2021-09-21 17:00:38.138 | INFO     | __main__:<module>:160 - Loss: 0.69576
2021-09-21 17:00:38.138 | INFO     | __main__:<module>:160 - Loss: 0.69576
2021-09-21 17:00:38.138 | INFO     | __main__:<module>:160 - Loss: 0.69576
2021-09-21 17:00:38.138 | INFO     | __main__:<module>:160 - Loss: 0.69576
2021-09-21 17:00:38.138 | INFO     | __main__:<module>:160 - Loss: 0.69576
2021-09-21 17:00:38.138 | INFO     | __main__:<module>:160 - Loss: 0.69576
2021-09-21 17:00:38.138 | INFO     | __main__:<module>:160 - Loss: 0.69576
2021-09-21 17:00:38.138 | INFO     | __main__:<module>:160 - Loss: 0.69576
2021-09-21 17:00:38.138 | INFO     | __main__:<module>:160 - Loss: 0.69576
2021-09-21 17:00:38.138 | INFO     | __main__:<module>:160 - Loss: 0.69576
2021-09-21 17:00:38.138 | INFO     | __main__:<module>:160 - Loss: 0.69576
2021-09-21 17:00:38.138 | INFO     | __main__:<module>:160 - Loss: 0.69576
2021-09-21 17:00:38.138 | INFO     | __main__:<module>:160 - Loss: 0.69576
2021-09-21 17:00:38.138 | INFO     | __main__:<module>:160 - Loss: 0.69576
2021-09-21 17:00:38.138 | INFO     | __main__:<module>:160 - Loss: 0.69576
2021-09-21 17:00:38.138 | INFO     | __main__:<module>:160 - Loss: 0.69576
2021-09-21 17:00:38.138 | INFO     | __main__:<module>:160 - Loss: 0.69576
2021-09-21 17:00:38.138 | INFO     | __main__:<module>:160 - Loss: 0.69576
2021-09-21 17:00:38.138 | INFO     | __main__:<module>:160 - Loss: 0.69576
2021-09-21 17:00:38.138 | INFO     | __main__:<module>:160 - Loss: 0.69576
2021-09-21 17:00:38.138 | INFO     | __main__:<module>:160 - Loss: 0.69576
2021-09-21 17:00:38.138 | INFO     | __main__:<module>:160 - Loss: 0.69576
2021-09-21 17:00:38.138 | INFO     | __main__:<module>:160 - Loss: 0.69576
2021-09-21 17:00:38.138 | INFO     | __main__:<module>:160 - Loss: 0.69576
2021-09-21 17:00:38.138 | INFO     | __main__:<module>:160 - Loss: 0.69576
2021-09-21 17:00:38.138 | INFO     | __main__:<module>:160 - Loss: 0.69576
2021-09-21 17:00:38.138 | INFO     | __main__:<module>:160 - Loss: 0.69576
2021-09-21 17:00:38.138 | INFO     | __main__:<module>:160 - Loss: 0.69576
2021-09-21 17:00:38.138 | INFO     | __main__:<module>:160 - Loss: 0.69576
2021-09-21 17:00:38.138 | INFO     | __main__:<module>:160 - Loss: 0.69576
2021-09-21 17:00:38.138 | INFO     | __main__:<module>:160 - Loss: 0.69576
2021-09-21 17:00:38.138 | INFO     | __main__:<module>:160 - Loss: 0.69576
2021-09-21 17:00:38.138 | INFO     | __main__:<module>:160 - Loss: 0.69576
2021-09-21 17:00:38.138 | INFO     | __main__:<module>:160 - Loss: 0.69576
2021-09-21 17:00:38.138 | INFO     | __main__:<module>:160 - Loss: 0.69576
2021-09-21 17:00:38.138 | INFO     | __main__:<module>:160 - Loss: 0.69576
2021-09-21 17:00:38.138 | INFO     | __main__:<module>:160 - Loss: 0.69576
2021-09-21 17:00:38.138 | INFO     | __main__:<module>:160 - Loss: 0.69576
2021-09-21 17:00:38.138 | INFO     | __main__:<module>:160 - Loss: 0.69576
2021-09-21 17:00:38.138 | INFO     | __main__:<module>:160 - Loss: 0.69576
2021-09-21 17:00:38.138 | INFO     | __main__:<module>:160 - Loss: 0.69576
2021-09-21 17:00:38.138 | INFO     | __main__:<module>:160 - Loss: 0.69576
2021-09-21 17:00:38.138 | INFO     | __main__:<module>:160 - Loss: 0.69576
2021-09-21 17:00:38.138 | INFO     | __main__:<module>:160 - Loss: 0.69576
2021-09-21 17:00:38.138 | INFO     | __main__:<module>:160 - Loss: 0.69576
2021-09-21 17:00:38.138 | INFO     | __main__:<module>:160 - Loss: 0.69576
2021-09-21 17:00:38.138 | INFO     | __main__:<module>:160 - Loss: 0.69576
2021-09-21 17:00:38.138 | INFO     | __main__:<module>:160 - Loss: 0.69576
2021-09-21 17:00:38.138 | INFO     | __main__:<module>:160 - Loss: 0.69576
2021-09-21 17:00:38.138 | INFO     | __main__:<module>:160 - Loss: 0.69576
2021-09-21 17:00:38.138 | INFO     | __main__:<module>:160 - Loss: 0.69576
2021-09-21 17:00:38.138 | INFO     | __main__:<module>:160 - Loss: 0.69576
2021-09-21 17:00:38.138 | INFO     | __main__:<module>:160 - Loss: 0.69576
2021-09-21 17:00:38.138 | INFO     | __main__:<module>:160 - Loss: 0.69576
2021-09-21 17:00:38.138 | INFO     | __main__:<module>:160 - Loss: 0.69576
2021-09-21 17:00:38.138 | INFO     | __main__:<module>:160 - Loss: 0.69576
2021-09-21 17:00:38.138 | INFO     | __main__:<module>:160 - Loss: 0.69576
2021-09-21 17:00:38.138 | INFO     | __main__:<module>:160 - Loss: 0.69576
2021-09-21 17:00:38.138 | INFO     | __main__:<module>:160 - Loss: 0.69576
2021-09-21 17:00:38.138 | INFO     | __main__:<module>:160 - Loss: 0.69576
2021-09-21 17:00:38.138 | INFO     | __main__:<module>:160 - Loss: 0.69576
2021-09-21 17:00:38.138 | INFO     | __main__:<module>:160 - Loss: 0.69576
2021-09-21 17:00:38.138 | INFO     | __main__:<module>:160 - Loss: 0.69576
2021-09-21 17:00:38.138 | INFO     | __main__:<module>:160 - Loss: 0.69576
2021-09-21 17:00:38.138 | INFO     | __main__:<module>:160 - Loss: 0.69576
2021-09-21 17:00:38.138 | INFO     | __main__:<module>:160 - Loss: 0.69576
2021-09-21 17:00:38.138 | INFO     | __main__:<module>:160 - Loss: 0.69576
2021-09-21 17:00:38.138 | INFO     | __main__:<module>:160 - Loss: 0.69576
2021-09-21 17:00:38.138 | INFO     | __main__:<module>:160 - Loss: 0.69576
2021-09-21 17:00:38.138 | INFO     | __main__:<module>:160 - Loss: 0.69576
2021-09-21 17:00:38.138 | INFO     | __main__:<module>:160 - Loss: 0.69576
2021-09-21 17:00:38.138 | INFO     | __main__:<module>:160 - Loss: 0.69576
2021-09-21 17:00:38.138 | INFO     | __main__:<module>:160 - Loss: 0.69576
2021-09-21 17:00:38.138 | INFO     | __main__:<module>:160 - Loss: 0.69576
2021-09-21 17:00:38.138 | INFO     | __main__:<module>:160 - Loss: 0.69576
2021-09-21 17:00:38.161 | INFO     | __main__:<module>:160 - Loss: 0.69574
2021-09-21 17:00:38.161 | INFO     | __main__:<module>:160 - Loss: 0.69574
2021-09-21 17:00:38.161 | INFO     | __main__:<module>:160 - Loss: 0.69574
2021-09-21 17:00:38.161 | INFO     | __main__:<module>:160 - Loss: 0.69574
2021-09-21 17:00:38.161 | INFO     | __main__:<module>:160 - Loss: 0.69574
2021-09-21 17:00:38.161 | INFO     | __main__:<module>:160 - Loss: 0.69574
2021-09-21 17:00:38.161 | INFO     | __main__:<module>:160 - Loss: 0.69574
2021-09-21 17:00:38.161 | INFO     | __main__:<module>:160 - Loss: 0.69574
2021-09-21 17:00:38.161 | INFO     | __main__:<module>:160 - Loss: 0.69574
2021-09-21 17:00:38.161 | INFO     | __main__:<module>:160 - Loss: 0.69574
2021-09-21 17:00:38.161 | INFO     | __main__:<module>:160 - Loss: 0.69574
2021-09-21 17:00:38.161 | INFO     | __main__:<module>:160 - Loss: 0.69574
2021-09-21 17:00:38.161 | INFO     | __main__:<module>:160 - Loss: 0.69574
2021-09-21 17:00:38.161 | INFO     | __main__:<module>:160 - Loss: 0.69574
2021-09-21 17:00:38.161 | INFO     | __main__:<module>:160 - Loss: 0.69574
2021-09-21 17:00:38.161 | INFO     | __main__:<module>:160 - Loss: 0.69574
2021-09-21 17:00:38.161 | INFO     | __main__:<module>:160 - Loss: 0.69574
2021-09-21 17:00:38.161 | INFO     | __main__:<module>:160 - Loss: 0.69574
2021-09-21 17:00:38.161 | INFO     | __main__:<module>:160 - Loss: 0.69574
2021-09-21 17:00:38.161 | INFO     | __main__:<module>:160 - Loss: 0.69574
2021-09-21 17:00:38.161 | INFO     | __main__:<module>:160 - Loss: 0.69574
2021-09-21 17:00:38.161 | INFO     | __main__:<module>:160 - Loss: 0.69574
2021-09-21 17:00:38.161 | INFO     | __main__:<module>:160 - Loss: 0.69574
2021-09-21 17:00:38.161 | INFO     | __main__:<module>:160 - Loss: 0.69574
2021-09-21 17:00:38.161 | INFO     | __main__:<module>:160 - Loss: 0.69574
2021-09-21 17:00:38.161 | INFO     | __main__:<module>:160 - Loss: 0.69574
2021-09-21 17:00:38.161 | INFO     | __main__:<module>:160 - Loss: 0.69574
2021-09-21 17:00:38.161 | INFO     | __main__:<module>:160 - Loss: 0.69574
2021-09-21 17:00:38.161 | INFO     | __main__:<module>:160 - Loss: 0.69574
2021-09-21 17:00:38.161 | INFO     | __main__:<module>:160 - Loss: 0.69574
2021-09-21 17:00:38.161 | INFO     | __main__:<module>:160 - Loss: 0.69574
2021-09-21 17:00:38.161 | INFO     | __main__:<module>:160 - Loss: 0.69574
2021-09-21 17:00:38.161 | INFO     | __main__:<module>:160 - Loss: 0.69574
2021-09-21 17:00:38.161 | INFO     | __main__:<module>:160 - Loss: 0.69574
2021-09-21 17:00:38.161 | INFO     | __main__:<module>:160 - Loss: 0.69574
2021-09-21 17:00:38.161 | INFO     | __main__:<module>:160 - Loss: 0.69574
2021-09-21 17:00:38.161 | INFO     | __main__:<module>:160 - Loss: 0.69574
2021-09-21 17:00:38.161 | INFO     | __main__:<module>:160 - Loss: 0.69574
2021-09-21 17:00:38.161 | INFO     | __main__:<module>:160 - Loss: 0.69574
2021-09-21 17:00:38.161 | INFO     | __main__:<module>:160 - Loss: 0.69574
2021-09-21 17:00:38.161 | INFO     | __main__:<module>:160 - Loss: 0.69574
2021-09-21 17:00:38.161 | INFO     | __main__:<module>:160 - Loss: 0.69574
2021-09-21 17:00:38.161 | INFO     | __main__:<module>:160 - Loss: 0.69574
2021-09-21 17:00:38.161 | INFO     | __main__:<module>:160 - Loss: 0.69574
2021-09-21 17:00:38.161 | INFO     | __main__:<module>:160 - Loss: 0.69574
2021-09-21 17:00:38.161 | INFO     | __main__:<module>:160 - Loss: 0.69574
2021-09-21 17:00:38.161 | INFO     | __main__:<module>:160 - Loss: 0.69574
2021-09-21 17:00:38.161 | INFO     | __main__:<module>:160 - Loss: 0.69574
2021-09-21 17:00:38.161 | INFO     | __main__:<module>:160 - Loss: 0.69574
2021-09-21 17:00:38.161 | INFO     | __main__:<module>:160 - Loss: 0.69574
2021-09-21 17:00:38.161 | INFO     | __main__:<module>:160 - Loss: 0.69574
2021-09-21 17:00:38.161 | INFO     | __main__:<module>:160 - Loss: 0.69574
2021-09-21 17:00:38.161 | INFO     | __main__:<module>:160 - Loss: 0.69574
2021-09-21 17:00:38.161 | INFO     | __main__:<module>:160 - Loss: 0.69574
2021-09-21 17:00:38.161 | INFO     | __main__:<module>:160 - Loss: 0.69574
2021-09-21 17:00:38.161 | INFO     | __main__:<module>:160 - Loss: 0.69574
2021-09-21 17:00:38.161 | INFO     | __main__:<module>:160 - Loss: 0.69574
2021-09-21 17:00:38.161 | INFO     | __main__:<module>:160 - Loss: 0.69574
2021-09-21 17:00:38.161 | INFO     | __main__:<module>:160 - Loss: 0.69574
2021-09-21 17:00:38.161 | INFO     | __main__:<module>:160 - Loss: 0.69574
2021-09-21 17:00:38.161 | INFO     | __main__:<module>:160 - Loss: 0.69574
2021-09-21 17:00:38.161 | INFO     | __main__:<module>:160 - Loss: 0.69574
2021-09-21 17:00:38.161 | INFO     | __main__:<module>:160 - Loss: 0.69574
2021-09-21 17:00:38.161 | INFO     | __main__:<module>:160 - Loss: 0.69574
2021-09-21 17:00:38.161 | INFO     | __main__:<module>:160 - Loss: 0.69574
2021-09-21 17:00:38.161 | INFO     | __main__:<module>:160 - Loss: 0.69574
2021-09-21 17:00:38.161 | INFO     | __main__:<module>:160 - Loss: 0.69574
2021-09-21 17:00:38.161 | INFO     | __main__:<module>:160 - Loss: 0.69574
2021-09-21 17:00:38.161 | INFO     | __main__:<module>:160 - Loss: 0.69574
2021-09-21 17:00:38.161 | INFO     | __main__:<module>:160 - Loss: 0.69574
2021-09-21 17:00:38.161 | INFO     | __main__:<module>:160 - Loss: 0.69574
2021-09-21 17:00:38.161 | INFO     | __main__:<module>:160 - Loss: 0.69574
2021-09-21 17:00:38.161 | INFO     | __main__:<module>:160 - Loss: 0.69574
2021-09-21 17:00:38.161 | INFO     | __main__:<module>:160 - Loss: 0.69574
2021-09-21 17:00:38.161 | INFO     | __main__:<module>:160 - Loss: 0.69574
2021-09-21 17:00:38.161 | INFO     | __main__:<module>:160 - Loss: 0.69574
2021-09-21 17:00:38.161 | INFO     | __main__:<module>:160 - Loss: 0.69574
2021-09-21 17:00:38.161 | INFO     | __main__:<module>:160 - Loss: 0.69574
2021-09-21 17:00:38.161 | INFO     | __main__:<module>:160 - Loss: 0.69574
2021-09-21 17:00:38.161 | INFO     | __main__:<module>:160 - Loss: 0.69574
2021-09-21 17:00:38.161 | INFO     | __main__:<module>:160 - Loss: 0.69574
2021-09-21 17:00:38.161 | INFO     | __main__:<module>:160 - Loss: 0.69574
2021-09-21 17:00:38.183 | INFO     | __main__:<module>:160 - Loss: 0.69572
2021-09-21 17:00:38.183 | INFO     | __main__:<module>:160 - Loss: 0.69572
2021-09-21 17:00:38.183 | INFO     | __main__:<module>:160 - Loss: 0.69572
2021-09-21 17:00:38.183 | INFO     | __main__:<module>:160 - Loss: 0.69572
2021-09-21 17:00:38.183 | INFO     | __main__:<module>:160 - Loss: 0.69572
2021-09-21 17:00:38.183 | INFO     | __main__:<module>:160 - Loss: 0.69572
2021-09-21 17:00:38.183 | INFO     | __main__:<module>:160 - Loss: 0.69572
2021-09-21 17:00:38.183 | INFO     | __main__:<module>:160 - Loss: 0.69572
2021-09-21 17:00:38.183 | INFO     | __main__:<module>:160 - Loss: 0.69572
2021-09-21 17:00:38.183 | INFO     | __main__:<module>:160 - Loss: 0.69572
2021-09-21 17:00:38.183 | INFO     | __main__:<module>:160 - Loss: 0.69572
2021-09-21 17:00:38.183 | INFO     | __main__:<module>:160 - Loss: 0.69572
2021-09-21 17:00:38.183 | INFO     | __main__:<module>:160 - Loss: 0.69572
2021-09-21 17:00:38.183 | INFO     | __main__:<module>:160 - Loss: 0.69572
2021-09-21 17:00:38.183 | INFO     | __main__:<module>:160 - Loss: 0.69572
2021-09-21 17:00:38.183 | INFO     | __main__:<module>:160 - Loss: 0.69572
2021-09-21 17:00:38.183 | INFO     | __main__:<module>:160 - Loss: 0.69572
2021-09-21 17:00:38.183 | INFO     | __main__:<module>:160 - Loss: 0.69572
2021-09-21 17:00:38.183 | INFO     | __main__:<module>:160 - Loss: 0.69572
2021-09-21 17:00:38.183 | INFO     | __main__:<module>:160 - Loss: 0.69572
2021-09-21 17:00:38.183 | INFO     | __main__:<module>:160 - Loss: 0.69572
2021-09-21 17:00:38.183 | INFO     | __main__:<module>:160 - Loss: 0.69572
2021-09-21 17:00:38.183 | INFO     | __main__:<module>:160 - Loss: 0.69572
2021-09-21 17:00:38.183 | INFO     | __main__:<module>:160 - Loss: 0.69572
2021-09-21 17:00:38.183 | INFO     | __main__:<module>:160 - Loss: 0.69572
2021-09-21 17:00:38.183 | INFO     | __main__:<module>:160 - Loss: 0.69572
2021-09-21 17:00:38.183 | INFO     | __main__:<module>:160 - Loss: 0.69572
2021-09-21 17:00:38.183 | INFO     | __main__:<module>:160 - Loss: 0.69572
2021-09-21 17:00:38.183 | INFO     | __main__:<module>:160 - Loss: 0.69572
2021-09-21 17:00:38.183 | INFO     | __main__:<module>:160 - Loss: 0.69572
2021-09-21 17:00:38.183 | INFO     | __main__:<module>:160 - Loss: 0.69572
2021-09-21 17:00:38.183 | INFO     | __main__:<module>:160 - Loss: 0.69572
2021-09-21 17:00:38.183 | INFO     | __main__:<module>:160 - Loss: 0.69572
2021-09-21 17:00:38.183 | INFO     | __main__:<module>:160 - Loss: 0.69572
2021-09-21 17:00:38.183 | INFO     | __main__:<module>:160 - Loss: 0.69572
2021-09-21 17:00:38.183 | INFO     | __main__:<module>:160 - Loss: 0.69572
2021-09-21 17:00:38.183 | INFO     | __main__:<module>:160 - Loss: 0.69572
2021-09-21 17:00:38.183 | INFO     | __main__:<module>:160 - Loss: 0.69572
2021-09-21 17:00:38.183 | INFO     | __main__:<module>:160 - Loss: 0.69572
2021-09-21 17:00:38.183 | INFO     | __main__:<module>:160 - Loss: 0.69572
2021-09-21 17:00:38.183 | INFO     | __main__:<module>:160 - Loss: 0.69572
2021-09-21 17:00:38.183 | INFO     | __main__:<module>:160 - Loss: 0.69572
2021-09-21 17:00:38.183 | INFO     | __main__:<module>:160 - Loss: 0.69572
2021-09-21 17:00:38.183 | INFO     | __main__:<module>:160 - Loss: 0.69572
2021-09-21 17:00:38.183 | INFO     | __main__:<module>:160 - Loss: 0.69572
2021-09-21 17:00:38.183 | INFO     | __main__:<module>:160 - Loss: 0.69572
2021-09-21 17:00:38.183 | INFO     | __main__:<module>:160 - Loss: 0.69572
2021-09-21 17:00:38.183 | INFO     | __main__:<module>:160 - Loss: 0.69572
2021-09-21 17:00:38.183 | INFO     | __main__:<module>:160 - Loss: 0.69572
2021-09-21 17:00:38.183 | INFO     | __main__:<module>:160 - Loss: 0.69572
2021-09-21 17:00:38.183 | INFO     | __main__:<module>:160 - Loss: 0.69572
2021-09-21 17:00:38.183 | INFO     | __main__:<module>:160 - Loss: 0.69572
2021-09-21 17:00:38.183 | INFO     | __main__:<module>:160 - Loss: 0.69572
2021-09-21 17:00:38.183 | INFO     | __main__:<module>:160 - Loss: 0.69572
2021-09-21 17:00:38.183 | INFO     | __main__:<module>:160 - Loss: 0.69572
2021-09-21 17:00:38.183 | INFO     | __main__:<module>:160 - Loss: 0.69572
2021-09-21 17:00:38.183 | INFO     | __main__:<module>:160 - Loss: 0.69572
2021-09-21 17:00:38.183 | INFO     | __main__:<module>:160 - Loss: 0.69572
2021-09-21 17:00:38.183 | INFO     | __main__:<module>:160 - Loss: 0.69572
2021-09-21 17:00:38.183 | INFO     | __main__:<module>:160 - Loss: 0.69572
2021-09-21 17:00:38.183 | INFO     | __main__:<module>:160 - Loss: 0.69572
2021-09-21 17:00:38.183 | INFO     | __main__:<module>:160 - Loss: 0.69572
2021-09-21 17:00:38.183 | INFO     | __main__:<module>:160 - Loss: 0.69572
2021-09-21 17:00:38.183 | INFO     | __main__:<module>:160 - Loss: 0.69572
2021-09-21 17:00:38.183 | INFO     | __main__:<module>:160 - Loss: 0.69572
2021-09-21 17:00:38.183 | INFO     | __main__:<module>:160 - Loss: 0.69572
2021-09-21 17:00:38.183 | INFO     | __main__:<module>:160 - Loss: 0.69572
2021-09-21 17:00:38.183 | INFO     | __main__:<module>:160 - Loss: 0.69572
2021-09-21 17:00:38.183 | INFO     | __main__:<module>:160 - Loss: 0.69572
2021-09-21 17:00:38.183 | INFO     | __main__:<module>:160 - Loss: 0.69572
2021-09-21 17:00:38.183 | INFO     | __main__:<module>:160 - Loss: 0.69572
2021-09-21 17:00:38.183 | INFO     | __main__:<module>:160 - Loss: 0.69572
2021-09-21 17:00:38.183 | INFO     | __main__:<module>:160 - Loss: 0.69572
2021-09-21 17:00:38.183 | INFO     | __main__:<module>:160 - Loss: 0.69572
2021-09-21 17:00:38.183 | INFO     | __main__:<module>:160 - Loss: 0.69572
2021-09-21 17:00:38.183 | INFO     | __main__:<module>:160 - Loss: 0.69572
2021-09-21 17:00:38.183 | INFO     | __main__:<module>:160 - Loss: 0.69572
2021-09-21 17:00:38.183 | INFO     | __main__:<module>:160 - Loss: 0.69572
2021-09-21 17:00:38.183 | INFO     | __main__:<module>:160 - Loss: 0.69572
2021-09-21 17:00:38.183 | INFO     | __main__:<module>:160 - Loss: 0.69572
2021-09-21 17:00:38.183 | INFO     | __main__:<module>:160 - Loss: 0.69572
2021-09-21 17:00:38.183 | INFO     | __main__:<module>:160 - Loss: 0.69572
2021-09-21 17:00:38.183 | INFO     | __main__:<module>:160 - Loss: 0.69572
2021-09-21 17:00:38.205 | INFO     | __main__:<module>:160 - Loss: 0.69570
2021-09-21 17:00:38.205 | INFO     | __main__:<module>:160 - Loss: 0.69570
2021-09-21 17:00:38.205 | INFO     | __main__:<module>:160 - Loss: 0.69570
2021-09-21 17:00:38.205 | INFO     | __main__:<module>:160 - Loss: 0.69570
2021-09-21 17:00:38.205 | INFO     | __main__:<module>:160 - Loss: 0.69570
2021-09-21 17:00:38.205 | INFO     | __main__:<module>:160 - Loss: 0.69570
2021-09-21 17:00:38.205 | INFO     | __main__:<module>:160 - Loss: 0.69570
2021-09-21 17:00:38.205 | INFO     | __main__:<module>:160 - Loss: 0.69570
2021-09-21 17:00:38.205 | INFO     | __main__:<module>:160 - Loss: 0.69570
2021-09-21 17:00:38.205 | INFO     | __main__:<module>:160 - Loss: 0.69570
2021-09-21 17:00:38.205 | INFO     | __main__:<module>:160 - Loss: 0.69570
2021-09-21 17:00:38.205 | INFO     | __main__:<module>:160 - Loss: 0.69570
2021-09-21 17:00:38.205 | INFO     | __main__:<module>:160 - Loss: 0.69570
2021-09-21 17:00:38.205 | INFO     | __main__:<module>:160 - Loss: 0.69570
2021-09-21 17:00:38.205 | INFO     | __main__:<module>:160 - Loss: 0.69570
2021-09-21 17:00:38.205 | INFO     | __main__:<module>:160 - Loss: 0.69570
2021-09-21 17:00:38.205 | INFO     | __main__:<module>:160 - Loss: 0.69570
2021-09-21 17:00:38.205 | INFO     | __main__:<module>:160 - Loss: 0.69570
2021-09-21 17:00:38.205 | INFO     | __main__:<module>:160 - Loss: 0.69570
2021-09-21 17:00:38.205 | INFO     | __main__:<module>:160 - Loss: 0.69570
2021-09-21 17:00:38.205 | INFO     | __main__:<module>:160 - Loss: 0.69570
2021-09-21 17:00:38.205 | INFO     | __main__:<module>:160 - Loss: 0.69570
2021-09-21 17:00:38.205 | INFO     | __main__:<module>:160 - Loss: 0.69570
2021-09-21 17:00:38.205 | INFO     | __main__:<module>:160 - Loss: 0.69570
2021-09-21 17:00:38.205 | INFO     | __main__:<module>:160 - Loss: 0.69570
2021-09-21 17:00:38.205 | INFO     | __main__:<module>:160 - Loss: 0.69570
2021-09-21 17:00:38.205 | INFO     | __main__:<module>:160 - Loss: 0.69570
2021-09-21 17:00:38.205 | INFO     | __main__:<module>:160 - Loss: 0.69570
2021-09-21 17:00:38.205 | INFO     | __main__:<module>:160 - Loss: 0.69570
2021-09-21 17:00:38.205 | INFO     | __main__:<module>:160 - Loss: 0.69570
2021-09-21 17:00:38.205 | INFO     | __main__:<module>:160 - Loss: 0.69570
2021-09-21 17:00:38.205 | INFO     | __main__:<module>:160 - Loss: 0.69570
2021-09-21 17:00:38.205 | INFO     | __main__:<module>:160 - Loss: 0.69570
2021-09-21 17:00:38.205 | INFO     | __main__:<module>:160 - Loss: 0.69570
2021-09-21 17:00:38.205 | INFO     | __main__:<module>:160 - Loss: 0.69570
2021-09-21 17:00:38.205 | INFO     | __main__:<module>:160 - Loss: 0.69570
2021-09-21 17:00:38.205 | INFO     | __main__:<module>:160 - Loss: 0.69570
2021-09-21 17:00:38.205 | INFO     | __main__:<module>:160 - Loss: 0.69570
2021-09-21 17:00:38.205 | INFO     | __main__:<module>:160 - Loss: 0.69570
2021-09-21 17:00:38.205 | INFO     | __main__:<module>:160 - Loss: 0.69570
2021-09-21 17:00:38.205 | INFO     | __main__:<module>:160 - Loss: 0.69570
2021-09-21 17:00:38.205 | INFO     | __main__:<module>:160 - Loss: 0.69570
2021-09-21 17:00:38.205 | INFO     | __main__:<module>:160 - Loss: 0.69570
2021-09-21 17:00:38.205 | INFO     | __main__:<module>:160 - Loss: 0.69570
2021-09-21 17:00:38.205 | INFO     | __main__:<module>:160 - Loss: 0.69570
2021-09-21 17:00:38.205 | INFO     | __main__:<module>:160 - Loss: 0.69570
2021-09-21 17:00:38.205 | INFO     | __main__:<module>:160 - Loss: 0.69570
2021-09-21 17:00:38.205 | INFO     | __main__:<module>:160 - Loss: 0.69570
2021-09-21 17:00:38.205 | INFO     | __main__:<module>:160 - Loss: 0.69570
2021-09-21 17:00:38.205 | INFO     | __main__:<module>:160 - Loss: 0.69570
2021-09-21 17:00:38.205 | INFO     | __main__:<module>:160 - Loss: 0.69570
2021-09-21 17:00:38.205 | INFO     | __main__:<module>:160 - Loss: 0.69570
2021-09-21 17:00:38.205 | INFO     | __main__:<module>:160 - Loss: 0.69570
2021-09-21 17:00:38.205 | INFO     | __main__:<module>:160 - Loss: 0.69570
2021-09-21 17:00:38.205 | INFO     | __main__:<module>:160 - Loss: 0.69570
2021-09-21 17:00:38.205 | INFO     | __main__:<module>:160 - Loss: 0.69570
2021-09-21 17:00:38.205 | INFO     | __main__:<module>:160 - Loss: 0.69570
2021-09-21 17:00:38.205 | INFO     | __main__:<module>:160 - Loss: 0.69570
2021-09-21 17:00:38.205 | INFO     | __main__:<module>:160 - Loss: 0.69570
2021-09-21 17:00:38.205 | INFO     | __main__:<module>:160 - Loss: 0.69570
2021-09-21 17:00:38.205 | INFO     | __main__:<module>:160 - Loss: 0.69570
2021-09-21 17:00:38.205 | INFO     | __main__:<module>:160 - Loss: 0.69570
2021-09-21 17:00:38.205 | INFO     | __main__:<module>:160 - Loss: 0.69570
2021-09-21 17:00:38.205 | INFO     | __main__:<module>:160 - Loss: 0.69570
2021-09-21 17:00:38.205 | INFO     | __main__:<module>:160 - Loss: 0.69570
2021-09-21 17:00:38.205 | INFO     | __main__:<module>:160 - Loss: 0.69570
2021-09-21 17:00:38.205 | INFO     | __main__:<module>:160 - Loss: 0.69570
2021-09-21 17:00:38.205 | INFO     | __main__:<module>:160 - Loss: 0.69570
2021-09-21 17:00:38.205 | INFO     | __main__:<module>:160 - Loss: 0.69570
2021-09-21 17:00:38.205 | INFO     | __main__:<module>:160 - Loss: 0.69570
2021-09-21 17:00:38.205 | INFO     | __main__:<module>:160 - Loss: 0.69570
2021-09-21 17:00:38.205 | INFO     | __main__:<module>:160 - Loss: 0.69570
2021-09-21 17:00:38.205 | INFO     | __main__:<module>:160 - Loss: 0.69570
2021-09-21 17:00:38.205 | INFO     | __main__:<module>:160 - Loss: 0.69570
2021-09-21 17:00:38.205 | INFO     | __main__:<module>:160 - Loss: 0.69570
2021-09-21 17:00:38.205 | INFO     | __main__:<module>:160 - Loss: 0.69570
2021-09-21 17:00:38.205 | INFO     | __main__:<module>:160 - Loss: 0.69570
2021-09-21 17:00:38.205 | INFO     | __main__:<module>:160 - Loss: 0.69570
2021-09-21 17:00:38.205 | INFO     | __main__:<module>:160 - Loss: 0.69570
2021-09-21 17:00:38.205 | INFO     | __main__:<module>:160 - Loss: 0.69570
2021-09-21 17:00:38.205 | INFO     | __main__:<module>:160 - Loss: 0.69570
2021-09-21 17:00:38.205 | INFO     | __main__:<module>:160 - Loss: 0.69570
2021-09-21 17:00:38.205 | INFO     | __main__:<module>:160 - Loss: 0.69570
2021-09-21 17:00:38.205 | INFO     | __main__:<module>:160 - Loss: 0.69570
2021-09-21 17:00:38.226 | INFO     | __main__:<module>:160 - Loss: 0.69568
2021-09-21 17:00:38.226 | INFO     | __main__:<module>:160 - Loss: 0.69568
2021-09-21 17:00:38.226 | INFO     | __main__:<module>:160 - Loss: 0.69568
2021-09-21 17:00:38.226 | INFO     | __main__:<module>:160 - Loss: 0.69568
2021-09-21 17:00:38.226 | INFO     | __main__:<module>:160 - Loss: 0.69568
2021-09-21 17:00:38.226 | INFO     | __main__:<module>:160 - Loss: 0.69568
2021-09-21 17:00:38.226 | INFO     | __main__:<module>:160 - Loss: 0.69568
2021-09-21 17:00:38.226 | INFO     | __main__:<module>:160 - Loss: 0.69568
2021-09-21 17:00:38.226 | INFO     | __main__:<module>:160 - Loss: 0.69568
2021-09-21 17:00:38.226 | INFO     | __main__:<module>:160 - Loss: 0.69568
2021-09-21 17:00:38.226 | INFO     | __main__:<module>:160 - Loss: 0.69568
2021-09-21 17:00:38.226 | INFO     | __main__:<module>:160 - Loss: 0.69568
2021-09-21 17:00:38.226 | INFO     | __main__:<module>:160 - Loss: 0.69568
2021-09-21 17:00:38.226 | INFO     | __main__:<module>:160 - Loss: 0.69568
2021-09-21 17:00:38.226 | INFO     | __main__:<module>:160 - Loss: 0.69568
2021-09-21 17:00:38.226 | INFO     | __main__:<module>:160 - Loss: 0.69568
2021-09-21 17:00:38.226 | INFO     | __main__:<module>:160 - Loss: 0.69568
2021-09-21 17:00:38.226 | INFO     | __main__:<module>:160 - Loss: 0.69568
2021-09-21 17:00:38.226 | INFO     | __main__:<module>:160 - Loss: 0.69568
2021-09-21 17:00:38.226 | INFO     | __main__:<module>:160 - Loss: 0.69568
2021-09-21 17:00:38.226 | INFO     | __main__:<module>:160 - Loss: 0.69568
2021-09-21 17:00:38.226 | INFO     | __main__:<module>:160 - Loss: 0.69568
2021-09-21 17:00:38.226 | INFO     | __main__:<module>:160 - Loss: 0.69568
2021-09-21 17:00:38.226 | INFO     | __main__:<module>:160 - Loss: 0.69568
2021-09-21 17:00:38.226 | INFO     | __main__:<module>:160 - Loss: 0.69568
2021-09-21 17:00:38.226 | INFO     | __main__:<module>:160 - Loss: 0.69568
2021-09-21 17:00:38.226 | INFO     | __main__:<module>:160 - Loss: 0.69568
2021-09-21 17:00:38.226 | INFO     | __main__:<module>:160 - Loss: 0.69568
2021-09-21 17:00:38.226 | INFO     | __main__:<module>:160 - Loss: 0.69568
2021-09-21 17:00:38.226 | INFO     | __main__:<module>:160 - Loss: 0.69568
2021-09-21 17:00:38.226 | INFO     | __main__:<module>:160 - Loss: 0.69568
2021-09-21 17:00:38.226 | INFO     | __main__:<module>:160 - Loss: 0.69568
2021-09-21 17:00:38.226 | INFO     | __main__:<module>:160 - Loss: 0.69568
2021-09-21 17:00:38.226 | INFO     | __main__:<module>:160 - Loss: 0.69568
2021-09-21 17:00:38.226 | INFO     | __main__:<module>:160 - Loss: 0.69568
2021-09-21 17:00:38.226 | INFO     | __main__:<module>:160 - Loss: 0.69568
2021-09-21 17:00:38.226 | INFO     | __main__:<module>:160 - Loss: 0.69568
2021-09-21 17:00:38.226 | INFO     | __main__:<module>:160 - Loss: 0.69568
2021-09-21 17:00:38.226 | INFO     | __main__:<module>:160 - Loss: 0.69568
2021-09-21 17:00:38.226 | INFO     | __main__:<module>:160 - Loss: 0.69568
2021-09-21 17:00:38.226 | INFO     | __main__:<module>:160 - Loss: 0.69568
2021-09-21 17:00:38.226 | INFO     | __main__:<module>:160 - Loss: 0.69568
2021-09-21 17:00:38.226 | INFO     | __main__:<module>:160 - Loss: 0.69568
2021-09-21 17:00:38.226 | INFO     | __main__:<module>:160 - Loss: 0.69568
2021-09-21 17:00:38.226 | INFO     | __main__:<module>:160 - Loss: 0.69568
2021-09-21 17:00:38.226 | INFO     | __main__:<module>:160 - Loss: 0.69568
2021-09-21 17:00:38.226 | INFO     | __main__:<module>:160 - Loss: 0.69568
2021-09-21 17:00:38.226 | INFO     | __main__:<module>:160 - Loss: 0.69568
2021-09-21 17:00:38.226 | INFO     | __main__:<module>:160 - Loss: 0.69568
2021-09-21 17:00:38.226 | INFO     | __main__:<module>:160 - Loss: 0.69568
2021-09-21 17:00:38.226 | INFO     | __main__:<module>:160 - Loss: 0.69568
2021-09-21 17:00:38.226 | INFO     | __main__:<module>:160 - Loss: 0.69568
2021-09-21 17:00:38.226 | INFO     | __main__:<module>:160 - Loss: 0.69568
2021-09-21 17:00:38.226 | INFO     | __main__:<module>:160 - Loss: 0.69568
2021-09-21 17:00:38.226 | INFO     | __main__:<module>:160 - Loss: 0.69568
2021-09-21 17:00:38.226 | INFO     | __main__:<module>:160 - Loss: 0.69568
2021-09-21 17:00:38.226 | INFO     | __main__:<module>:160 - Loss: 0.69568
2021-09-21 17:00:38.226 | INFO     | __main__:<module>:160 - Loss: 0.69568
2021-09-21 17:00:38.226 | INFO     | __main__:<module>:160 - Loss: 0.69568
2021-09-21 17:00:38.226 | INFO     | __main__:<module>:160 - Loss: 0.69568
2021-09-21 17:00:38.226 | INFO     | __main__:<module>:160 - Loss: 0.69568
2021-09-21 17:00:38.226 | INFO     | __main__:<module>:160 - Loss: 0.69568
2021-09-21 17:00:38.226 | INFO     | __main__:<module>:160 - Loss: 0.69568
2021-09-21 17:00:38.226 | INFO     | __main__:<module>:160 - Loss: 0.69568
2021-09-21 17:00:38.226 | INFO     | __main__:<module>:160 - Loss: 0.69568
2021-09-21 17:00:38.226 | INFO     | __main__:<module>:160 - Loss: 0.69568
2021-09-21 17:00:38.226 | INFO     | __main__:<module>:160 - Loss: 0.69568
2021-09-21 17:00:38.226 | INFO     | __main__:<module>:160 - Loss: 0.69568
2021-09-21 17:00:38.226 | INFO     | __main__:<module>:160 - Loss: 0.69568
2021-09-21 17:00:38.226 | INFO     | __main__:<module>:160 - Loss: 0.69568
2021-09-21 17:00:38.226 | INFO     | __main__:<module>:160 - Loss: 0.69568
2021-09-21 17:00:38.226 | INFO     | __main__:<module>:160 - Loss: 0.69568
2021-09-21 17:00:38.226 | INFO     | __main__:<module>:160 - Loss: 0.69568
2021-09-21 17:00:38.226 | INFO     | __main__:<module>:160 - Loss: 0.69568
2021-09-21 17:00:38.226 | INFO     | __main__:<module>:160 - Loss: 0.69568
2021-09-21 17:00:38.226 | INFO     | __main__:<module>:160 - Loss: 0.69568
2021-09-21 17:00:38.226 | INFO     | __main__:<module>:160 - Loss: 0.69568
2021-09-21 17:00:38.226 | INFO     | __main__:<module>:160 - Loss: 0.69568
2021-09-21 17:00:38.226 | INFO     | __main__:<module>:160 - Loss: 0.69568
2021-09-21 17:00:38.226 | INFO     | __main__:<module>:160 - Loss: 0.69568
2021-09-21 17:00:38.226 | INFO     | __main__:<module>:160 - Loss: 0.69568
2021-09-21 17:00:38.226 | INFO     | __main__:<module>:160 - Loss: 0.69568
2021-09-21 17:00:38.226 | INFO     | __main__:<module>:160 - Loss: 0.69568
2021-09-21 17:00:38.226 | INFO     | __main__:<module>:160 - Loss: 0.69568
2021-09-21 17:00:38.226 | INFO     | __main__:<module>:160 - Loss: 0.69568
2021-09-21 17:00:38.245 | INFO     | __main__:<module>:160 - Loss: 0.69566
2021-09-21 17:00:38.245 | INFO     | __main__:<module>:160 - Loss: 0.69566
2021-09-21 17:00:38.245 | INFO     | __main__:<module>:160 - Loss: 0.69566
2021-09-21 17:00:38.245 | INFO     | __main__:<module>:160 - Loss: 0.69566
2021-09-21 17:00:38.245 | INFO     | __main__:<module>:160 - Loss: 0.69566
2021-09-21 17:00:38.245 | INFO     | __main__:<module>:160 - Loss: 0.69566
2021-09-21 17:00:38.245 | INFO     | __main__:<module>:160 - Loss: 0.69566
2021-09-21 17:00:38.245 | INFO     | __main__:<module>:160 - Loss: 0.69566
2021-09-21 17:00:38.245 | INFO     | __main__:<module>:160 - Loss: 0.69566
2021-09-21 17:00:38.245 | INFO     | __main__:<module>:160 - Loss: 0.69566
2021-09-21 17:00:38.245 | INFO     | __main__:<module>:160 - Loss: 0.69566
2021-09-21 17:00:38.245 | INFO     | __main__:<module>:160 - Loss: 0.69566
2021-09-21 17:00:38.245 | INFO     | __main__:<module>:160 - Loss: 0.69566
2021-09-21 17:00:38.245 | INFO     | __main__:<module>:160 - Loss: 0.69566
2021-09-21 17:00:38.245 | INFO     | __main__:<module>:160 - Loss: 0.69566
2021-09-21 17:00:38.245 | INFO     | __main__:<module>:160 - Loss: 0.69566
2021-09-21 17:00:38.245 | INFO     | __main__:<module>:160 - Loss: 0.69566
2021-09-21 17:00:38.245 | INFO     | __main__:<module>:160 - Loss: 0.69566
2021-09-21 17:00:38.245 | INFO     | __main__:<module>:160 - Loss: 0.69566
2021-09-21 17:00:38.245 | INFO     | __main__:<module>:160 - Loss: 0.69566
2021-09-21 17:00:38.245 | INFO     | __main__:<module>:160 - Loss: 0.69566
2021-09-21 17:00:38.245 | INFO     | __main__:<module>:160 - Loss: 0.69566
2021-09-21 17:00:38.245 | INFO     | __main__:<module>:160 - Loss: 0.69566
2021-09-21 17:00:38.245 | INFO     | __main__:<module>:160 - Loss: 0.69566
2021-09-21 17:00:38.245 | INFO     | __main__:<module>:160 - Loss: 0.69566
2021-09-21 17:00:38.245 | INFO     | __main__:<module>:160 - Loss: 0.69566
2021-09-21 17:00:38.245 | INFO     | __main__:<module>:160 - Loss: 0.69566
2021-09-21 17:00:38.245 | INFO     | __main__:<module>:160 - Loss: 0.69566
2021-09-21 17:00:38.245 | INFO     | __main__:<module>:160 - Loss: 0.69566
2021-09-21 17:00:38.245 | INFO     | __main__:<module>:160 - Loss: 0.69566
2021-09-21 17:00:38.245 | INFO     | __main__:<module>:160 - Loss: 0.69566
2021-09-21 17:00:38.245 | INFO     | __main__:<module>:160 - Loss: 0.69566
2021-09-21 17:00:38.245 | INFO     | __main__:<module>:160 - Loss: 0.69566
2021-09-21 17:00:38.245 | INFO     | __main__:<module>:160 - Loss: 0.69566
2021-09-21 17:00:38.245 | INFO     | __main__:<module>:160 - Loss: 0.69566
2021-09-21 17:00:38.245 | INFO     | __main__:<module>:160 - Loss: 0.69566
2021-09-21 17:00:38.245 | INFO     | __main__:<module>:160 - Loss: 0.69566
2021-09-21 17:00:38.245 | INFO     | __main__:<module>:160 - Loss: 0.69566
2021-09-21 17:00:38.245 | INFO     | __main__:<module>:160 - Loss: 0.69566
2021-09-21 17:00:38.245 | INFO     | __main__:<module>:160 - Loss: 0.69566
2021-09-21 17:00:38.245 | INFO     | __main__:<module>:160 - Loss: 0.69566
2021-09-21 17:00:38.245 | INFO     | __main__:<module>:160 - Loss: 0.69566
2021-09-21 17:00:38.245 | INFO     | __main__:<module>:160 - Loss: 0.69566
2021-09-21 17:00:38.245 | INFO     | __main__:<module>:160 - Loss: 0.69566
2021-09-21 17:00:38.245 | INFO     | __main__:<module>:160 - Loss: 0.69566
2021-09-21 17:00:38.245 | INFO     | __main__:<module>:160 - Loss: 0.69566
2021-09-21 17:00:38.245 | INFO     | __main__:<module>:160 - Loss: 0.69566
2021-09-21 17:00:38.245 | INFO     | __main__:<module>:160 - Loss: 0.69566
2021-09-21 17:00:38.245 | INFO     | __main__:<module>:160 - Loss: 0.69566
2021-09-21 17:00:38.245 | INFO     | __main__:<module>:160 - Loss: 0.69566
2021-09-21 17:00:38.245 | INFO     | __main__:<module>:160 - Loss: 0.69566
2021-09-21 17:00:38.245 | INFO     | __main__:<module>:160 - Loss: 0.69566
2021-09-21 17:00:38.245 | INFO     | __main__:<module>:160 - Loss: 0.69566
2021-09-21 17:00:38.245 | INFO     | __main__:<module>:160 - Loss: 0.69566
2021-09-21 17:00:38.245 | INFO     | __main__:<module>:160 - Loss: 0.69566
2021-09-21 17:00:38.245 | INFO     | __main__:<module>:160 - Loss: 0.69566
2021-09-21 17:00:38.245 | INFO     | __main__:<module>:160 - Loss: 0.69566
2021-09-21 17:00:38.245 | INFO     | __main__:<module>:160 - Loss: 0.69566
2021-09-21 17:00:38.245 | INFO     | __main__:<module>:160 - Loss: 0.69566
2021-09-21 17:00:38.245 | INFO     | __main__:<module>:160 - Loss: 0.69566
2021-09-21 17:00:38.245 | INFO     | __main__:<module>:160 - Loss: 0.69566
2021-09-21 17:00:38.245 | INFO     | __main__:<module>:160 - Loss: 0.69566
2021-09-21 17:00:38.245 | INFO     | __main__:<module>:160 - Loss: 0.69566
2021-09-21 17:00:38.245 | INFO     | __main__:<module>:160 - Loss: 0.69566
2021-09-21 17:00:38.245 | INFO     | __main__:<module>:160 - Loss: 0.69566
2021-09-21 17:00:38.245 | INFO     | __main__:<module>:160 - Loss: 0.69566
2021-09-21 17:00:38.245 | INFO     | __main__:<module>:160 - Loss: 0.69566
2021-09-21 17:00:38.245 | INFO     | __main__:<module>:160 - Loss: 0.69566
2021-09-21 17:00:38.245 | INFO     | __main__:<module>:160 - Loss: 0.69566
2021-09-21 17:00:38.245 | INFO     | __main__:<module>:160 - Loss: 0.69566
2021-09-21 17:00:38.245 | INFO     | __main__:<module>:160 - Loss: 0.69566
2021-09-21 17:00:38.245 | INFO     | __main__:<module>:160 - Loss: 0.69566
2021-09-21 17:00:38.245 | INFO     | __main__:<module>:160 - Loss: 0.69566
2021-09-21 17:00:38.245 | INFO     | __main__:<module>:160 - Loss: 0.69566
2021-09-21 17:00:38.245 | INFO     | __main__:<module>:160 - Loss: 0.69566
2021-09-21 17:00:38.245 | INFO     | __main__:<module>:160 - Loss: 0.69566
2021-09-21 17:00:38.245 | INFO     | __main__:<module>:160 - Loss: 0.69566
2021-09-21 17:00:38.245 | INFO     | __main__:<module>:160 - Loss: 0.69566
2021-09-21 17:00:38.245 | INFO     | __main__:<module>:160 - Loss: 0.69566
2021-09-21 17:00:38.245 | INFO     | __main__:<module>:160 - Loss: 0.69566
2021-09-21 17:00:38.245 | INFO     | __main__:<module>:160 - Loss: 0.69566
2021-09-21 17:00:38.245 | INFO     | __main__:<module>:160 - Loss: 0.69566
2021-09-21 17:00:38.245 | INFO     | __main__:<module>:160 - Loss: 0.69566
2021-09-21 17:00:38.245 | INFO     | __main__:<module>:160 - Loss: 0.69566
2021-09-21 17:00:38.245 | INFO     | __main__:<module>:160 - Loss: 0.69566
2021-09-21 17:00:38.245 | INFO     | __main__:<module>:160 - Loss: 0.69566
2021-09-21 17:00:38.265 | INFO     | __main__:<module>:160 - Loss: 0.69564
2021-09-21 17:00:38.265 | INFO     | __main__:<module>:160 - Loss: 0.69564
2021-09-21 17:00:38.265 | INFO     | __main__:<module>:160 - Loss: 0.69564
2021-09-21 17:00:38.265 | INFO     | __main__:<module>:160 - Loss: 0.69564
2021-09-21 17:00:38.265 | INFO     | __main__:<module>:160 - Loss: 0.69564
2021-09-21 17:00:38.265 | INFO     | __main__:<module>:160 - Loss: 0.69564
2021-09-21 17:00:38.265 | INFO     | __main__:<module>:160 - Loss: 0.69564
2021-09-21 17:00:38.265 | INFO     | __main__:<module>:160 - Loss: 0.69564
2021-09-21 17:00:38.265 | INFO     | __main__:<module>:160 - Loss: 0.69564
2021-09-21 17:00:38.265 | INFO     | __main__:<module>:160 - Loss: 0.69564
2021-09-21 17:00:38.265 | INFO     | __main__:<module>:160 - Loss: 0.69564
2021-09-21 17:00:38.265 | INFO     | __main__:<module>:160 - Loss: 0.69564
2021-09-21 17:00:38.265 | INFO     | __main__:<module>:160 - Loss: 0.69564
2021-09-21 17:00:38.265 | INFO     | __main__:<module>:160 - Loss: 0.69564
2021-09-21 17:00:38.265 | INFO     | __main__:<module>:160 - Loss: 0.69564
2021-09-21 17:00:38.265 | INFO     | __main__:<module>:160 - Loss: 0.69564
2021-09-21 17:00:38.265 | INFO     | __main__:<module>:160 - Loss: 0.69564
2021-09-21 17:00:38.265 | INFO     | __main__:<module>:160 - Loss: 0.69564
2021-09-21 17:00:38.265 | INFO     | __main__:<module>:160 - Loss: 0.69564
2021-09-21 17:00:38.265 | INFO     | __main__:<module>:160 - Loss: 0.69564
2021-09-21 17:00:38.265 | INFO     | __main__:<module>:160 - Loss: 0.69564
2021-09-21 17:00:38.265 | INFO     | __main__:<module>:160 - Loss: 0.69564
2021-09-21 17:00:38.265 | INFO     | __main__:<module>:160 - Loss: 0.69564
2021-09-21 17:00:38.265 | INFO     | __main__:<module>:160 - Loss: 0.69564
2021-09-21 17:00:38.265 | INFO     | __main__:<module>:160 - Loss: 0.69564
2021-09-21 17:00:38.265 | INFO     | __main__:<module>:160 - Loss: 0.69564
2021-09-21 17:00:38.265 | INFO     | __main__:<module>:160 - Loss: 0.69564
2021-09-21 17:00:38.265 | INFO     | __main__:<module>:160 - Loss: 0.69564
2021-09-21 17:00:38.265 | INFO     | __main__:<module>:160 - Loss: 0.69564
2021-09-21 17:00:38.265 | INFO     | __main__:<module>:160 - Loss: 0.69564
2021-09-21 17:00:38.265 | INFO     | __main__:<module>:160 - Loss: 0.69564
2021-09-21 17:00:38.265 | INFO     | __main__:<module>:160 - Loss: 0.69564
2021-09-21 17:00:38.265 | INFO     | __main__:<module>:160 - Loss: 0.69564
2021-09-21 17:00:38.265 | INFO     | __main__:<module>:160 - Loss: 0.69564
2021-09-21 17:00:38.265 | INFO     | __main__:<module>:160 - Loss: 0.69564
2021-09-21 17:00:38.265 | INFO     | __main__:<module>:160 - Loss: 0.69564
2021-09-21 17:00:38.265 | INFO     | __main__:<module>:160 - Loss: 0.69564
2021-09-21 17:00:38.265 | INFO     | __main__:<module>:160 - Loss: 0.69564
2021-09-21 17:00:38.265 | INFO     | __main__:<module>:160 - Loss: 0.69564
2021-09-21 17:00:38.265 | INFO     | __main__:<module>:160 - Loss: 0.69564
2021-09-21 17:00:38.265 | INFO     | __main__:<module>:160 - Loss: 0.69564
2021-09-21 17:00:38.265 | INFO     | __main__:<module>:160 - Loss: 0.69564
2021-09-21 17:00:38.265 | INFO     | __main__:<module>:160 - Loss: 0.69564
2021-09-21 17:00:38.265 | INFO     | __main__:<module>:160 - Loss: 0.69564
2021-09-21 17:00:38.265 | INFO     | __main__:<module>:160 - Loss: 0.69564
2021-09-21 17:00:38.265 | INFO     | __main__:<module>:160 - Loss: 0.69564
2021-09-21 17:00:38.265 | INFO     | __main__:<module>:160 - Loss: 0.69564
2021-09-21 17:00:38.265 | INFO     | __main__:<module>:160 - Loss: 0.69564
2021-09-21 17:00:38.265 | INFO     | __main__:<module>:160 - Loss: 0.69564
2021-09-21 17:00:38.265 | INFO     | __main__:<module>:160 - Loss: 0.69564
2021-09-21 17:00:38.265 | INFO     | __main__:<module>:160 - Loss: 0.69564
2021-09-21 17:00:38.265 | INFO     | __main__:<module>:160 - Loss: 0.69564
2021-09-21 17:00:38.265 | INFO     | __main__:<module>:160 - Loss: 0.69564
2021-09-21 17:00:38.265 | INFO     | __main__:<module>:160 - Loss: 0.69564
2021-09-21 17:00:38.265 | INFO     | __main__:<module>:160 - Loss: 0.69564
2021-09-21 17:00:38.265 | INFO     | __main__:<module>:160 - Loss: 0.69564
2021-09-21 17:00:38.265 | INFO     | __main__:<module>:160 - Loss: 0.69564
2021-09-21 17:00:38.265 | INFO     | __main__:<module>:160 - Loss: 0.69564
2021-09-21 17:00:38.265 | INFO     | __main__:<module>:160 - Loss: 0.69564
2021-09-21 17:00:38.265 | INFO     | __main__:<module>:160 - Loss: 0.69564
2021-09-21 17:00:38.265 | INFO     | __main__:<module>:160 - Loss: 0.69564
2021-09-21 17:00:38.265 | INFO     | __main__:<module>:160 - Loss: 0.69564
2021-09-21 17:00:38.265 | INFO     | __main__:<module>:160 - Loss: 0.69564
2021-09-21 17:00:38.265 | INFO     | __main__:<module>:160 - Loss: 0.69564
2021-09-21 17:00:38.265 | INFO     | __main__:<module>:160 - Loss: 0.69564
2021-09-21 17:00:38.265 | INFO     | __main__:<module>:160 - Loss: 0.69564
2021-09-21 17:00:38.265 | INFO     | __main__:<module>:160 - Loss: 0.69564
2021-09-21 17:00:38.265 | INFO     | __main__:<module>:160 - Loss: 0.69564
2021-09-21 17:00:38.265 | INFO     | __main__:<module>:160 - Loss: 0.69564
2021-09-21 17:00:38.265 | INFO     | __main__:<module>:160 - Loss: 0.69564
2021-09-21 17:00:38.265 | INFO     | __main__:<module>:160 - Loss: 0.69564
2021-09-21 17:00:38.265 | INFO     | __main__:<module>:160 - Loss: 0.69564
2021-09-21 17:00:38.265 | INFO     | __main__:<module>:160 - Loss: 0.69564
2021-09-21 17:00:38.265 | INFO     | __main__:<module>:160 - Loss: 0.69564
2021-09-21 17:00:38.265 | INFO     | __main__:<module>:160 - Loss: 0.69564
2021-09-21 17:00:38.265 | INFO     | __main__:<module>:160 - Loss: 0.69564
2021-09-21 17:00:38.265 | INFO     | __main__:<module>:160 - Loss: 0.69564
2021-09-21 17:00:38.265 | INFO     | __main__:<module>:160 - Loss: 0.69564
2021-09-21 17:00:38.265 | INFO     | __main__:<module>:160 - Loss: 0.69564
2021-09-21 17:00:38.265 | INFO     | __main__:<module>:160 - Loss: 0.69564
2021-09-21 17:00:38.265 | INFO     | __main__:<module>:160 - Loss: 0.69564
2021-09-21 17:00:38.265 | INFO     | __main__:<module>:160 - Loss: 0.69564
2021-09-21 17:00:38.265 | INFO     | __main__:<module>:160 - Loss: 0.69564
2021-09-21 17:00:38.265 | INFO     | __main__:<module>:160 - Loss: 0.69564
2021-09-21 17:00:38.265 | INFO     | __main__:<module>:160 - Loss: 0.69564
2021-09-21 17:00:38.265 | INFO     | __main__:<module>:160 - Loss: 0.69564
2021-09-21 17:00:38.265 | INFO     | __main__:<module>:160 - Loss: 0.69564
2021-09-21 17:00:38.285 | INFO     | __main__:<module>:160 - Loss: 0.69562
2021-09-21 17:00:38.285 | INFO     | __main__:<module>:160 - Loss: 0.69562
2021-09-21 17:00:38.285 | INFO     | __main__:<module>:160 - Loss: 0.69562
2021-09-21 17:00:38.285 | INFO     | __main__:<module>:160 - Loss: 0.69562
2021-09-21 17:00:38.285 | INFO     | __main__:<module>:160 - Loss: 0.69562
2021-09-21 17:00:38.285 | INFO     | __main__:<module>:160 - Loss: 0.69562
2021-09-21 17:00:38.285 | INFO     | __main__:<module>:160 - Loss: 0.69562
2021-09-21 17:00:38.285 | INFO     | __main__:<module>:160 - Loss: 0.69562
2021-09-21 17:00:38.285 | INFO     | __main__:<module>:160 - Loss: 0.69562
2021-09-21 17:00:38.285 | INFO     | __main__:<module>:160 - Loss: 0.69562
2021-09-21 17:00:38.285 | INFO     | __main__:<module>:160 - Loss: 0.69562
2021-09-21 17:00:38.285 | INFO     | __main__:<module>:160 - Loss: 0.69562
2021-09-21 17:00:38.285 | INFO     | __main__:<module>:160 - Loss: 0.69562
2021-09-21 17:00:38.285 | INFO     | __main__:<module>:160 - Loss: 0.69562
2021-09-21 17:00:38.285 | INFO     | __main__:<module>:160 - Loss: 0.69562
2021-09-21 17:00:38.285 | INFO     | __main__:<module>:160 - Loss: 0.69562
2021-09-21 17:00:38.285 | INFO     | __main__:<module>:160 - Loss: 0.69562
2021-09-21 17:00:38.285 | INFO     | __main__:<module>:160 - Loss: 0.69562
2021-09-21 17:00:38.285 | INFO     | __main__:<module>:160 - Loss: 0.69562
2021-09-21 17:00:38.285 | INFO     | __main__:<module>:160 - Loss: 0.69562
2021-09-21 17:00:38.285 | INFO     | __main__:<module>:160 - Loss: 0.69562
2021-09-21 17:00:38.285 | INFO     | __main__:<module>:160 - Loss: 0.69562
2021-09-21 17:00:38.285 | INFO     | __main__:<module>:160 - Loss: 0.69562
2021-09-21 17:00:38.285 | INFO     | __main__:<module>:160 - Loss: 0.69562
2021-09-21 17:00:38.285 | INFO     | __main__:<module>:160 - Loss: 0.69562
2021-09-21 17:00:38.285 | INFO     | __main__:<module>:160 - Loss: 0.69562
2021-09-21 17:00:38.285 | INFO     | __main__:<module>:160 - Loss: 0.69562
2021-09-21 17:00:38.285 | INFO     | __main__:<module>:160 - Loss: 0.69562
2021-09-21 17:00:38.285 | INFO     | __main__:<module>:160 - Loss: 0.69562
2021-09-21 17:00:38.285 | INFO     | __main__:<module>:160 - Loss: 0.69562
2021-09-21 17:00:38.285 | INFO     | __main__:<module>:160 - Loss: 0.69562
2021-09-21 17:00:38.285 | INFO     | __main__:<module>:160 - Loss: 0.69562
2021-09-21 17:00:38.285 | INFO     | __main__:<module>:160 - Loss: 0.69562
2021-09-21 17:00:38.285 | INFO     | __main__:<module>:160 - Loss: 0.69562
2021-09-21 17:00:38.285 | INFO     | __main__:<module>:160 - Loss: 0.69562
2021-09-21 17:00:38.285 | INFO     | __main__:<module>:160 - Loss: 0.69562
2021-09-21 17:00:38.285 | INFO     | __main__:<module>:160 - Loss: 0.69562
2021-09-21 17:00:38.285 | INFO     | __main__:<module>:160 - Loss: 0.69562
2021-09-21 17:00:38.285 | INFO     | __main__:<module>:160 - Loss: 0.69562
2021-09-21 17:00:38.285 | INFO     | __main__:<module>:160 - Loss: 0.69562
2021-09-21 17:00:38.285 | INFO     | __main__:<module>:160 - Loss: 0.69562
2021-09-21 17:00:38.285 | INFO     | __main__:<module>:160 - Loss: 0.69562
2021-09-21 17:00:38.285 | INFO     | __main__:<module>:160 - Loss: 0.69562
2021-09-21 17:00:38.285 | INFO     | __main__:<module>:160 - Loss: 0.69562
2021-09-21 17:00:38.285 | INFO     | __main__:<module>:160 - Loss: 0.69562
2021-09-21 17:00:38.285 | INFO     | __main__:<module>:160 - Loss: 0.69562
2021-09-21 17:00:38.285 | INFO     | __main__:<module>:160 - Loss: 0.69562
2021-09-21 17:00:38.285 | INFO     | __main__:<module>:160 - Loss: 0.69562
2021-09-21 17:00:38.285 | INFO     | __main__:<module>:160 - Loss: 0.69562
2021-09-21 17:00:38.285 | INFO     | __main__:<module>:160 - Loss: 0.69562
2021-09-21 17:00:38.285 | INFO     | __main__:<module>:160 - Loss: 0.69562
2021-09-21 17:00:38.285 | INFO     | __main__:<module>:160 - Loss: 0.69562
2021-09-21 17:00:38.285 | INFO     | __main__:<module>:160 - Loss: 0.69562
2021-09-21 17:00:38.285 | INFO     | __main__:<module>:160 - Loss: 0.69562
2021-09-21 17:00:38.285 | INFO     | __main__:<module>:160 - Loss: 0.69562
2021-09-21 17:00:38.285 | INFO     | __main__:<module>:160 - Loss: 0.69562
2021-09-21 17:00:38.285 | INFO     | __main__:<module>:160 - Loss: 0.69562
2021-09-21 17:00:38.285 | INFO     | __main__:<module>:160 - Loss: 0.69562
2021-09-21 17:00:38.285 | INFO     | __main__:<module>:160 - Loss: 0.69562
2021-09-21 17:00:38.285 | INFO     | __main__:<module>:160 - Loss: 0.69562
2021-09-21 17:00:38.285 | INFO     | __main__:<module>:160 - Loss: 0.69562
2021-09-21 17:00:38.285 | INFO     | __main__:<module>:160 - Loss: 0.69562
2021-09-21 17:00:38.285 | INFO     | __main__:<module>:160 - Loss: 0.69562
2021-09-21 17:00:38.285 | INFO     | __main__:<module>:160 - Loss: 0.69562
2021-09-21 17:00:38.285 | INFO     | __main__:<module>:160 - Loss: 0.69562
2021-09-21 17:00:38.285 | INFO     | __main__:<module>:160 - Loss: 0.69562
2021-09-21 17:00:38.285 | INFO     | __main__:<module>:160 - Loss: 0.69562
2021-09-21 17:00:38.285 | INFO     | __main__:<module>:160 - Loss: 0.69562
2021-09-21 17:00:38.285 | INFO     | __main__:<module>:160 - Loss: 0.69562
2021-09-21 17:00:38.285 | INFO     | __main__:<module>:160 - Loss: 0.69562
2021-09-21 17:00:38.285 | INFO     | __main__:<module>:160 - Loss: 0.69562
2021-09-21 17:00:38.285 | INFO     | __main__:<module>:160 - Loss: 0.69562
2021-09-21 17:00:38.285 | INFO     | __main__:<module>:160 - Loss: 0.69562
2021-09-21 17:00:38.285 | INFO     | __main__:<module>:160 - Loss: 0.69562
2021-09-21 17:00:38.285 | INFO     | __main__:<module>:160 - Loss: 0.69562
2021-09-21 17:00:38.285 | INFO     | __main__:<module>:160 - Loss: 0.69562
2021-09-21 17:00:38.285 | INFO     | __main__:<module>:160 - Loss: 0.69562
2021-09-21 17:00:38.285 | INFO     | __main__:<module>:160 - Loss: 0.69562
2021-09-21 17:00:38.285 | INFO     | __main__:<module>:160 - Loss: 0.69562
2021-09-21 17:00:38.285 | INFO     | __main__:<module>:160 - Loss: 0.69562
2021-09-21 17:00:38.285 | INFO     | __main__:<module>:160 - Loss: 0.69562
2021-09-21 17:00:38.285 | INFO     | __main__:<module>:160 - Loss: 0.69562
2021-09-21 17:00:38.285 | INFO     | __main__:<module>:160 - Loss: 0.69562
2021-09-21 17:00:38.285 | INFO     | __main__:<module>:160 - Loss: 0.69562
2021-09-21 17:00:38.285 | INFO     | __main__:<module>:160 - Loss: 0.69562
2021-09-21 17:00:38.285 | INFO     | __main__:<module>:160 - Loss: 0.69562
2021-09-21 17:00:38.285 | INFO     | __main__:<module>:160 - Loss: 0.69562
2021-09-21 17:00:38.285 | INFO     | __main__:<module>:160 - Loss: 0.69562
2021-09-21 17:00:38.305 | INFO     | __main__:<module>:160 - Loss: 0.69560
2021-09-21 17:00:38.305 | INFO     | __main__:<module>:160 - Loss: 0.69560
2021-09-21 17:00:38.305 | INFO     | __main__:<module>:160 - Loss: 0.69560
2021-09-21 17:00:38.305 | INFO     | __main__:<module>:160 - Loss: 0.69560
2021-09-21 17:00:38.305 | INFO     | __main__:<module>:160 - Loss: 0.69560
2021-09-21 17:00:38.305 | INFO     | __main__:<module>:160 - Loss: 0.69560
2021-09-21 17:00:38.305 | INFO     | __main__:<module>:160 - Loss: 0.69560
2021-09-21 17:00:38.305 | INFO     | __main__:<module>:160 - Loss: 0.69560
2021-09-21 17:00:38.305 | INFO     | __main__:<module>:160 - Loss: 0.69560
2021-09-21 17:00:38.305 | INFO     | __main__:<module>:160 - Loss: 0.69560
2021-09-21 17:00:38.305 | INFO     | __main__:<module>:160 - Loss: 0.69560
2021-09-21 17:00:38.305 | INFO     | __main__:<module>:160 - Loss: 0.69560
2021-09-21 17:00:38.305 | INFO     | __main__:<module>:160 - Loss: 0.69560
2021-09-21 17:00:38.305 | INFO     | __main__:<module>:160 - Loss: 0.69560
2021-09-21 17:00:38.305 | INFO     | __main__:<module>:160 - Loss: 0.69560
2021-09-21 17:00:38.305 | INFO     | __main__:<module>:160 - Loss: 0.69560
2021-09-21 17:00:38.305 | INFO     | __main__:<module>:160 - Loss: 0.69560
2021-09-21 17:00:38.305 | INFO     | __main__:<module>:160 - Loss: 0.69560
2021-09-21 17:00:38.305 | INFO     | __main__:<module>:160 - Loss: 0.69560
2021-09-21 17:00:38.305 | INFO     | __main__:<module>:160 - Loss: 0.69560
2021-09-21 17:00:38.305 | INFO     | __main__:<module>:160 - Loss: 0.69560
2021-09-21 17:00:38.305 | INFO     | __main__:<module>:160 - Loss: 0.69560
2021-09-21 17:00:38.305 | INFO     | __main__:<module>:160 - Loss: 0.69560
2021-09-21 17:00:38.305 | INFO     | __main__:<module>:160 - Loss: 0.69560
2021-09-21 17:00:38.305 | INFO     | __main__:<module>:160 - Loss: 0.69560
2021-09-21 17:00:38.305 | INFO     | __main__:<module>:160 - Loss: 0.69560
2021-09-21 17:00:38.305 | INFO     | __main__:<module>:160 - Loss: 0.69560
2021-09-21 17:00:38.305 | INFO     | __main__:<module>:160 - Loss: 0.69560
2021-09-21 17:00:38.305 | INFO     | __main__:<module>:160 - Loss: 0.69560
2021-09-21 17:00:38.305 | INFO     | __main__:<module>:160 - Loss: 0.69560
2021-09-21 17:00:38.305 | INFO     | __main__:<module>:160 - Loss: 0.69560
2021-09-21 17:00:38.305 | INFO     | __main__:<module>:160 - Loss: 0.69560
2021-09-21 17:00:38.305 | INFO     | __main__:<module>:160 - Loss: 0.69560
2021-09-21 17:00:38.305 | INFO     | __main__:<module>:160 - Loss: 0.69560
2021-09-21 17:00:38.305 | INFO     | __main__:<module>:160 - Loss: 0.69560
2021-09-21 17:00:38.305 | INFO     | __main__:<module>:160 - Loss: 0.69560
2021-09-21 17:00:38.305 | INFO     | __main__:<module>:160 - Loss: 0.69560
2021-09-21 17:00:38.305 | INFO     | __main__:<module>:160 - Loss: 0.69560
2021-09-21 17:00:38.305 | INFO     | __main__:<module>:160 - Loss: 0.69560
2021-09-21 17:00:38.305 | INFO     | __main__:<module>:160 - Loss: 0.69560
2021-09-21 17:00:38.305 | INFO     | __main__:<module>:160 - Loss: 0.69560
2021-09-21 17:00:38.305 | INFO     | __main__:<module>:160 - Loss: 0.69560
2021-09-21 17:00:38.305 | INFO     | __main__:<module>:160 - Loss: 0.69560
2021-09-21 17:00:38.305 | INFO     | __main__:<module>:160 - Loss: 0.69560
2021-09-21 17:00:38.305 | INFO     | __main__:<module>:160 - Loss: 0.69560
2021-09-21 17:00:38.305 | INFO     | __main__:<module>:160 - Loss: 0.69560
2021-09-21 17:00:38.305 | INFO     | __main__:<module>:160 - Loss: 0.69560
2021-09-21 17:00:38.305 | INFO     | __main__:<module>:160 - Loss: 0.69560
2021-09-21 17:00:38.305 | INFO     | __main__:<module>:160 - Loss: 0.69560
2021-09-21 17:00:38.305 | INFO     | __main__:<module>:160 - Loss: 0.69560
2021-09-21 17:00:38.305 | INFO     | __main__:<module>:160 - Loss: 0.69560
2021-09-21 17:00:38.305 | INFO     | __main__:<module>:160 - Loss: 0.69560
2021-09-21 17:00:38.305 | INFO     | __main__:<module>:160 - Loss: 0.69560
2021-09-21 17:00:38.305 | INFO     | __main__:<module>:160 - Loss: 0.69560
2021-09-21 17:00:38.305 | INFO     | __main__:<module>:160 - Loss: 0.69560
2021-09-21 17:00:38.305 | INFO     | __main__:<module>:160 - Loss: 0.69560
2021-09-21 17:00:38.305 | INFO     | __main__:<module>:160 - Loss: 0.69560
2021-09-21 17:00:38.305 | INFO     | __main__:<module>:160 - Loss: 0.69560
2021-09-21 17:00:38.305 | INFO     | __main__:<module>:160 - Loss: 0.69560
2021-09-21 17:00:38.305 | INFO     | __main__:<module>:160 - Loss: 0.69560
2021-09-21 17:00:38.305 | INFO     | __main__:<module>:160 - Loss: 0.69560
2021-09-21 17:00:38.305 | INFO     | __main__:<module>:160 - Loss: 0.69560
2021-09-21 17:00:38.305 | INFO     | __main__:<module>:160 - Loss: 0.69560
2021-09-21 17:00:38.305 | INFO     | __main__:<module>:160 - Loss: 0.69560
2021-09-21 17:00:38.305 | INFO     | __main__:<module>:160 - Loss: 0.69560
2021-09-21 17:00:38.305 | INFO     | __main__:<module>:160 - Loss: 0.69560
2021-09-21 17:00:38.305 | INFO     | __main__:<module>:160 - Loss: 0.69560
2021-09-21 17:00:38.305 | INFO     | __main__:<module>:160 - Loss: 0.69560
2021-09-21 17:00:38.305 | INFO     | __main__:<module>:160 - Loss: 0.69560
2021-09-21 17:00:38.305 | INFO     | __main__:<module>:160 - Loss: 0.69560
2021-09-21 17:00:38.305 | INFO     | __main__:<module>:160 - Loss: 0.69560
2021-09-21 17:00:38.305 | INFO     | __main__:<module>:160 - Loss: 0.69560
2021-09-21 17:00:38.305 | INFO     | __main__:<module>:160 - Loss: 0.69560
2021-09-21 17:00:38.305 | INFO     | __main__:<module>:160 - Loss: 0.69560
2021-09-21 17:00:38.305 | INFO     | __main__:<module>:160 - Loss: 0.69560
2021-09-21 17:00:38.305 | INFO     | __main__:<module>:160 - Loss: 0.69560
2021-09-21 17:00:38.305 | INFO     | __main__:<module>:160 - Loss: 0.69560
2021-09-21 17:00:38.305 | INFO     | __main__:<module>:160 - Loss: 0.69560
2021-09-21 17:00:38.305 | INFO     | __main__:<module>:160 - Loss: 0.69560
2021-09-21 17:00:38.305 | INFO     | __main__:<module>:160 - Loss: 0.69560
2021-09-21 17:00:38.305 | INFO     | __main__:<module>:160 - Loss: 0.69560
2021-09-21 17:00:38.305 | INFO     | __main__:<module>:160 - Loss: 0.69560
2021-09-21 17:00:38.305 | INFO     | __main__:<module>:160 - Loss: 0.69560
2021-09-21 17:00:38.305 | INFO     | __main__:<module>:160 - Loss: 0.69560
2021-09-21 17:00:38.305 | INFO     | __main__:<module>:160 - Loss: 0.69560
2021-09-21 17:00:38.305 | INFO     | __main__:<module>:160 - Loss: 0.69560
2021-09-21 17:00:38.305 | INFO     | __main__:<module>:160 - Loss: 0.69560
2021-09-21 17:00:38.305 | INFO     | __main__:<module>:160 - Loss: 0.69560
2021-09-21 17:00:38.305 | INFO     | __main__:<module>:160 - Loss: 0.69560
2021-09-21 17:00:38.330 | INFO     | __main__:<module>:160 - Loss: 0.69558
2021-09-21 17:00:38.330 | INFO     | __main__:<module>:160 - Loss: 0.69558
2021-09-21 17:00:38.330 | INFO     | __main__:<module>:160 - Loss: 0.69558
2021-09-21 17:00:38.330 | INFO     | __main__:<module>:160 - Loss: 0.69558
2021-09-21 17:00:38.330 | INFO     | __main__:<module>:160 - Loss: 0.69558
2021-09-21 17:00:38.330 | INFO     | __main__:<module>:160 - Loss: 0.69558
2021-09-21 17:00:38.330 | INFO     | __main__:<module>:160 - Loss: 0.69558
2021-09-21 17:00:38.330 | INFO     | __main__:<module>:160 - Loss: 0.69558
2021-09-21 17:00:38.330 | INFO     | __main__:<module>:160 - Loss: 0.69558
2021-09-21 17:00:38.330 | INFO     | __main__:<module>:160 - Loss: 0.69558
2021-09-21 17:00:38.330 | INFO     | __main__:<module>:160 - Loss: 0.69558
2021-09-21 17:00:38.330 | INFO     | __main__:<module>:160 - Loss: 0.69558
2021-09-21 17:00:38.330 | INFO     | __main__:<module>:160 - Loss: 0.69558
2021-09-21 17:00:38.330 | INFO     | __main__:<module>:160 - Loss: 0.69558
2021-09-21 17:00:38.330 | INFO     | __main__:<module>:160 - Loss: 0.69558
2021-09-21 17:00:38.330 | INFO     | __main__:<module>:160 - Loss: 0.69558
2021-09-21 17:00:38.330 | INFO     | __main__:<module>:160 - Loss: 0.69558
2021-09-21 17:00:38.330 | INFO     | __main__:<module>:160 - Loss: 0.69558
2021-09-21 17:00:38.330 | INFO     | __main__:<module>:160 - Loss: 0.69558
2021-09-21 17:00:38.330 | INFO     | __main__:<module>:160 - Loss: 0.69558
2021-09-21 17:00:38.330 | INFO     | __main__:<module>:160 - Loss: 0.69558
2021-09-21 17:00:38.330 | INFO     | __main__:<module>:160 - Loss: 0.69558
2021-09-21 17:00:38.330 | INFO     | __main__:<module>:160 - Loss: 0.69558
2021-09-21 17:00:38.330 | INFO     | __main__:<module>:160 - Loss: 0.69558
2021-09-21 17:00:38.330 | INFO     | __main__:<module>:160 - Loss: 0.69558
2021-09-21 17:00:38.330 | INFO     | __main__:<module>:160 - Loss: 0.69558
2021-09-21 17:00:38.330 | INFO     | __main__:<module>:160 - Loss: 0.69558
2021-09-21 17:00:38.330 | INFO     | __main__:<module>:160 - Loss: 0.69558
2021-09-21 17:00:38.330 | INFO     | __main__:<module>:160 - Loss: 0.69558
2021-09-21 17:00:38.330 | INFO     | __main__:<module>:160 - Loss: 0.69558
2021-09-21 17:00:38.330 | INFO     | __main__:<module>:160 - Loss: 0.69558
2021-09-21 17:00:38.330 | INFO     | __main__:<module>:160 - Loss: 0.69558
2021-09-21 17:00:38.330 | INFO     | __main__:<module>:160 - Loss: 0.69558
2021-09-21 17:00:38.330 | INFO     | __main__:<module>:160 - Loss: 0.69558
2021-09-21 17:00:38.330 | INFO     | __main__:<module>:160 - Loss: 0.69558
2021-09-21 17:00:38.330 | INFO     | __main__:<module>:160 - Loss: 0.69558
2021-09-21 17:00:38.330 | INFO     | __main__:<module>:160 - Loss: 0.69558
2021-09-21 17:00:38.330 | INFO     | __main__:<module>:160 - Loss: 0.69558
2021-09-21 17:00:38.330 | INFO     | __main__:<module>:160 - Loss: 0.69558
2021-09-21 17:00:38.330 | INFO     | __main__:<module>:160 - Loss: 0.69558
2021-09-21 17:00:38.330 | INFO     | __main__:<module>:160 - Loss: 0.69558
2021-09-21 17:00:38.330 | INFO     | __main__:<module>:160 - Loss: 0.69558
2021-09-21 17:00:38.330 | INFO     | __main__:<module>:160 - Loss: 0.69558
2021-09-21 17:00:38.330 | INFO     | __main__:<module>:160 - Loss: 0.69558
2021-09-21 17:00:38.330 | INFO     | __main__:<module>:160 - Loss: 0.69558
2021-09-21 17:00:38.330 | INFO     | __main__:<module>:160 - Loss: 0.69558
2021-09-21 17:00:38.330 | INFO     | __main__:<module>:160 - Loss: 0.69558
2021-09-21 17:00:38.330 | INFO     | __main__:<module>:160 - Loss: 0.69558
2021-09-21 17:00:38.330 | INFO     | __main__:<module>:160 - Loss: 0.69558
2021-09-21 17:00:38.330 | INFO     | __main__:<module>:160 - Loss: 0.69558
2021-09-21 17:00:38.330 | INFO     | __main__:<module>:160 - Loss: 0.69558
2021-09-21 17:00:38.330 | INFO     | __main__:<module>:160 - Loss: 0.69558
2021-09-21 17:00:38.330 | INFO     | __main__:<module>:160 - Loss: 0.69558
2021-09-21 17:00:38.330 | INFO     | __main__:<module>:160 - Loss: 0.69558
2021-09-21 17:00:38.330 | INFO     | __main__:<module>:160 - Loss: 0.69558
2021-09-21 17:00:38.330 | INFO     | __main__:<module>:160 - Loss: 0.69558
2021-09-21 17:00:38.330 | INFO     | __main__:<module>:160 - Loss: 0.69558
2021-09-21 17:00:38.330 | INFO     | __main__:<module>:160 - Loss: 0.69558
2021-09-21 17:00:38.330 | INFO     | __main__:<module>:160 - Loss: 0.69558
2021-09-21 17:00:38.330 | INFO     | __main__:<module>:160 - Loss: 0.69558
2021-09-21 17:00:38.330 | INFO     | __main__:<module>:160 - Loss: 0.69558
2021-09-21 17:00:38.330 | INFO     | __main__:<module>:160 - Loss: 0.69558
2021-09-21 17:00:38.330 | INFO     | __main__:<module>:160 - Loss: 0.69558
2021-09-21 17:00:38.330 | INFO     | __main__:<module>:160 - Loss: 0.69558
2021-09-21 17:00:38.330 | INFO     | __main__:<module>:160 - Loss: 0.69558
2021-09-21 17:00:38.330 | INFO     | __main__:<module>:160 - Loss: 0.69558
2021-09-21 17:00:38.330 | INFO     | __main__:<module>:160 - Loss: 0.69558
2021-09-21 17:00:38.330 | INFO     | __main__:<module>:160 - Loss: 0.69558
2021-09-21 17:00:38.330 | INFO     | __main__:<module>:160 - Loss: 0.69558
2021-09-21 17:00:38.330 | INFO     | __main__:<module>:160 - Loss: 0.69558
2021-09-21 17:00:38.330 | INFO     | __main__:<module>:160 - Loss: 0.69558
2021-09-21 17:00:38.330 | INFO     | __main__:<module>:160 - Loss: 0.69558
2021-09-21 17:00:38.330 | INFO     | __main__:<module>:160 - Loss: 0.69558
2021-09-21 17:00:38.330 | INFO     | __main__:<module>:160 - Loss: 0.69558
2021-09-21 17:00:38.330 | INFO     | __main__:<module>:160 - Loss: 0.69558
2021-09-21 17:00:38.330 | INFO     | __main__:<module>:160 - Loss: 0.69558
2021-09-21 17:00:38.330 | INFO     | __main__:<module>:160 - Loss: 0.69558
2021-09-21 17:00:38.330 | INFO     | __main__:<module>:160 - Loss: 0.69558
2021-09-21 17:00:38.330 | INFO     | __main__:<module>:160 - Loss: 0.69558
2021-09-21 17:00:38.330 | INFO     | __main__:<module>:160 - Loss: 0.69558
2021-09-21 17:00:38.330 | INFO     | __main__:<module>:160 - Loss: 0.69558
2021-09-21 17:00:38.330 | INFO     | __main__:<module>:160 - Loss: 0.69558
2021-09-21 17:00:38.330 | INFO     | __main__:<module>:160 - Loss: 0.69558
2021-09-21 17:00:38.330 | INFO     | __main__:<module>:160 - Loss: 0.69558
2021-09-21 17:00:38.330 | INFO     | __main__:<module>:160 - Loss: 0.69558
2021-09-21 17:00:38.330 | INFO     | __main__:<module>:160 - Loss: 0.69558
2021-09-21 17:00:38.330 | INFO     | __main__:<module>:160 - Loss: 0.69558
2021-09-21 17:00:38.330 | INFO     | __main__:<module>:160 - Loss: 0.69558
2021-09-21 17:00:38.330 | INFO     | __main__:<module>:160 - Loss: 0.69558
2021-09-21 17:00:38.330 | INFO     | __main__:<module>:160 - Loss: 0.69558
2021-09-21 17:00:38.354 | INFO     | __main__:<module>:160 - Loss: 0.69556
2021-09-21 17:00:38.354 | INFO     | __main__:<module>:160 - Loss: 0.69556
2021-09-21 17:00:38.354 | INFO     | __main__:<module>:160 - Loss: 0.69556
2021-09-21 17:00:38.354 | INFO     | __main__:<module>:160 - Loss: 0.69556
2021-09-21 17:00:38.354 | INFO     | __main__:<module>:160 - Loss: 0.69556
2021-09-21 17:00:38.354 | INFO     | __main__:<module>:160 - Loss: 0.69556
2021-09-21 17:00:38.354 | INFO     | __main__:<module>:160 - Loss: 0.69556
2021-09-21 17:00:38.354 | INFO     | __main__:<module>:160 - Loss: 0.69556
2021-09-21 17:00:38.354 | INFO     | __main__:<module>:160 - Loss: 0.69556
2021-09-21 17:00:38.354 | INFO     | __main__:<module>:160 - Loss: 0.69556
2021-09-21 17:00:38.354 | INFO     | __main__:<module>:160 - Loss: 0.69556
2021-09-21 17:00:38.354 | INFO     | __main__:<module>:160 - Loss: 0.69556
2021-09-21 17:00:38.354 | INFO     | __main__:<module>:160 - Loss: 0.69556
2021-09-21 17:00:38.354 | INFO     | __main__:<module>:160 - Loss: 0.69556
2021-09-21 17:00:38.354 | INFO     | __main__:<module>:160 - Loss: 0.69556
2021-09-21 17:00:38.354 | INFO     | __main__:<module>:160 - Loss: 0.69556
2021-09-21 17:00:38.354 | INFO     | __main__:<module>:160 - Loss: 0.69556
2021-09-21 17:00:38.354 | INFO     | __main__:<module>:160 - Loss: 0.69556
2021-09-21 17:00:38.354 | INFO     | __main__:<module>:160 - Loss: 0.69556
2021-09-21 17:00:38.354 | INFO     | __main__:<module>:160 - Loss: 0.69556
2021-09-21 17:00:38.354 | INFO     | __main__:<module>:160 - Loss: 0.69556
2021-09-21 17:00:38.354 | INFO     | __main__:<module>:160 - Loss: 0.69556
2021-09-21 17:00:38.354 | INFO     | __main__:<module>:160 - Loss: 0.69556
2021-09-21 17:00:38.354 | INFO     | __main__:<module>:160 - Loss: 0.69556
2021-09-21 17:00:38.354 | INFO     | __main__:<module>:160 - Loss: 0.69556
2021-09-21 17:00:38.354 | INFO     | __main__:<module>:160 - Loss: 0.69556
2021-09-21 17:00:38.354 | INFO     | __main__:<module>:160 - Loss: 0.69556
2021-09-21 17:00:38.354 | INFO     | __main__:<module>:160 - Loss: 0.69556
2021-09-21 17:00:38.354 | INFO     | __main__:<module>:160 - Loss: 0.69556
2021-09-21 17:00:38.354 | INFO     | __main__:<module>:160 - Loss: 0.69556
2021-09-21 17:00:38.354 | INFO     | __main__:<module>:160 - Loss: 0.69556
2021-09-21 17:00:38.354 | INFO     | __main__:<module>:160 - Loss: 0.69556
2021-09-21 17:00:38.354 | INFO     | __main__:<module>:160 - Loss: 0.69556
2021-09-21 17:00:38.354 | INFO     | __main__:<module>:160 - Loss: 0.69556
2021-09-21 17:00:38.354 | INFO     | __main__:<module>:160 - Loss: 0.69556
2021-09-21 17:00:38.354 | INFO     | __main__:<module>:160 - Loss: 0.69556
2021-09-21 17:00:38.354 | INFO     | __main__:<module>:160 - Loss: 0.69556
2021-09-21 17:00:38.354 | INFO     | __main__:<module>:160 - Loss: 0.69556
2021-09-21 17:00:38.354 | INFO     | __main__:<module>:160 - Loss: 0.69556
2021-09-21 17:00:38.354 | INFO     | __main__:<module>:160 - Loss: 0.69556
2021-09-21 17:00:38.354 | INFO     | __main__:<module>:160 - Loss: 0.69556
2021-09-21 17:00:38.354 | INFO     | __main__:<module>:160 - Loss: 0.69556
2021-09-21 17:00:38.354 | INFO     | __main__:<module>:160 - Loss: 0.69556
2021-09-21 17:00:38.354 | INFO     | __main__:<module>:160 - Loss: 0.69556
2021-09-21 17:00:38.354 | INFO     | __main__:<module>:160 - Loss: 0.69556
2021-09-21 17:00:38.354 | INFO     | __main__:<module>:160 - Loss: 0.69556
2021-09-21 17:00:38.354 | INFO     | __main__:<module>:160 - Loss: 0.69556
2021-09-21 17:00:38.354 | INFO     | __main__:<module>:160 - Loss: 0.69556
2021-09-21 17:00:38.354 | INFO     | __main__:<module>:160 - Loss: 0.69556
2021-09-21 17:00:38.354 | INFO     | __main__:<module>:160 - Loss: 0.69556
2021-09-21 17:00:38.354 | INFO     | __main__:<module>:160 - Loss: 0.69556
2021-09-21 17:00:38.354 | INFO     | __main__:<module>:160 - Loss: 0.69556
2021-09-21 17:00:38.354 | INFO     | __main__:<module>:160 - Loss: 0.69556
2021-09-21 17:00:38.354 | INFO     | __main__:<module>:160 - Loss: 0.69556
2021-09-21 17:00:38.354 | INFO     | __main__:<module>:160 - Loss: 0.69556
2021-09-21 17:00:38.354 | INFO     | __main__:<module>:160 - Loss: 0.69556
2021-09-21 17:00:38.354 | INFO     | __main__:<module>:160 - Loss: 0.69556
2021-09-21 17:00:38.354 | INFO     | __main__:<module>:160 - Loss: 0.69556
2021-09-21 17:00:38.354 | INFO     | __main__:<module>:160 - Loss: 0.69556
2021-09-21 17:00:38.354 | INFO     | __main__:<module>:160 - Loss: 0.69556
2021-09-21 17:00:38.354 | INFO     | __main__:<module>:160 - Loss: 0.69556
2021-09-21 17:00:38.354 | INFO     | __main__:<module>:160 - Loss: 0.69556
2021-09-21 17:00:38.354 | INFO     | __main__:<module>:160 - Loss: 0.69556
2021-09-21 17:00:38.354 | INFO     | __main__:<module>:160 - Loss: 0.69556
2021-09-21 17:00:38.354 | INFO     | __main__:<module>:160 - Loss: 0.69556
2021-09-21 17:00:38.354 | INFO     | __main__:<module>:160 - Loss: 0.69556
2021-09-21 17:00:38.354 | INFO     | __main__:<module>:160 - Loss: 0.69556
2021-09-21 17:00:38.354 | INFO     | __main__:<module>:160 - Loss: 0.69556
2021-09-21 17:00:38.354 | INFO     | __main__:<module>:160 - Loss: 0.69556
2021-09-21 17:00:38.354 | INFO     | __main__:<module>:160 - Loss: 0.69556
2021-09-21 17:00:38.354 | INFO     | __main__:<module>:160 - Loss: 0.69556
2021-09-21 17:00:38.354 | INFO     | __main__:<module>:160 - Loss: 0.69556
2021-09-21 17:00:38.354 | INFO     | __main__:<module>:160 - Loss: 0.69556
2021-09-21 17:00:38.354 | INFO     | __main__:<module>:160 - Loss: 0.69556
2021-09-21 17:00:38.354 | INFO     | __main__:<module>:160 - Loss: 0.69556
2021-09-21 17:00:38.354 | INFO     | __main__:<module>:160 - Loss: 0.69556
2021-09-21 17:00:38.354 | INFO     | __main__:<module>:160 - Loss: 0.69556
2021-09-21 17:00:38.354 | INFO     | __main__:<module>:160 - Loss: 0.69556
2021-09-21 17:00:38.354 | INFO     | __main__:<module>:160 - Loss: 0.69556
2021-09-21 17:00:38.354 | INFO     | __main__:<module>:160 - Loss: 0.69556
2021-09-21 17:00:38.354 | INFO     | __main__:<module>:160 - Loss: 0.69556
2021-09-21 17:00:38.354 | INFO     | __main__:<module>:160 - Loss: 0.69556
2021-09-21 17:00:38.354 | INFO     | __main__:<module>:160 - Loss: 0.69556
2021-09-21 17:00:38.354 | INFO     | __main__:<module>:160 - Loss: 0.69556
2021-09-21 17:00:38.354 | INFO     | __main__:<module>:160 - Loss: 0.69556
2021-09-21 17:00:38.354 | INFO     | __main__:<module>:160 - Loss: 0.69556
2021-09-21 17:00:38.354 | INFO     | __main__:<module>:160 - Loss: 0.69556
2021-09-21 17:00:38.354 | INFO     | __main__:<module>:160 - Loss: 0.69556
2021-09-21 17:00:38.354 | INFO     | __main__:<module>:160 - Loss: 0.69556
2021-09-21 17:00:38.354 | INFO     | __main__:<module>:160 - Loss: 0.69556
2021-09-21 17:00:38.354 | INFO     | __main__:<module>:160 - Loss: 0.69556
2021-09-21 17:00:38.374 | INFO     | __main__:<module>:160 - Loss: 0.69554
2021-09-21 17:00:38.374 | INFO     | __main__:<module>:160 - Loss: 0.69554
2021-09-21 17:00:38.374 | INFO     | __main__:<module>:160 - Loss: 0.69554
2021-09-21 17:00:38.374 | INFO     | __main__:<module>:160 - Loss: 0.69554
2021-09-21 17:00:38.374 | INFO     | __main__:<module>:160 - Loss: 0.69554
2021-09-21 17:00:38.374 | INFO     | __main__:<module>:160 - Loss: 0.69554
2021-09-21 17:00:38.374 | INFO     | __main__:<module>:160 - Loss: 0.69554
2021-09-21 17:00:38.374 | INFO     | __main__:<module>:160 - Loss: 0.69554
2021-09-21 17:00:38.374 | INFO     | __main__:<module>:160 - Loss: 0.69554
2021-09-21 17:00:38.374 | INFO     | __main__:<module>:160 - Loss: 0.69554
2021-09-21 17:00:38.374 | INFO     | __main__:<module>:160 - Loss: 0.69554
2021-09-21 17:00:38.374 | INFO     | __main__:<module>:160 - Loss: 0.69554
2021-09-21 17:00:38.374 | INFO     | __main__:<module>:160 - Loss: 0.69554
2021-09-21 17:00:38.374 | INFO     | __main__:<module>:160 - Loss: 0.69554
2021-09-21 17:00:38.374 | INFO     | __main__:<module>:160 - Loss: 0.69554
2021-09-21 17:00:38.374 | INFO     | __main__:<module>:160 - Loss: 0.69554
2021-09-21 17:00:38.374 | INFO     | __main__:<module>:160 - Loss: 0.69554
2021-09-21 17:00:38.374 | INFO     | __main__:<module>:160 - Loss: 0.69554
2021-09-21 17:00:38.374 | INFO     | __main__:<module>:160 - Loss: 0.69554
2021-09-21 17:00:38.374 | INFO     | __main__:<module>:160 - Loss: 0.69554
2021-09-21 17:00:38.374 | INFO     | __main__:<module>:160 - Loss: 0.69554
2021-09-21 17:00:38.374 | INFO     | __main__:<module>:160 - Loss: 0.69554
2021-09-21 17:00:38.374 | INFO     | __main__:<module>:160 - Loss: 0.69554
2021-09-21 17:00:38.374 | INFO     | __main__:<module>:160 - Loss: 0.69554
2021-09-21 17:00:38.374 | INFO     | __main__:<module>:160 - Loss: 0.69554
2021-09-21 17:00:38.374 | INFO     | __main__:<module>:160 - Loss: 0.69554
2021-09-21 17:00:38.374 | INFO     | __main__:<module>:160 - Loss: 0.69554
2021-09-21 17:00:38.374 | INFO     | __main__:<module>:160 - Loss: 0.69554
2021-09-21 17:00:38.374 | INFO     | __main__:<module>:160 - Loss: 0.69554
2021-09-21 17:00:38.374 | INFO     | __main__:<module>:160 - Loss: 0.69554
2021-09-21 17:00:38.374 | INFO     | __main__:<module>:160 - Loss: 0.69554
2021-09-21 17:00:38.374 | INFO     | __main__:<module>:160 - Loss: 0.69554
2021-09-21 17:00:38.374 | INFO     | __main__:<module>:160 - Loss: 0.69554
2021-09-21 17:00:38.374 | INFO     | __main__:<module>:160 - Loss: 0.69554
2021-09-21 17:00:38.374 | INFO     | __main__:<module>:160 - Loss: 0.69554
2021-09-21 17:00:38.374 | INFO     | __main__:<module>:160 - Loss: 0.69554
2021-09-21 17:00:38.374 | INFO     | __main__:<module>:160 - Loss: 0.69554
2021-09-21 17:00:38.374 | INFO     | __main__:<module>:160 - Loss: 0.69554
2021-09-21 17:00:38.374 | INFO     | __main__:<module>:160 - Loss: 0.69554
2021-09-21 17:00:38.374 | INFO     | __main__:<module>:160 - Loss: 0.69554
2021-09-21 17:00:38.374 | INFO     | __main__:<module>:160 - Loss: 0.69554
2021-09-21 17:00:38.374 | INFO     | __main__:<module>:160 - Loss: 0.69554
2021-09-21 17:00:38.374 | INFO     | __main__:<module>:160 - Loss: 0.69554
2021-09-21 17:00:38.374 | INFO     | __main__:<module>:160 - Loss: 0.69554
2021-09-21 17:00:38.374 | INFO     | __main__:<module>:160 - Loss: 0.69554
2021-09-21 17:00:38.374 | INFO     | __main__:<module>:160 - Loss: 0.69554
2021-09-21 17:00:38.374 | INFO     | __main__:<module>:160 - Loss: 0.69554
2021-09-21 17:00:38.374 | INFO     | __main__:<module>:160 - Loss: 0.69554
2021-09-21 17:00:38.374 | INFO     | __main__:<module>:160 - Loss: 0.69554
2021-09-21 17:00:38.374 | INFO     | __main__:<module>:160 - Loss: 0.69554
2021-09-21 17:00:38.374 | INFO     | __main__:<module>:160 - Loss: 0.69554
2021-09-21 17:00:38.374 | INFO     | __main__:<module>:160 - Loss: 0.69554
2021-09-21 17:00:38.374 | INFO     | __main__:<module>:160 - Loss: 0.69554
2021-09-21 17:00:38.374 | INFO     | __main__:<module>:160 - Loss: 0.69554
2021-09-21 17:00:38.374 | INFO     | __main__:<module>:160 - Loss: 0.69554
2021-09-21 17:00:38.374 | INFO     | __main__:<module>:160 - Loss: 0.69554
2021-09-21 17:00:38.374 | INFO     | __main__:<module>:160 - Loss: 0.69554
2021-09-21 17:00:38.374 | INFO     | __main__:<module>:160 - Loss: 0.69554
2021-09-21 17:00:38.374 | INFO     | __main__:<module>:160 - Loss: 0.69554
2021-09-21 17:00:38.374 | INFO     | __main__:<module>:160 - Loss: 0.69554
2021-09-21 17:00:38.374 | INFO     | __main__:<module>:160 - Loss: 0.69554
2021-09-21 17:00:38.374 | INFO     | __main__:<module>:160 - Loss: 0.69554
2021-09-21 17:00:38.374 | INFO     | __main__:<module>:160 - Loss: 0.69554
2021-09-21 17:00:38.374 | INFO     | __main__:<module>:160 - Loss: 0.69554
2021-09-21 17:00:38.374 | INFO     | __main__:<module>:160 - Loss: 0.69554
2021-09-21 17:00:38.374 | INFO     | __main__:<module>:160 - Loss: 0.69554
2021-09-21 17:00:38.374 | INFO     | __main__:<module>:160 - Loss: 0.69554
2021-09-21 17:00:38.374 | INFO     | __main__:<module>:160 - Loss: 0.69554
2021-09-21 17:00:38.374 | INFO     | __main__:<module>:160 - Loss: 0.69554
2021-09-21 17:00:38.374 | INFO     | __main__:<module>:160 - Loss: 0.69554
2021-09-21 17:00:38.374 | INFO     | __main__:<module>:160 - Loss: 0.69554
2021-09-21 17:00:38.374 | INFO     | __main__:<module>:160 - Loss: 0.69554
2021-09-21 17:00:38.374 | INFO     | __main__:<module>:160 - Loss: 0.69554
2021-09-21 17:00:38.374 | INFO     | __main__:<module>:160 - Loss: 0.69554
2021-09-21 17:00:38.374 | INFO     | __main__:<module>:160 - Loss: 0.69554
2021-09-21 17:00:38.374 | INFO     | __main__:<module>:160 - Loss: 0.69554
2021-09-21 17:00:38.374 | INFO     | __main__:<module>:160 - Loss: 0.69554
2021-09-21 17:00:38.374 | INFO     | __main__:<module>:160 - Loss: 0.69554
2021-09-21 17:00:38.374 | INFO     | __main__:<module>:160 - Loss: 0.69554
2021-09-21 17:00:38.374 | INFO     | __main__:<module>:160 - Loss: 0.69554
2021-09-21 17:00:38.374 | INFO     | __main__:<module>:160 - Loss: 0.69554
2021-09-21 17:00:38.374 | INFO     | __main__:<module>:160 - Loss: 0.69554
2021-09-21 17:00:38.374 | INFO     | __main__:<module>:160 - Loss: 0.69554
2021-09-21 17:00:38.374 | INFO     | __main__:<module>:160 - Loss: 0.69554
2021-09-21 17:00:38.374 | INFO     | __main__:<module>:160 - Loss: 0.69554
2021-09-21 17:00:38.374 | INFO     | __main__:<module>:160 - Loss: 0.69554
2021-09-21 17:00:38.374 | INFO     | __main__:<module>:160 - Loss: 0.69554
2021-09-21 17:00:38.374 | INFO     | __main__:<module>:160 - Loss: 0.69554
2021-09-21 17:00:38.374 | INFO     | __main__:<module>:160 - Loss: 0.69554
2021-09-21 17:00:38.374 | INFO     | __main__:<module>:160 - Loss: 0.69554
2021-09-21 17:00:38.374 | INFO     | __main__:<module>:160 - Loss: 0.69554
2021-09-21 17:00:38.374 | INFO     | __main__:<module>:160 - Loss: 0.69554
2021-09-21 17:00:38.394 | INFO     | __main__:<module>:160 - Loss: 0.69552
2021-09-21 17:00:38.394 | INFO     | __main__:<module>:160 - Loss: 0.69552
2021-09-21 17:00:38.394 | INFO     | __main__:<module>:160 - Loss: 0.69552
2021-09-21 17:00:38.394 | INFO     | __main__:<module>:160 - Loss: 0.69552
2021-09-21 17:00:38.394 | INFO     | __main__:<module>:160 - Loss: 0.69552
2021-09-21 17:00:38.394 | INFO     | __main__:<module>:160 - Loss: 0.69552
2021-09-21 17:00:38.394 | INFO     | __main__:<module>:160 - Loss: 0.69552
2021-09-21 17:00:38.394 | INFO     | __main__:<module>:160 - Loss: 0.69552
2021-09-21 17:00:38.394 | INFO     | __main__:<module>:160 - Loss: 0.69552
2021-09-21 17:00:38.394 | INFO     | __main__:<module>:160 - Loss: 0.69552
2021-09-21 17:00:38.394 | INFO     | __main__:<module>:160 - Loss: 0.69552
2021-09-21 17:00:38.394 | INFO     | __main__:<module>:160 - Loss: 0.69552
2021-09-21 17:00:38.394 | INFO     | __main__:<module>:160 - Loss: 0.69552
2021-09-21 17:00:38.394 | INFO     | __main__:<module>:160 - Loss: 0.69552
2021-09-21 17:00:38.394 | INFO     | __main__:<module>:160 - Loss: 0.69552
2021-09-21 17:00:38.394 | INFO     | __main__:<module>:160 - Loss: 0.69552
2021-09-21 17:00:38.394 | INFO     | __main__:<module>:160 - Loss: 0.69552
2021-09-21 17:00:38.394 | INFO     | __main__:<module>:160 - Loss: 0.69552
2021-09-21 17:00:38.394 | INFO     | __main__:<module>:160 - Loss: 0.69552
2021-09-21 17:00:38.394 | INFO     | __main__:<module>:160 - Loss: 0.69552
2021-09-21 17:00:38.394 | INFO     | __main__:<module>:160 - Loss: 0.69552
2021-09-21 17:00:38.394 | INFO     | __main__:<module>:160 - Loss: 0.69552
2021-09-21 17:00:38.394 | INFO     | __main__:<module>:160 - Loss: 0.69552
2021-09-21 17:00:38.394 | INFO     | __main__:<module>:160 - Loss: 0.69552
2021-09-21 17:00:38.394 | INFO     | __main__:<module>:160 - Loss: 0.69552
2021-09-21 17:00:38.394 | INFO     | __main__:<module>:160 - Loss: 0.69552
2021-09-21 17:00:38.394 | INFO     | __main__:<module>:160 - Loss: 0.69552
2021-09-21 17:00:38.394 | INFO     | __main__:<module>:160 - Loss: 0.69552
2021-09-21 17:00:38.394 | INFO     | __main__:<module>:160 - Loss: 0.69552
2021-09-21 17:00:38.394 | INFO     | __main__:<module>:160 - Loss: 0.69552
2021-09-21 17:00:38.394 | INFO     | __main__:<module>:160 - Loss: 0.69552
2021-09-21 17:00:38.394 | INFO     | __main__:<module>:160 - Loss: 0.69552
2021-09-21 17:00:38.394 | INFO     | __main__:<module>:160 - Loss: 0.69552
2021-09-21 17:00:38.394 | INFO     | __main__:<module>:160 - Loss: 0.69552
2021-09-21 17:00:38.394 | INFO     | __main__:<module>:160 - Loss: 0.69552
2021-09-21 17:00:38.394 | INFO     | __main__:<module>:160 - Loss: 0.69552
2021-09-21 17:00:38.394 | INFO     | __main__:<module>:160 - Loss: 0.69552
2021-09-21 17:00:38.394 | INFO     | __main__:<module>:160 - Loss: 0.69552
2021-09-21 17:00:38.394 | INFO     | __main__:<module>:160 - Loss: 0.69552
2021-09-21 17:00:38.394 | INFO     | __main__:<module>:160 - Loss: 0.69552
2021-09-21 17:00:38.394 | INFO     | __main__:<module>:160 - Loss: 0.69552
2021-09-21 17:00:38.394 | INFO     | __main__:<module>:160 - Loss: 0.69552
2021-09-21 17:00:38.394 | INFO     | __main__:<module>:160 - Loss: 0.69552
2021-09-21 17:00:38.394 | INFO     | __main__:<module>:160 - Loss: 0.69552
2021-09-21 17:00:38.394 | INFO     | __main__:<module>:160 - Loss: 0.69552
2021-09-21 17:00:38.394 | INFO     | __main__:<module>:160 - Loss: 0.69552
2021-09-21 17:00:38.394 | INFO     | __main__:<module>:160 - Loss: 0.69552
2021-09-21 17:00:38.394 | INFO     | __main__:<module>:160 - Loss: 0.69552
2021-09-21 17:00:38.394 | INFO     | __main__:<module>:160 - Loss: 0.69552
2021-09-21 17:00:38.394 | INFO     | __main__:<module>:160 - Loss: 0.69552
2021-09-21 17:00:38.394 | INFO     | __main__:<module>:160 - Loss: 0.69552
2021-09-21 17:00:38.394 | INFO     | __main__:<module>:160 - Loss: 0.69552
2021-09-21 17:00:38.394 | INFO     | __main__:<module>:160 - Loss: 0.69552
2021-09-21 17:00:38.394 | INFO     | __main__:<module>:160 - Loss: 0.69552
2021-09-21 17:00:38.394 | INFO     | __main__:<module>:160 - Loss: 0.69552
2021-09-21 17:00:38.394 | INFO     | __main__:<module>:160 - Loss: 0.69552
2021-09-21 17:00:38.394 | INFO     | __main__:<module>:160 - Loss: 0.69552
2021-09-21 17:00:38.394 | INFO     | __main__:<module>:160 - Loss: 0.69552
2021-09-21 17:00:38.394 | INFO     | __main__:<module>:160 - Loss: 0.69552
2021-09-21 17:00:38.394 | INFO     | __main__:<module>:160 - Loss: 0.69552
2021-09-21 17:00:38.394 | INFO     | __main__:<module>:160 - Loss: 0.69552
2021-09-21 17:00:38.394 | INFO     | __main__:<module>:160 - Loss: 0.69552
2021-09-21 17:00:38.394 | INFO     | __main__:<module>:160 - Loss: 0.69552
2021-09-21 17:00:38.394 | INFO     | __main__:<module>:160 - Loss: 0.69552
2021-09-21 17:00:38.394 | INFO     | __main__:<module>:160 - Loss: 0.69552
2021-09-21 17:00:38.394 | INFO     | __main__:<module>:160 - Loss: 0.69552
2021-09-21 17:00:38.394 | INFO     | __main__:<module>:160 - Loss: 0.69552
2021-09-21 17:00:38.394 | INFO     | __main__:<module>:160 - Loss: 0.69552
2021-09-21 17:00:38.394 | INFO     | __main__:<module>:160 - Loss: 0.69552
2021-09-21 17:00:38.394 | INFO     | __main__:<module>:160 - Loss: 0.69552
2021-09-21 17:00:38.394 | INFO     | __main__:<module>:160 - Loss: 0.69552
2021-09-21 17:00:38.394 | INFO     | __main__:<module>:160 - Loss: 0.69552
2021-09-21 17:00:38.394 | INFO     | __main__:<module>:160 - Loss: 0.69552
2021-09-21 17:00:38.394 | INFO     | __main__:<module>:160 - Loss: 0.69552
2021-09-21 17:00:38.394 | INFO     | __main__:<module>:160 - Loss: 0.69552
2021-09-21 17:00:38.394 | INFO     | __main__:<module>:160 - Loss: 0.69552
2021-09-21 17:00:38.394 | INFO     | __main__:<module>:160 - Loss: 0.69552
2021-09-21 17:00:38.394 | INFO     | __main__:<module>:160 - Loss: 0.69552
2021-09-21 17:00:38.394 | INFO     | __main__:<module>:160 - Loss: 0.69552
2021-09-21 17:00:38.394 | INFO     | __main__:<module>:160 - Loss: 0.69552
2021-09-21 17:00:38.394 | INFO     | __main__:<module>:160 - Loss: 0.69552
2021-09-21 17:00:38.394 | INFO     | __main__:<module>:160 - Loss: 0.69552
2021-09-21 17:00:38.394 | INFO     | __main__:<module>:160 - Loss: 0.69552
2021-09-21 17:00:38.394 | INFO     | __main__:<module>:160 - Loss: 0.69552
2021-09-21 17:00:38.394 | INFO     | __main__:<module>:160 - Loss: 0.69552
2021-09-21 17:00:38.394 | INFO     | __main__:<module>:160 - Loss: 0.69552
2021-09-21 17:00:38.394 | INFO     | __main__:<module>:160 - Loss: 0.69552
2021-09-21 17:00:38.394 | INFO     | __main__:<module>:160 - Loss: 0.69552
2021-09-21 17:00:38.394 | INFO     | __main__:<module>:160 - Loss: 0.69552
2021-09-21 17:00:38.394 | INFO     | __main__:<module>:160 - Loss: 0.69552
2021-09-21 17:00:38.394 | INFO     | __main__:<module>:160 - Loss: 0.69552
2021-09-21 17:00:38.394 | INFO     | __main__:<module>:160 - Loss: 0.69552
2021-09-21 17:00:38.394 | INFO     | __main__:<module>:160 - Loss: 0.69552
2021-09-21 17:00:38.414 | INFO     | __main__:<module>:160 - Loss: 0.69550
2021-09-21 17:00:38.414 | INFO     | __main__:<module>:160 - Loss: 0.69550
2021-09-21 17:00:38.414 | INFO     | __main__:<module>:160 - Loss: 0.69550
2021-09-21 17:00:38.414 | INFO     | __main__:<module>:160 - Loss: 0.69550
2021-09-21 17:00:38.414 | INFO     | __main__:<module>:160 - Loss: 0.69550
2021-09-21 17:00:38.414 | INFO     | __main__:<module>:160 - Loss: 0.69550
2021-09-21 17:00:38.414 | INFO     | __main__:<module>:160 - Loss: 0.69550
2021-09-21 17:00:38.414 | INFO     | __main__:<module>:160 - Loss: 0.69550
2021-09-21 17:00:38.414 | INFO     | __main__:<module>:160 - Loss: 0.69550
2021-09-21 17:00:38.414 | INFO     | __main__:<module>:160 - Loss: 0.69550
2021-09-21 17:00:38.414 | INFO     | __main__:<module>:160 - Loss: 0.69550
2021-09-21 17:00:38.414 | INFO     | __main__:<module>:160 - Loss: 0.69550
2021-09-21 17:00:38.414 | INFO     | __main__:<module>:160 - Loss: 0.69550
2021-09-21 17:00:38.414 | INFO     | __main__:<module>:160 - Loss: 0.69550
2021-09-21 17:00:38.414 | INFO     | __main__:<module>:160 - Loss: 0.69550
2021-09-21 17:00:38.414 | INFO     | __main__:<module>:160 - Loss: 0.69550
2021-09-21 17:00:38.414 | INFO     | __main__:<module>:160 - Loss: 0.69550
2021-09-21 17:00:38.414 | INFO     | __main__:<module>:160 - Loss: 0.69550
2021-09-21 17:00:38.414 | INFO     | __main__:<module>:160 - Loss: 0.69550
2021-09-21 17:00:38.414 | INFO     | __main__:<module>:160 - Loss: 0.69550
2021-09-21 17:00:38.414 | INFO     | __main__:<module>:160 - Loss: 0.69550
2021-09-21 17:00:38.414 | INFO     | __main__:<module>:160 - Loss: 0.69550
2021-09-21 17:00:38.414 | INFO     | __main__:<module>:160 - Loss: 0.69550
2021-09-21 17:00:38.414 | INFO     | __main__:<module>:160 - Loss: 0.69550
2021-09-21 17:00:38.414 | INFO     | __main__:<module>:160 - Loss: 0.69550
2021-09-21 17:00:38.414 | INFO     | __main__:<module>:160 - Loss: 0.69550
2021-09-21 17:00:38.414 | INFO     | __main__:<module>:160 - Loss: 0.69550
2021-09-21 17:00:38.414 | INFO     | __main__:<module>:160 - Loss: 0.69550
2021-09-21 17:00:38.414 | INFO     | __main__:<module>:160 - Loss: 0.69550
2021-09-21 17:00:38.414 | INFO     | __main__:<module>:160 - Loss: 0.69550
2021-09-21 17:00:38.414 | INFO     | __main__:<module>:160 - Loss: 0.69550
2021-09-21 17:00:38.414 | INFO     | __main__:<module>:160 - Loss: 0.69550
2021-09-21 17:00:38.414 | INFO     | __main__:<module>:160 - Loss: 0.69550
2021-09-21 17:00:38.414 | INFO     | __main__:<module>:160 - Loss: 0.69550
2021-09-21 17:00:38.414 | INFO     | __main__:<module>:160 - Loss: 0.69550
2021-09-21 17:00:38.414 | INFO     | __main__:<module>:160 - Loss: 0.69550
2021-09-21 17:00:38.414 | INFO     | __main__:<module>:160 - Loss: 0.69550
2021-09-21 17:00:38.414 | INFO     | __main__:<module>:160 - Loss: 0.69550
2021-09-21 17:00:38.414 | INFO     | __main__:<module>:160 - Loss: 0.69550
2021-09-21 17:00:38.414 | INFO     | __main__:<module>:160 - Loss: 0.69550
2021-09-21 17:00:38.414 | INFO     | __main__:<module>:160 - Loss: 0.69550
2021-09-21 17:00:38.414 | INFO     | __main__:<module>:160 - Loss: 0.69550
2021-09-21 17:00:38.414 | INFO     | __main__:<module>:160 - Loss: 0.69550
2021-09-21 17:00:38.414 | INFO     | __main__:<module>:160 - Loss: 0.69550
2021-09-21 17:00:38.414 | INFO     | __main__:<module>:160 - Loss: 0.69550
2021-09-21 17:00:38.414 | INFO     | __main__:<module>:160 - Loss: 0.69550
2021-09-21 17:00:38.414 | INFO     | __main__:<module>:160 - Loss: 0.69550
2021-09-21 17:00:38.414 | INFO     | __main__:<module>:160 - Loss: 0.69550
2021-09-21 17:00:38.414 | INFO     | __main__:<module>:160 - Loss: 0.69550
2021-09-21 17:00:38.414 | INFO     | __main__:<module>:160 - Loss: 0.69550
2021-09-21 17:00:38.414 | INFO     | __main__:<module>:160 - Loss: 0.69550
2021-09-21 17:00:38.414 | INFO     | __main__:<module>:160 - Loss: 0.69550
2021-09-21 17:00:38.414 | INFO     | __main__:<module>:160 - Loss: 0.69550
2021-09-21 17:00:38.414 | INFO     | __main__:<module>:160 - Loss: 0.69550
2021-09-21 17:00:38.414 | INFO     | __main__:<module>:160 - Loss: 0.69550
2021-09-21 17:00:38.414 | INFO     | __main__:<module>:160 - Loss: 0.69550
2021-09-21 17:00:38.414 | INFO     | __main__:<module>:160 - Loss: 0.69550
2021-09-21 17:00:38.414 | INFO     | __main__:<module>:160 - Loss: 0.69550
2021-09-21 17:00:38.414 | INFO     | __main__:<module>:160 - Loss: 0.69550
2021-09-21 17:00:38.414 | INFO     | __main__:<module>:160 - Loss: 0.69550
2021-09-21 17:00:38.414 | INFO     | __main__:<module>:160 - Loss: 0.69550
2021-09-21 17:00:38.414 | INFO     | __main__:<module>:160 - Loss: 0.69550
2021-09-21 17:00:38.414 | INFO     | __main__:<module>:160 - Loss: 0.69550
2021-09-21 17:00:38.414 | INFO     | __main__:<module>:160 - Loss: 0.69550
2021-09-21 17:00:38.414 | INFO     | __main__:<module>:160 - Loss: 0.69550
2021-09-21 17:00:38.414 | INFO     | __main__:<module>:160 - Loss: 0.69550
2021-09-21 17:00:38.414 | INFO     | __main__:<module>:160 - Loss: 0.69550
2021-09-21 17:00:38.414 | INFO     | __main__:<module>:160 - Loss: 0.69550
2021-09-21 17:00:38.414 | INFO     | __main__:<module>:160 - Loss: 0.69550
2021-09-21 17:00:38.414 | INFO     | __main__:<module>:160 - Loss: 0.69550
2021-09-21 17:00:38.414 | INFO     | __main__:<module>:160 - Loss: 0.69550
2021-09-21 17:00:38.414 | INFO     | __main__:<module>:160 - Loss: 0.69550
2021-09-21 17:00:38.414 | INFO     | __main__:<module>:160 - Loss: 0.69550
2021-09-21 17:00:38.414 | INFO     | __main__:<module>:160 - Loss: 0.69550
2021-09-21 17:00:38.414 | INFO     | __main__:<module>:160 - Loss: 0.69550
2021-09-21 17:00:38.414 | INFO     | __main__:<module>:160 - Loss: 0.69550
2021-09-21 17:00:38.414 | INFO     | __main__:<module>:160 - Loss: 0.69550
2021-09-21 17:00:38.414 | INFO     | __main__:<module>:160 - Loss: 0.69550
2021-09-21 17:00:38.414 | INFO     | __main__:<module>:160 - Loss: 0.69550
2021-09-21 17:00:38.414 | INFO     | __main__:<module>:160 - Loss: 0.69550
2021-09-21 17:00:38.414 | INFO     | __main__:<module>:160 - Loss: 0.69550
2021-09-21 17:00:38.414 | INFO     | __main__:<module>:160 - Loss: 0.69550
2021-09-21 17:00:38.414 | INFO     | __main__:<module>:160 - Loss: 0.69550
2021-09-21 17:00:38.414 | INFO     | __main__:<module>:160 - Loss: 0.69550
2021-09-21 17:00:38.414 | INFO     | __main__:<module>:160 - Loss: 0.69550
2021-09-21 17:00:38.414 | INFO     | __main__:<module>:160 - Loss: 0.69550
2021-09-21 17:00:38.414 | INFO     | __main__:<module>:160 - Loss: 0.69550
2021-09-21 17:00:38.414 | INFO     | __main__:<module>:160 - Loss: 0.69550
2021-09-21 17:00:38.414 | INFO     | __main__:<module>:160 - Loss: 0.69550
2021-09-21 17:00:38.414 | INFO     | __main__:<module>:160 - Loss: 0.69550
2021-09-21 17:00:38.414 | INFO     | __main__:<module>:160 - Loss: 0.69550
2021-09-21 17:00:38.414 | INFO     | __main__:<module>:160 - Loss: 0.69550
2021-09-21 17:00:38.414 | INFO     | __main__:<module>:160 - Loss: 0.69550
2021-09-21 17:00:38.414 | INFO     | __main__:<module>:160 - Loss: 0.69550
2021-09-21 17:00:38.434 | INFO     | __main__:<module>:160 - Loss: 0.69548
2021-09-21 17:00:38.434 | INFO     | __main__:<module>:160 - Loss: 0.69548
2021-09-21 17:00:38.434 | INFO     | __main__:<module>:160 - Loss: 0.69548
2021-09-21 17:00:38.434 | INFO     | __main__:<module>:160 - Loss: 0.69548
2021-09-21 17:00:38.434 | INFO     | __main__:<module>:160 - Loss: 0.69548
2021-09-21 17:00:38.434 | INFO     | __main__:<module>:160 - Loss: 0.69548
2021-09-21 17:00:38.434 | INFO     | __main__:<module>:160 - Loss: 0.69548
2021-09-21 17:00:38.434 | INFO     | __main__:<module>:160 - Loss: 0.69548
2021-09-21 17:00:38.434 | INFO     | __main__:<module>:160 - Loss: 0.69548
2021-09-21 17:00:38.434 | INFO     | __main__:<module>:160 - Loss: 0.69548
2021-09-21 17:00:38.434 | INFO     | __main__:<module>:160 - Loss: 0.69548
2021-09-21 17:00:38.434 | INFO     | __main__:<module>:160 - Loss: 0.69548
2021-09-21 17:00:38.434 | INFO     | __main__:<module>:160 - Loss: 0.69548
2021-09-21 17:00:38.434 | INFO     | __main__:<module>:160 - Loss: 0.69548
2021-09-21 17:00:38.434 | INFO     | __main__:<module>:160 - Loss: 0.69548
2021-09-21 17:00:38.434 | INFO     | __main__:<module>:160 - Loss: 0.69548
2021-09-21 17:00:38.434 | INFO     | __main__:<module>:160 - Loss: 0.69548
2021-09-21 17:00:38.434 | INFO     | __main__:<module>:160 - Loss: 0.69548
2021-09-21 17:00:38.434 | INFO     | __main__:<module>:160 - Loss: 0.69548
2021-09-21 17:00:38.434 | INFO     | __main__:<module>:160 - Loss: 0.69548
2021-09-21 17:00:38.434 | INFO     | __main__:<module>:160 - Loss: 0.69548
2021-09-21 17:00:38.434 | INFO     | __main__:<module>:160 - Loss: 0.69548
2021-09-21 17:00:38.434 | INFO     | __main__:<module>:160 - Loss: 0.69548
2021-09-21 17:00:38.434 | INFO     | __main__:<module>:160 - Loss: 0.69548
2021-09-21 17:00:38.434 | INFO     | __main__:<module>:160 - Loss: 0.69548
2021-09-21 17:00:38.434 | INFO     | __main__:<module>:160 - Loss: 0.69548
2021-09-21 17:00:38.434 | INFO     | __main__:<module>:160 - Loss: 0.69548
2021-09-21 17:00:38.434 | INFO     | __main__:<module>:160 - Loss: 0.69548
2021-09-21 17:00:38.434 | INFO     | __main__:<module>:160 - Loss: 0.69548
2021-09-21 17:00:38.434 | INFO     | __main__:<module>:160 - Loss: 0.69548
2021-09-21 17:00:38.434 | INFO     | __main__:<module>:160 - Loss: 0.69548
2021-09-21 17:00:38.434 | INFO     | __main__:<module>:160 - Loss: 0.69548
2021-09-21 17:00:38.434 | INFO     | __main__:<module>:160 - Loss: 0.69548
2021-09-21 17:00:38.434 | INFO     | __main__:<module>:160 - Loss: 0.69548
2021-09-21 17:00:38.434 | INFO     | __main__:<module>:160 - Loss: 0.69548
2021-09-21 17:00:38.434 | INFO     | __main__:<module>:160 - Loss: 0.69548
2021-09-21 17:00:38.434 | INFO     | __main__:<module>:160 - Loss: 0.69548
2021-09-21 17:00:38.434 | INFO     | __main__:<module>:160 - Loss: 0.69548
2021-09-21 17:00:38.434 | INFO     | __main__:<module>:160 - Loss: 0.69548
2021-09-21 17:00:38.434 | INFO     | __main__:<module>:160 - Loss: 0.69548
2021-09-21 17:00:38.434 | INFO     | __main__:<module>:160 - Loss: 0.69548
2021-09-21 17:00:38.434 | INFO     | __main__:<module>:160 - Loss: 0.69548
2021-09-21 17:00:38.434 | INFO     | __main__:<module>:160 - Loss: 0.69548
2021-09-21 17:00:38.434 | INFO     | __main__:<module>:160 - Loss: 0.69548
2021-09-21 17:00:38.434 | INFO     | __main__:<module>:160 - Loss: 0.69548
2021-09-21 17:00:38.434 | INFO     | __main__:<module>:160 - Loss: 0.69548
2021-09-21 17:00:38.434 | INFO     | __main__:<module>:160 - Loss: 0.69548
2021-09-21 17:00:38.434 | INFO     | __main__:<module>:160 - Loss: 0.69548
2021-09-21 17:00:38.434 | INFO     | __main__:<module>:160 - Loss: 0.69548
2021-09-21 17:00:38.434 | INFO     | __main__:<module>:160 - Loss: 0.69548
2021-09-21 17:00:38.434 | INFO     | __main__:<module>:160 - Loss: 0.69548
2021-09-21 17:00:38.434 | INFO     | __main__:<module>:160 - Loss: 0.69548
2021-09-21 17:00:38.434 | INFO     | __main__:<module>:160 - Loss: 0.69548
2021-09-21 17:00:38.434 | INFO     | __main__:<module>:160 - Loss: 0.69548
2021-09-21 17:00:38.434 | INFO     | __main__:<module>:160 - Loss: 0.69548
2021-09-21 17:00:38.434 | INFO     | __main__:<module>:160 - Loss: 0.69548
2021-09-21 17:00:38.434 | INFO     | __main__:<module>:160 - Loss: 0.69548
2021-09-21 17:00:38.434 | INFO     | __main__:<module>:160 - Loss: 0.69548
2021-09-21 17:00:38.434 | INFO     | __main__:<module>:160 - Loss: 0.69548
2021-09-21 17:00:38.434 | INFO     | __main__:<module>:160 - Loss: 0.69548
2021-09-21 17:00:38.434 | INFO     | __main__:<module>:160 - Loss: 0.69548
2021-09-21 17:00:38.434 | INFO     | __main__:<module>:160 - Loss: 0.69548
2021-09-21 17:00:38.434 | INFO     | __main__:<module>:160 - Loss: 0.69548
2021-09-21 17:00:38.434 | INFO     | __main__:<module>:160 - Loss: 0.69548
2021-09-21 17:00:38.434 | INFO     | __main__:<module>:160 - Loss: 0.69548
2021-09-21 17:00:38.434 | INFO     | __main__:<module>:160 - Loss: 0.69548
2021-09-21 17:00:38.434 | INFO     | __main__:<module>:160 - Loss: 0.69548
2021-09-21 17:00:38.434 | INFO     | __main__:<module>:160 - Loss: 0.69548
2021-09-21 17:00:38.434 | INFO     | __main__:<module>:160 - Loss: 0.69548
2021-09-21 17:00:38.434 | INFO     | __main__:<module>:160 - Loss: 0.69548
2021-09-21 17:00:38.434 | INFO     | __main__:<module>:160 - Loss: 0.69548
2021-09-21 17:00:38.434 | INFO     | __main__:<module>:160 - Loss: 0.69548
2021-09-21 17:00:38.434 | INFO     | __main__:<module>:160 - Loss: 0.69548
2021-09-21 17:00:38.434 | INFO     | __main__:<module>:160 - Loss: 0.69548
2021-09-21 17:00:38.434 | INFO     | __main__:<module>:160 - Loss: 0.69548
2021-09-21 17:00:38.434 | INFO     | __main__:<module>:160 - Loss: 0.69548
2021-09-21 17:00:38.434 | INFO     | __main__:<module>:160 - Loss: 0.69548
2021-09-21 17:00:38.434 | INFO     | __main__:<module>:160 - Loss: 0.69548
2021-09-21 17:00:38.434 | INFO     | __main__:<module>:160 - Loss: 0.69548
2021-09-21 17:00:38.434 | INFO     | __main__:<module>:160 - Loss: 0.69548
2021-09-21 17:00:38.434 | INFO     | __main__:<module>:160 - Loss: 0.69548
2021-09-21 17:00:38.434 | INFO     | __main__:<module>:160 - Loss: 0.69548
2021-09-21 17:00:38.434 | INFO     | __main__:<module>:160 - Loss: 0.69548
2021-09-21 17:00:38.434 | INFO     | __main__:<module>:160 - Loss: 0.69548
2021-09-21 17:00:38.434 | INFO     | __main__:<module>:160 - Loss: 0.69548
2021-09-21 17:00:38.434 | INFO     | __main__:<module>:160 - Loss: 0.69548
2021-09-21 17:00:38.434 | INFO     | __main__:<module>:160 - Loss: 0.69548
2021-09-21 17:00:38.434 | INFO     | __main__:<module>:160 - Loss: 0.69548
2021-09-21 17:00:38.434 | INFO     | __main__:<module>:160 - Loss: 0.69548
2021-09-21 17:00:38.434 | INFO     | __main__:<module>:160 - Loss: 0.69548
2021-09-21 17:00:38.434 | INFO     | __main__:<module>:160 - Loss: 0.69548
2021-09-21 17:00:38.434 | INFO     | __main__:<module>:160 - Loss: 0.69548
2021-09-21 17:00:38.434 | INFO     | __main__:<module>:160 - Loss: 0.69548
2021-09-21 17:00:38.434 | INFO     | __main__:<module>:160 - Loss: 0.69548
2021-09-21 17:00:38.434 | INFO     | __main__:<module>:160 - Loss: 0.69548
2021-09-21 17:00:38.453 | INFO     | __main__:<module>:160 - Loss: 0.69546
2021-09-21 17:00:38.453 | INFO     | __main__:<module>:160 - Loss: 0.69546
2021-09-21 17:00:38.453 | INFO     | __main__:<module>:160 - Loss: 0.69546
2021-09-21 17:00:38.453 | INFO     | __main__:<module>:160 - Loss: 0.69546
2021-09-21 17:00:38.453 | INFO     | __main__:<module>:160 - Loss: 0.69546
2021-09-21 17:00:38.453 | INFO     | __main__:<module>:160 - Loss: 0.69546
2021-09-21 17:00:38.453 | INFO     | __main__:<module>:160 - Loss: 0.69546
2021-09-21 17:00:38.453 | INFO     | __main__:<module>:160 - Loss: 0.69546
2021-09-21 17:00:38.453 | INFO     | __main__:<module>:160 - Loss: 0.69546
2021-09-21 17:00:38.453 | INFO     | __main__:<module>:160 - Loss: 0.69546
2021-09-21 17:00:38.453 | INFO     | __main__:<module>:160 - Loss: 0.69546
2021-09-21 17:00:38.453 | INFO     | __main__:<module>:160 - Loss: 0.69546
2021-09-21 17:00:38.453 | INFO     | __main__:<module>:160 - Loss: 0.69546
2021-09-21 17:00:38.453 | INFO     | __main__:<module>:160 - Loss: 0.69546
2021-09-21 17:00:38.453 | INFO     | __main__:<module>:160 - Loss: 0.69546
2021-09-21 17:00:38.453 | INFO     | __main__:<module>:160 - Loss: 0.69546
2021-09-21 17:00:38.453 | INFO     | __main__:<module>:160 - Loss: 0.69546
2021-09-21 17:00:38.453 | INFO     | __main__:<module>:160 - Loss: 0.69546
2021-09-21 17:00:38.453 | INFO     | __main__:<module>:160 - Loss: 0.69546
2021-09-21 17:00:38.453 | INFO     | __main__:<module>:160 - Loss: 0.69546
2021-09-21 17:00:38.453 | INFO     | __main__:<module>:160 - Loss: 0.69546
2021-09-21 17:00:38.453 | INFO     | __main__:<module>:160 - Loss: 0.69546
2021-09-21 17:00:38.453 | INFO     | __main__:<module>:160 - Loss: 0.69546
2021-09-21 17:00:38.453 | INFO     | __main__:<module>:160 - Loss: 0.69546
2021-09-21 17:00:38.453 | INFO     | __main__:<module>:160 - Loss: 0.69546
2021-09-21 17:00:38.453 | INFO     | __main__:<module>:160 - Loss: 0.69546
2021-09-21 17:00:38.453 | INFO     | __main__:<module>:160 - Loss: 0.69546
2021-09-21 17:00:38.453 | INFO     | __main__:<module>:160 - Loss: 0.69546
2021-09-21 17:00:38.453 | INFO     | __main__:<module>:160 - Loss: 0.69546
2021-09-21 17:00:38.453 | INFO     | __main__:<module>:160 - Loss: 0.69546
2021-09-21 17:00:38.453 | INFO     | __main__:<module>:160 - Loss: 0.69546
2021-09-21 17:00:38.453 | INFO     | __main__:<module>:160 - Loss: 0.69546
2021-09-21 17:00:38.453 | INFO     | __main__:<module>:160 - Loss: 0.69546
2021-09-21 17:00:38.453 | INFO     | __main__:<module>:160 - Loss: 0.69546
2021-09-21 17:00:38.453 | INFO     | __main__:<module>:160 - Loss: 0.69546
2021-09-21 17:00:38.453 | INFO     | __main__:<module>:160 - Loss: 0.69546
2021-09-21 17:00:38.453 | INFO     | __main__:<module>:160 - Loss: 0.69546
2021-09-21 17:00:38.453 | INFO     | __main__:<module>:160 - Loss: 0.69546
2021-09-21 17:00:38.453 | INFO     | __main__:<module>:160 - Loss: 0.69546
2021-09-21 17:00:38.453 | INFO     | __main__:<module>:160 - Loss: 0.69546
2021-09-21 17:00:38.453 | INFO     | __main__:<module>:160 - Loss: 0.69546
2021-09-21 17:00:38.453 | INFO     | __main__:<module>:160 - Loss: 0.69546
2021-09-21 17:00:38.453 | INFO     | __main__:<module>:160 - Loss: 0.69546
2021-09-21 17:00:38.453 | INFO     | __main__:<module>:160 - Loss: 0.69546
2021-09-21 17:00:38.453 | INFO     | __main__:<module>:160 - Loss: 0.69546
2021-09-21 17:00:38.453 | INFO     | __main__:<module>:160 - Loss: 0.69546
2021-09-21 17:00:38.453 | INFO     | __main__:<module>:160 - Loss: 0.69546
2021-09-21 17:00:38.453 | INFO     | __main__:<module>:160 - Loss: 0.69546
2021-09-21 17:00:38.453 | INFO     | __main__:<module>:160 - Loss: 0.69546
2021-09-21 17:00:38.453 | INFO     | __main__:<module>:160 - Loss: 0.69546
2021-09-21 17:00:38.453 | INFO     | __main__:<module>:160 - Loss: 0.69546
2021-09-21 17:00:38.453 | INFO     | __main__:<module>:160 - Loss: 0.69546
2021-09-21 17:00:38.453 | INFO     | __main__:<module>:160 - Loss: 0.69546
2021-09-21 17:00:38.453 | INFO     | __main__:<module>:160 - Loss: 0.69546
2021-09-21 17:00:38.453 | INFO     | __main__:<module>:160 - Loss: 0.69546
2021-09-21 17:00:38.453 | INFO     | __main__:<module>:160 - Loss: 0.69546
2021-09-21 17:00:38.453 | INFO     | __main__:<module>:160 - Loss: 0.69546
2021-09-21 17:00:38.453 | INFO     | __main__:<module>:160 - Loss: 0.69546
2021-09-21 17:00:38.453 | INFO     | __main__:<module>:160 - Loss: 0.69546
2021-09-21 17:00:38.453 | INFO     | __main__:<module>:160 - Loss: 0.69546
2021-09-21 17:00:38.453 | INFO     | __main__:<module>:160 - Loss: 0.69546
2021-09-21 17:00:38.453 | INFO     | __main__:<module>:160 - Loss: 0.69546
2021-09-21 17:00:38.453 | INFO     | __main__:<module>:160 - Loss: 0.69546
2021-09-21 17:00:38.453 | INFO     | __main__:<module>:160 - Loss: 0.69546
2021-09-21 17:00:38.453 | INFO     | __main__:<module>:160 - Loss: 0.69546
2021-09-21 17:00:38.453 | INFO     | __main__:<module>:160 - Loss: 0.69546
2021-09-21 17:00:38.453 | INFO     | __main__:<module>:160 - Loss: 0.69546
2021-09-21 17:00:38.453 | INFO     | __main__:<module>:160 - Loss: 0.69546
2021-09-21 17:00:38.453 | INFO     | __main__:<module>:160 - Loss: 0.69546
2021-09-21 17:00:38.453 | INFO     | __main__:<module>:160 - Loss: 0.69546
2021-09-21 17:00:38.453 | INFO     | __main__:<module>:160 - Loss: 0.69546
2021-09-21 17:00:38.453 | INFO     | __main__:<module>:160 - Loss: 0.69546
2021-09-21 17:00:38.453 | INFO     | __main__:<module>:160 - Loss: 0.69546
2021-09-21 17:00:38.453 | INFO     | __main__:<module>:160 - Loss: 0.69546
2021-09-21 17:00:38.453 | INFO     | __main__:<module>:160 - Loss: 0.69546
2021-09-21 17:00:38.453 | INFO     | __main__:<module>:160 - Loss: 0.69546
2021-09-21 17:00:38.453 | INFO     | __main__:<module>:160 - Loss: 0.69546
2021-09-21 17:00:38.453 | INFO     | __main__:<module>:160 - Loss: 0.69546
2021-09-21 17:00:38.453 | INFO     | __main__:<module>:160 - Loss: 0.69546
2021-09-21 17:00:38.453 | INFO     | __main__:<module>:160 - Loss: 0.69546
2021-09-21 17:00:38.453 | INFO     | __main__:<module>:160 - Loss: 0.69546
2021-09-21 17:00:38.453 | INFO     | __main__:<module>:160 - Loss: 0.69546
2021-09-21 17:00:38.453 | INFO     | __main__:<module>:160 - Loss: 0.69546
2021-09-21 17:00:38.453 | INFO     | __main__:<module>:160 - Loss: 0.69546
2021-09-21 17:00:38.453 | INFO     | __main__:<module>:160 - Loss: 0.69546
2021-09-21 17:00:38.453 | INFO     | __main__:<module>:160 - Loss: 0.69546
2021-09-21 17:00:38.453 | INFO     | __main__:<module>:160 - Loss: 0.69546
2021-09-21 17:00:38.453 | INFO     | __main__:<module>:160 - Loss: 0.69546
2021-09-21 17:00:38.453 | INFO     | __main__:<module>:160 - Loss: 0.69546
2021-09-21 17:00:38.453 | INFO     | __main__:<module>:160 - Loss: 0.69546
2021-09-21 17:00:38.453 | INFO     | __main__:<module>:160 - Loss: 0.69546
2021-09-21 17:00:38.453 | INFO     | __main__:<module>:160 - Loss: 0.69546
2021-09-21 17:00:38.453 | INFO     | __main__:<module>:160 - Loss: 0.69546
2021-09-21 17:00:38.453 | INFO     | __main__:<module>:160 - Loss: 0.69546
2021-09-21 17:00:38.453 | INFO     | __main__:<module>:160 - Loss: 0.69546
2021-09-21 17:00:38.453 | INFO     | __main__:<module>:160 - Loss: 0.69546
2021-09-21 17:00:38.476 | INFO     | __main__:<module>:160 - Loss: 0.69544
2021-09-21 17:00:38.476 | INFO     | __main__:<module>:160 - Loss: 0.69544
2021-09-21 17:00:38.476 | INFO     | __main__:<module>:160 - Loss: 0.69544
2021-09-21 17:00:38.476 | INFO     | __main__:<module>:160 - Loss: 0.69544
2021-09-21 17:00:38.476 | INFO     | __main__:<module>:160 - Loss: 0.69544
2021-09-21 17:00:38.476 | INFO     | __main__:<module>:160 - Loss: 0.69544
2021-09-21 17:00:38.476 | INFO     | __main__:<module>:160 - Loss: 0.69544
2021-09-21 17:00:38.476 | INFO     | __main__:<module>:160 - Loss: 0.69544
2021-09-21 17:00:38.476 | INFO     | __main__:<module>:160 - Loss: 0.69544
2021-09-21 17:00:38.476 | INFO     | __main__:<module>:160 - Loss: 0.69544
2021-09-21 17:00:38.476 | INFO     | __main__:<module>:160 - Loss: 0.69544
2021-09-21 17:00:38.476 | INFO     | __main__:<module>:160 - Loss: 0.69544
2021-09-21 17:00:38.476 | INFO     | __main__:<module>:160 - Loss: 0.69544
2021-09-21 17:00:38.476 | INFO     | __main__:<module>:160 - Loss: 0.69544
2021-09-21 17:00:38.476 | INFO     | __main__:<module>:160 - Loss: 0.69544
2021-09-21 17:00:38.476 | INFO     | __main__:<module>:160 - Loss: 0.69544
2021-09-21 17:00:38.476 | INFO     | __main__:<module>:160 - Loss: 0.69544
2021-09-21 17:00:38.476 | INFO     | __main__:<module>:160 - Loss: 0.69544
2021-09-21 17:00:38.476 | INFO     | __main__:<module>:160 - Loss: 0.69544
2021-09-21 17:00:38.476 | INFO     | __main__:<module>:160 - Loss: 0.69544
2021-09-21 17:00:38.476 | INFO     | __main__:<module>:160 - Loss: 0.69544
2021-09-21 17:00:38.476 | INFO     | __main__:<module>:160 - Loss: 0.69544
2021-09-21 17:00:38.476 | INFO     | __main__:<module>:160 - Loss: 0.69544
2021-09-21 17:00:38.476 | INFO     | __main__:<module>:160 - Loss: 0.69544
2021-09-21 17:00:38.476 | INFO     | __main__:<module>:160 - Loss: 0.69544
2021-09-21 17:00:38.476 | INFO     | __main__:<module>:160 - Loss: 0.69544
2021-09-21 17:00:38.476 | INFO     | __main__:<module>:160 - Loss: 0.69544
2021-09-21 17:00:38.476 | INFO     | __main__:<module>:160 - Loss: 0.69544
2021-09-21 17:00:38.476 | INFO     | __main__:<module>:160 - Loss: 0.69544
2021-09-21 17:00:38.476 | INFO     | __main__:<module>:160 - Loss: 0.69544
2021-09-21 17:00:38.476 | INFO     | __main__:<module>:160 - Loss: 0.69544
2021-09-21 17:00:38.476 | INFO     | __main__:<module>:160 - Loss: 0.69544
2021-09-21 17:00:38.476 | INFO     | __main__:<module>:160 - Loss: 0.69544
2021-09-21 17:00:38.476 | INFO     | __main__:<module>:160 - Loss: 0.69544
2021-09-21 17:00:38.476 | INFO     | __main__:<module>:160 - Loss: 0.69544
2021-09-21 17:00:38.476 | INFO     | __main__:<module>:160 - Loss: 0.69544
2021-09-21 17:00:38.476 | INFO     | __main__:<module>:160 - Loss: 0.69544
2021-09-21 17:00:38.476 | INFO     | __main__:<module>:160 - Loss: 0.69544
2021-09-21 17:00:38.476 | INFO     | __main__:<module>:160 - Loss: 0.69544
2021-09-21 17:00:38.476 | INFO     | __main__:<module>:160 - Loss: 0.69544
2021-09-21 17:00:38.476 | INFO     | __main__:<module>:160 - Loss: 0.69544
2021-09-21 17:00:38.476 | INFO     | __main__:<module>:160 - Loss: 0.69544
2021-09-21 17:00:38.476 | INFO     | __main__:<module>:160 - Loss: 0.69544
2021-09-21 17:00:38.476 | INFO     | __main__:<module>:160 - Loss: 0.69544
2021-09-21 17:00:38.476 | INFO     | __main__:<module>:160 - Loss: 0.69544
2021-09-21 17:00:38.476 | INFO     | __main__:<module>:160 - Loss: 0.69544
2021-09-21 17:00:38.476 | INFO     | __main__:<module>:160 - Loss: 0.69544
2021-09-21 17:00:38.476 | INFO     | __main__:<module>:160 - Loss: 0.69544
2021-09-21 17:00:38.476 | INFO     | __main__:<module>:160 - Loss: 0.69544
2021-09-21 17:00:38.476 | INFO     | __main__:<module>:160 - Loss: 0.69544
2021-09-21 17:00:38.476 | INFO     | __main__:<module>:160 - Loss: 0.69544
2021-09-21 17:00:38.476 | INFO     | __main__:<module>:160 - Loss: 0.69544
2021-09-21 17:00:38.476 | INFO     | __main__:<module>:160 - Loss: 0.69544
2021-09-21 17:00:38.476 | INFO     | __main__:<module>:160 - Loss: 0.69544
2021-09-21 17:00:38.476 | INFO     | __main__:<module>:160 - Loss: 0.69544
2021-09-21 17:00:38.476 | INFO     | __main__:<module>:160 - Loss: 0.69544
2021-09-21 17:00:38.476 | INFO     | __main__:<module>:160 - Loss: 0.69544
2021-09-21 17:00:38.476 | INFO     | __main__:<module>:160 - Loss: 0.69544
2021-09-21 17:00:38.476 | INFO     | __main__:<module>:160 - Loss: 0.69544
2021-09-21 17:00:38.476 | INFO     | __main__:<module>:160 - Loss: 0.69544
2021-09-21 17:00:38.476 | INFO     | __main__:<module>:160 - Loss: 0.69544
2021-09-21 17:00:38.476 | INFO     | __main__:<module>:160 - Loss: 0.69544
2021-09-21 17:00:38.476 | INFO     | __main__:<module>:160 - Loss: 0.69544
2021-09-21 17:00:38.476 | INFO     | __main__:<module>:160 - Loss: 0.69544
2021-09-21 17:00:38.476 | INFO     | __main__:<module>:160 - Loss: 0.69544
2021-09-21 17:00:38.476 | INFO     | __main__:<module>:160 - Loss: 0.69544
2021-09-21 17:00:38.476 | INFO     | __main__:<module>:160 - Loss: 0.69544
2021-09-21 17:00:38.476 | INFO     | __main__:<module>:160 - Loss: 0.69544
2021-09-21 17:00:38.476 | INFO     | __main__:<module>:160 - Loss: 0.69544
2021-09-21 17:00:38.476 | INFO     | __main__:<module>:160 - Loss: 0.69544
2021-09-21 17:00:38.476 | INFO     | __main__:<module>:160 - Loss: 0.69544
2021-09-21 17:00:38.476 | INFO     | __main__:<module>:160 - Loss: 0.69544
2021-09-21 17:00:38.476 | INFO     | __main__:<module>:160 - Loss: 0.69544
2021-09-21 17:00:38.476 | INFO     | __main__:<module>:160 - Loss: 0.69544
2021-09-21 17:00:38.476 | INFO     | __main__:<module>:160 - Loss: 0.69544
2021-09-21 17:00:38.476 | INFO     | __main__:<module>:160 - Loss: 0.69544
2021-09-21 17:00:38.476 | INFO     | __main__:<module>:160 - Loss: 0.69544
2021-09-21 17:00:38.476 | INFO     | __main__:<module>:160 - Loss: 0.69544
2021-09-21 17:00:38.476 | INFO     | __main__:<module>:160 - Loss: 0.69544
2021-09-21 17:00:38.476 | INFO     | __main__:<module>:160 - Loss: 0.69544
2021-09-21 17:00:38.476 | INFO     | __main__:<module>:160 - Loss: 0.69544
2021-09-21 17:00:38.476 | INFO     | __main__:<module>:160 - Loss: 0.69544
2021-09-21 17:00:38.476 | INFO     | __main__:<module>:160 - Loss: 0.69544
2021-09-21 17:00:38.476 | INFO     | __main__:<module>:160 - Loss: 0.69544
2021-09-21 17:00:38.476 | INFO     | __main__:<module>:160 - Loss: 0.69544
2021-09-21 17:00:38.476 | INFO     | __main__:<module>:160 - Loss: 0.69544
2021-09-21 17:00:38.476 | INFO     | __main__:<module>:160 - Loss: 0.69544
2021-09-21 17:00:38.476 | INFO     | __main__:<module>:160 - Loss: 0.69544
2021-09-21 17:00:38.476 | INFO     | __main__:<module>:160 - Loss: 0.69544
2021-09-21 17:00:38.476 | INFO     | __main__:<module>:160 - Loss: 0.69544
2021-09-21 17:00:38.476 | INFO     | __main__:<module>:160 - Loss: 0.69544
2021-09-21 17:00:38.476 | INFO     | __main__:<module>:160 - Loss: 0.69544
2021-09-21 17:00:38.476 | INFO     | __main__:<module>:160 - Loss: 0.69544
2021-09-21 17:00:38.476 | INFO     | __main__:<module>:160 - Loss: 0.69544
2021-09-21 17:00:38.476 | INFO     | __main__:<module>:160 - Loss: 0.69544
2021-09-21 17:00:38.476 | INFO     | __main__:<module>:160 - Loss: 0.69544
2021-09-21 17:00:38.476 | INFO     | __main__:<module>:160 - Loss: 0.69544
2021-09-21 17:00:38.497 | INFO     | __main__:<module>:160 - Loss: 0.69542
2021-09-21 17:00:38.497 | INFO     | __main__:<module>:160 - Loss: 0.69542
2021-09-21 17:00:38.497 | INFO     | __main__:<module>:160 - Loss: 0.69542
2021-09-21 17:00:38.497 | INFO     | __main__:<module>:160 - Loss: 0.69542
2021-09-21 17:00:38.497 | INFO     | __main__:<module>:160 - Loss: 0.69542
2021-09-21 17:00:38.497 | INFO     | __main__:<module>:160 - Loss: 0.69542
2021-09-21 17:00:38.497 | INFO     | __main__:<module>:160 - Loss: 0.69542
2021-09-21 17:00:38.497 | INFO     | __main__:<module>:160 - Loss: 0.69542
2021-09-21 17:00:38.497 | INFO     | __main__:<module>:160 - Loss: 0.69542
2021-09-21 17:00:38.497 | INFO     | __main__:<module>:160 - Loss: 0.69542
2021-09-21 17:00:38.497 | INFO     | __main__:<module>:160 - Loss: 0.69542
2021-09-21 17:00:38.497 | INFO     | __main__:<module>:160 - Loss: 0.69542
2021-09-21 17:00:38.497 | INFO     | __main__:<module>:160 - Loss: 0.69542
2021-09-21 17:00:38.497 | INFO     | __main__:<module>:160 - Loss: 0.69542
2021-09-21 17:00:38.497 | INFO     | __main__:<module>:160 - Loss: 0.69542
2021-09-21 17:00:38.497 | INFO     | __main__:<module>:160 - Loss: 0.69542
2021-09-21 17:00:38.497 | INFO     | __main__:<module>:160 - Loss: 0.69542
2021-09-21 17:00:38.497 | INFO     | __main__:<module>:160 - Loss: 0.69542
2021-09-21 17:00:38.497 | INFO     | __main__:<module>:160 - Loss: 0.69542
2021-09-21 17:00:38.497 | INFO     | __main__:<module>:160 - Loss: 0.69542
2021-09-21 17:00:38.497 | INFO     | __main__:<module>:160 - Loss: 0.69542
2021-09-21 17:00:38.497 | INFO     | __main__:<module>:160 - Loss: 0.69542
2021-09-21 17:00:38.497 | INFO     | __main__:<module>:160 - Loss: 0.69542
2021-09-21 17:00:38.497 | INFO     | __main__:<module>:160 - Loss: 0.69542
2021-09-21 17:00:38.497 | INFO     | __main__:<module>:160 - Loss: 0.69542
2021-09-21 17:00:38.497 | INFO     | __main__:<module>:160 - Loss: 0.69542
2021-09-21 17:00:38.497 | INFO     | __main__:<module>:160 - Loss: 0.69542
2021-09-21 17:00:38.497 | INFO     | __main__:<module>:160 - Loss: 0.69542
2021-09-21 17:00:38.497 | INFO     | __main__:<module>:160 - Loss: 0.69542
2021-09-21 17:00:38.497 | INFO     | __main__:<module>:160 - Loss: 0.69542
2021-09-21 17:00:38.497 | INFO     | __main__:<module>:160 - Loss: 0.69542
2021-09-21 17:00:38.497 | INFO     | __main__:<module>:160 - Loss: 0.69542
2021-09-21 17:00:38.497 | INFO     | __main__:<module>:160 - Loss: 0.69542
2021-09-21 17:00:38.497 | INFO     | __main__:<module>:160 - Loss: 0.69542
2021-09-21 17:00:38.497 | INFO     | __main__:<module>:160 - Loss: 0.69542
2021-09-21 17:00:38.497 | INFO     | __main__:<module>:160 - Loss: 0.69542
2021-09-21 17:00:38.497 | INFO     | __main__:<module>:160 - Loss: 0.69542
2021-09-21 17:00:38.497 | INFO     | __main__:<module>:160 - Loss: 0.69542
2021-09-21 17:00:38.497 | INFO     | __main__:<module>:160 - Loss: 0.69542
2021-09-21 17:00:38.497 | INFO     | __main__:<module>:160 - Loss: 0.69542
2021-09-21 17:00:38.497 | INFO     | __main__:<module>:160 - Loss: 0.69542
2021-09-21 17:00:38.497 | INFO     | __main__:<module>:160 - Loss: 0.69542
2021-09-21 17:00:38.497 | INFO     | __main__:<module>:160 - Loss: 0.69542
2021-09-21 17:00:38.497 | INFO     | __main__:<module>:160 - Loss: 0.69542
2021-09-21 17:00:38.497 | INFO     | __main__:<module>:160 - Loss: 0.69542
2021-09-21 17:00:38.497 | INFO     | __main__:<module>:160 - Loss: 0.69542
2021-09-21 17:00:38.497 | INFO     | __main__:<module>:160 - Loss: 0.69542
2021-09-21 17:00:38.497 | INFO     | __main__:<module>:160 - Loss: 0.69542
2021-09-21 17:00:38.497 | INFO     | __main__:<module>:160 - Loss: 0.69542
2021-09-21 17:00:38.497 | INFO     | __main__:<module>:160 - Loss: 0.69542
2021-09-21 17:00:38.497 | INFO     | __main__:<module>:160 - Loss: 0.69542
2021-09-21 17:00:38.497 | INFO     | __main__:<module>:160 - Loss: 0.69542
2021-09-21 17:00:38.497 | INFO     | __main__:<module>:160 - Loss: 0.69542
2021-09-21 17:00:38.497 | INFO     | __main__:<module>:160 - Loss: 0.69542
2021-09-21 17:00:38.497 | INFO     | __main__:<module>:160 - Loss: 0.69542
2021-09-21 17:00:38.497 | INFO     | __main__:<module>:160 - Loss: 0.69542
2021-09-21 17:00:38.497 | INFO     | __main__:<module>:160 - Loss: 0.69542
2021-09-21 17:00:38.497 | INFO     | __main__:<module>:160 - Loss: 0.69542
2021-09-21 17:00:38.497 | INFO     | __main__:<module>:160 - Loss: 0.69542
2021-09-21 17:00:38.497 | INFO     | __main__:<module>:160 - Loss: 0.69542
2021-09-21 17:00:38.497 | INFO     | __main__:<module>:160 - Loss: 0.69542
2021-09-21 17:00:38.497 | INFO     | __main__:<module>:160 - Loss: 0.69542
2021-09-21 17:00:38.497 | INFO     | __main__:<module>:160 - Loss: 0.69542
2021-09-21 17:00:38.497 | INFO     | __main__:<module>:160 - Loss: 0.69542
2021-09-21 17:00:38.497 | INFO     | __main__:<module>:160 - Loss: 0.69542
2021-09-21 17:00:38.497 | INFO     | __main__:<module>:160 - Loss: 0.69542
2021-09-21 17:00:38.497 | INFO     | __main__:<module>:160 - Loss: 0.69542
2021-09-21 17:00:38.497 | INFO     | __main__:<module>:160 - Loss: 0.69542
2021-09-21 17:00:38.497 | INFO     | __main__:<module>:160 - Loss: 0.69542
2021-09-21 17:00:38.497 | INFO     | __main__:<module>:160 - Loss: 0.69542
2021-09-21 17:00:38.497 | INFO     | __main__:<module>:160 - Loss: 0.69542
2021-09-21 17:00:38.497 | INFO     | __main__:<module>:160 - Loss: 0.69542
2021-09-21 17:00:38.497 | INFO     | __main__:<module>:160 - Loss: 0.69542
2021-09-21 17:00:38.497 | INFO     | __main__:<module>:160 - Loss: 0.69542
2021-09-21 17:00:38.497 | INFO     | __main__:<module>:160 - Loss: 0.69542
2021-09-21 17:00:38.497 | INFO     | __main__:<module>:160 - Loss: 0.69542
2021-09-21 17:00:38.497 | INFO     | __main__:<module>:160 - Loss: 0.69542
2021-09-21 17:00:38.497 | INFO     | __main__:<module>:160 - Loss: 0.69542
2021-09-21 17:00:38.497 | INFO     | __main__:<module>:160 - Loss: 0.69542
2021-09-21 17:00:38.497 | INFO     | __main__:<module>:160 - Loss: 0.69542
2021-09-21 17:00:38.497 | INFO     | __main__:<module>:160 - Loss: 0.69542
2021-09-21 17:00:38.497 | INFO     | __main__:<module>:160 - Loss: 0.69542
2021-09-21 17:00:38.497 | INFO     | __main__:<module>:160 - Loss: 0.69542
2021-09-21 17:00:38.497 | INFO     | __main__:<module>:160 - Loss: 0.69542
2021-09-21 17:00:38.497 | INFO     | __main__:<module>:160 - Loss: 0.69542
2021-09-21 17:00:38.497 | INFO     | __main__:<module>:160 - Loss: 0.69542
2021-09-21 17:00:38.497 | INFO     | __main__:<module>:160 - Loss: 0.69542
2021-09-21 17:00:38.497 | INFO     | __main__:<module>:160 - Loss: 0.69542
2021-09-21 17:00:38.497 | INFO     | __main__:<module>:160 - Loss: 0.69542
2021-09-21 17:00:38.497 | INFO     | __main__:<module>:160 - Loss: 0.69542
2021-09-21 17:00:38.497 | INFO     | __main__:<module>:160 - Loss: 0.69542
2021-09-21 17:00:38.497 | INFO     | __main__:<module>:160 - Loss: 0.69542
2021-09-21 17:00:38.497 | INFO     | __main__:<module>:160 - Loss: 0.69542
2021-09-21 17:00:38.497 | INFO     | __main__:<module>:160 - Loss: 0.69542
2021-09-21 17:00:38.497 | INFO     | __main__:<module>:160 - Loss: 0.69542
2021-09-21 17:00:38.497 | INFO     | __main__:<module>:160 - Loss: 0.69542
2021-09-21 17:00:38.497 | INFO     | __main__:<module>:160 - Loss: 0.69542
2021-09-21 17:00:38.497 | INFO     | __main__:<module>:160 - Loss: 0.69542
2021-09-21 17:00:38.519 | INFO     | __main__:<module>:160 - Loss: 0.69540
2021-09-21 17:00:38.519 | INFO     | __main__:<module>:160 - Loss: 0.69540
2021-09-21 17:00:38.519 | INFO     | __main__:<module>:160 - Loss: 0.69540
2021-09-21 17:00:38.519 | INFO     | __main__:<module>:160 - Loss: 0.69540
2021-09-21 17:00:38.519 | INFO     | __main__:<module>:160 - Loss: 0.69540
2021-09-21 17:00:38.519 | INFO     | __main__:<module>:160 - Loss: 0.69540
2021-09-21 17:00:38.519 | INFO     | __main__:<module>:160 - Loss: 0.69540
2021-09-21 17:00:38.519 | INFO     | __main__:<module>:160 - Loss: 0.69540
2021-09-21 17:00:38.519 | INFO     | __main__:<module>:160 - Loss: 0.69540
2021-09-21 17:00:38.519 | INFO     | __main__:<module>:160 - Loss: 0.69540
2021-09-21 17:00:38.519 | INFO     | __main__:<module>:160 - Loss: 0.69540
2021-09-21 17:00:38.519 | INFO     | __main__:<module>:160 - Loss: 0.69540
2021-09-21 17:00:38.519 | INFO     | __main__:<module>:160 - Loss: 0.69540
2021-09-21 17:00:38.519 | INFO     | __main__:<module>:160 - Loss: 0.69540
2021-09-21 17:00:38.519 | INFO     | __main__:<module>:160 - Loss: 0.69540
2021-09-21 17:00:38.519 | INFO     | __main__:<module>:160 - Loss: 0.69540
2021-09-21 17:00:38.519 | INFO     | __main__:<module>:160 - Loss: 0.69540
2021-09-21 17:00:38.519 | INFO     | __main__:<module>:160 - Loss: 0.69540
2021-09-21 17:00:38.519 | INFO     | __main__:<module>:160 - Loss: 0.69540
2021-09-21 17:00:38.519 | INFO     | __main__:<module>:160 - Loss: 0.69540
2021-09-21 17:00:38.519 | INFO     | __main__:<module>:160 - Loss: 0.69540
2021-09-21 17:00:38.519 | INFO     | __main__:<module>:160 - Loss: 0.69540
2021-09-21 17:00:38.519 | INFO     | __main__:<module>:160 - Loss: 0.69540
2021-09-21 17:00:38.519 | INFO     | __main__:<module>:160 - Loss: 0.69540
2021-09-21 17:00:38.519 | INFO     | __main__:<module>:160 - Loss: 0.69540
2021-09-21 17:00:38.519 | INFO     | __main__:<module>:160 - Loss: 0.69540
2021-09-21 17:00:38.519 | INFO     | __main__:<module>:160 - Loss: 0.69540
2021-09-21 17:00:38.519 | INFO     | __main__:<module>:160 - Loss: 0.69540
2021-09-21 17:00:38.519 | INFO     | __main__:<module>:160 - Loss: 0.69540
2021-09-21 17:00:38.519 | INFO     | __main__:<module>:160 - Loss: 0.69540
2021-09-21 17:00:38.519 | INFO     | __main__:<module>:160 - Loss: 0.69540
2021-09-21 17:00:38.519 | INFO     | __main__:<module>:160 - Loss: 0.69540
2021-09-21 17:00:38.519 | INFO     | __main__:<module>:160 - Loss: 0.69540
2021-09-21 17:00:38.519 | INFO     | __main__:<module>:160 - Loss: 0.69540
2021-09-21 17:00:38.519 | INFO     | __main__:<module>:160 - Loss: 0.69540
2021-09-21 17:00:38.519 | INFO     | __main__:<module>:160 - Loss: 0.69540
2021-09-21 17:00:38.519 | INFO     | __main__:<module>:160 - Loss: 0.69540
2021-09-21 17:00:38.519 | INFO     | __main__:<module>:160 - Loss: 0.69540
2021-09-21 17:00:38.519 | INFO     | __main__:<module>:160 - Loss: 0.69540
2021-09-21 17:00:38.519 | INFO     | __main__:<module>:160 - Loss: 0.69540
2021-09-21 17:00:38.519 | INFO     | __main__:<module>:160 - Loss: 0.69540
2021-09-21 17:00:38.519 | INFO     | __main__:<module>:160 - Loss: 0.69540
2021-09-21 17:00:38.519 | INFO     | __main__:<module>:160 - Loss: 0.69540
2021-09-21 17:00:38.519 | INFO     | __main__:<module>:160 - Loss: 0.69540
2021-09-21 17:00:38.519 | INFO     | __main__:<module>:160 - Loss: 0.69540
2021-09-21 17:00:38.519 | INFO     | __main__:<module>:160 - Loss: 0.69540
2021-09-21 17:00:38.519 | INFO     | __main__:<module>:160 - Loss: 0.69540
2021-09-21 17:00:38.519 | INFO     | __main__:<module>:160 - Loss: 0.69540
2021-09-21 17:00:38.519 | INFO     | __main__:<module>:160 - Loss: 0.69540
2021-09-21 17:00:38.519 | INFO     | __main__:<module>:160 - Loss: 0.69540
2021-09-21 17:00:38.519 | INFO     | __main__:<module>:160 - Loss: 0.69540
2021-09-21 17:00:38.519 | INFO     | __main__:<module>:160 - Loss: 0.69540
2021-09-21 17:00:38.519 | INFO     | __main__:<module>:160 - Loss: 0.69540
2021-09-21 17:00:38.519 | INFO     | __main__:<module>:160 - Loss: 0.69540
2021-09-21 17:00:38.519 | INFO     | __main__:<module>:160 - Loss: 0.69540
2021-09-21 17:00:38.519 | INFO     | __main__:<module>:160 - Loss: 0.69540
2021-09-21 17:00:38.519 | INFO     | __main__:<module>:160 - Loss: 0.69540
2021-09-21 17:00:38.519 | INFO     | __main__:<module>:160 - Loss: 0.69540
2021-09-21 17:00:38.519 | INFO     | __main__:<module>:160 - Loss: 0.69540
2021-09-21 17:00:38.519 | INFO     | __main__:<module>:160 - Loss: 0.69540
2021-09-21 17:00:38.519 | INFO     | __main__:<module>:160 - Loss: 0.69540
2021-09-21 17:00:38.519 | INFO     | __main__:<module>:160 - Loss: 0.69540
2021-09-21 17:00:38.519 | INFO     | __main__:<module>:160 - Loss: 0.69540
2021-09-21 17:00:38.519 | INFO     | __main__:<module>:160 - Loss: 0.69540
2021-09-21 17:00:38.519 | INFO     | __main__:<module>:160 - Loss: 0.69540
2021-09-21 17:00:38.519 | INFO     | __main__:<module>:160 - Loss: 0.69540
2021-09-21 17:00:38.519 | INFO     | __main__:<module>:160 - Loss: 0.69540
2021-09-21 17:00:38.519 | INFO     | __main__:<module>:160 - Loss: 0.69540
2021-09-21 17:00:38.519 | INFO     | __main__:<module>:160 - Loss: 0.69540
2021-09-21 17:00:38.519 | INFO     | __main__:<module>:160 - Loss: 0.69540
2021-09-21 17:00:38.519 | INFO     | __main__:<module>:160 - Loss: 0.69540
2021-09-21 17:00:38.519 | INFO     | __main__:<module>:160 - Loss: 0.69540
2021-09-21 17:00:38.519 | INFO     | __main__:<module>:160 - Loss: 0.69540
2021-09-21 17:00:38.519 | INFO     | __main__:<module>:160 - Loss: 0.69540
2021-09-21 17:00:38.519 | INFO     | __main__:<module>:160 - Loss: 0.69540
2021-09-21 17:00:38.519 | INFO     | __main__:<module>:160 - Loss: 0.69540
2021-09-21 17:00:38.519 | INFO     | __main__:<module>:160 - Loss: 0.69540
2021-09-21 17:00:38.519 | INFO     | __main__:<module>:160 - Loss: 0.69540
2021-09-21 17:00:38.519 | INFO     | __main__:<module>:160 - Loss: 0.69540
2021-09-21 17:00:38.519 | INFO     | __main__:<module>:160 - Loss: 0.69540
2021-09-21 17:00:38.519 | INFO     | __main__:<module>:160 - Loss: 0.69540
2021-09-21 17:00:38.519 | INFO     | __main__:<module>:160 - Loss: 0.69540
2021-09-21 17:00:38.519 | INFO     | __main__:<module>:160 - Loss: 0.69540
2021-09-21 17:00:38.519 | INFO     | __main__:<module>:160 - Loss: 0.69540
2021-09-21 17:00:38.519 | INFO     | __main__:<module>:160 - Loss: 0.69540
2021-09-21 17:00:38.519 | INFO     | __main__:<module>:160 - Loss: 0.69540
2021-09-21 17:00:38.519 | INFO     | __main__:<module>:160 - Loss: 0.69540
2021-09-21 17:00:38.519 | INFO     | __main__:<module>:160 - Loss: 0.69540
2021-09-21 17:00:38.519 | INFO     | __main__:<module>:160 - Loss: 0.69540
2021-09-21 17:00:38.519 | INFO     | __main__:<module>:160 - Loss: 0.69540
2021-09-21 17:00:38.519 | INFO     | __main__:<module>:160 - Loss: 0.69540
2021-09-21 17:00:38.519 | INFO     | __main__:<module>:160 - Loss: 0.69540
2021-09-21 17:00:38.519 | INFO     | __main__:<module>:160 - Loss: 0.69540
2021-09-21 17:00:38.519 | INFO     | __main__:<module>:160 - Loss: 0.69540
2021-09-21 17:00:38.519 | INFO     | __main__:<module>:160 - Loss: 0.69540
2021-09-21 17:00:38.519 | INFO     | __main__:<module>:160 - Loss: 0.69540
2021-09-21 17:00:38.519 | INFO     | __main__:<module>:160 - Loss: 0.69540
2021-09-21 17:00:38.519 | INFO     | __main__:<module>:160 - Loss: 0.69540
2021-09-21 17:00:38.519 | INFO     | __main__:<module>:160 - Loss: 0.69540
2021-09-21 17:00:38.543 | INFO     | __main__:<module>:160 - Loss: 0.69538
2021-09-21 17:00:38.543 | INFO     | __main__:<module>:160 - Loss: 0.69538
2021-09-21 17:00:38.543 | INFO     | __main__:<module>:160 - Loss: 0.69538
2021-09-21 17:00:38.543 | INFO     | __main__:<module>:160 - Loss: 0.69538
2021-09-21 17:00:38.543 | INFO     | __main__:<module>:160 - Loss: 0.69538
2021-09-21 17:00:38.543 | INFO     | __main__:<module>:160 - Loss: 0.69538
2021-09-21 17:00:38.543 | INFO     | __main__:<module>:160 - Loss: 0.69538
2021-09-21 17:00:38.543 | INFO     | __main__:<module>:160 - Loss: 0.69538
2021-09-21 17:00:38.543 | INFO     | __main__:<module>:160 - Loss: 0.69538
2021-09-21 17:00:38.543 | INFO     | __main__:<module>:160 - Loss: 0.69538
2021-09-21 17:00:38.543 | INFO     | __main__:<module>:160 - Loss: 0.69538
2021-09-21 17:00:38.543 | INFO     | __main__:<module>:160 - Loss: 0.69538
2021-09-21 17:00:38.543 | INFO     | __main__:<module>:160 - Loss: 0.69538
2021-09-21 17:00:38.543 | INFO     | __main__:<module>:160 - Loss: 0.69538
2021-09-21 17:00:38.543 | INFO     | __main__:<module>:160 - Loss: 0.69538
2021-09-21 17:00:38.543 | INFO     | __main__:<module>:160 - Loss: 0.69538
2021-09-21 17:00:38.543 | INFO     | __main__:<module>:160 - Loss: 0.69538
2021-09-21 17:00:38.543 | INFO     | __main__:<module>:160 - Loss: 0.69538
2021-09-21 17:00:38.543 | INFO     | __main__:<module>:160 - Loss: 0.69538
2021-09-21 17:00:38.543 | INFO     | __main__:<module>:160 - Loss: 0.69538
2021-09-21 17:00:38.543 | INFO     | __main__:<module>:160 - Loss: 0.69538
2021-09-21 17:00:38.543 | INFO     | __main__:<module>:160 - Loss: 0.69538
2021-09-21 17:00:38.543 | INFO     | __main__:<module>:160 - Loss: 0.69538
2021-09-21 17:00:38.543 | INFO     | __main__:<module>:160 - Loss: 0.69538
2021-09-21 17:00:38.543 | INFO     | __main__:<module>:160 - Loss: 0.69538
2021-09-21 17:00:38.543 | INFO     | __main__:<module>:160 - Loss: 0.69538
2021-09-21 17:00:38.543 | INFO     | __main__:<module>:160 - Loss: 0.69538
2021-09-21 17:00:38.543 | INFO     | __main__:<module>:160 - Loss: 0.69538
2021-09-21 17:00:38.543 | INFO     | __main__:<module>:160 - Loss: 0.69538
2021-09-21 17:00:38.543 | INFO     | __main__:<module>:160 - Loss: 0.69538
2021-09-21 17:00:38.543 | INFO     | __main__:<module>:160 - Loss: 0.69538
2021-09-21 17:00:38.543 | INFO     | __main__:<module>:160 - Loss: 0.69538
2021-09-21 17:00:38.543 | INFO     | __main__:<module>:160 - Loss: 0.69538
2021-09-21 17:00:38.543 | INFO     | __main__:<module>:160 - Loss: 0.69538
2021-09-21 17:00:38.543 | INFO     | __main__:<module>:160 - Loss: 0.69538
2021-09-21 17:00:38.543 | INFO     | __main__:<module>:160 - Loss: 0.69538
2021-09-21 17:00:38.543 | INFO     | __main__:<module>:160 - Loss: 0.69538
2021-09-21 17:00:38.543 | INFO     | __main__:<module>:160 - Loss: 0.69538
2021-09-21 17:00:38.543 | INFO     | __main__:<module>:160 - Loss: 0.69538
2021-09-21 17:00:38.543 | INFO     | __main__:<module>:160 - Loss: 0.69538
2021-09-21 17:00:38.543 | INFO     | __main__:<module>:160 - Loss: 0.69538
2021-09-21 17:00:38.543 | INFO     | __main__:<module>:160 - Loss: 0.69538
2021-09-21 17:00:38.543 | INFO     | __main__:<module>:160 - Loss: 0.69538
2021-09-21 17:00:38.543 | INFO     | __main__:<module>:160 - Loss: 0.69538
2021-09-21 17:00:38.543 | INFO     | __main__:<module>:160 - Loss: 0.69538
2021-09-21 17:00:38.543 | INFO     | __main__:<module>:160 - Loss: 0.69538
2021-09-21 17:00:38.543 | INFO     | __main__:<module>:160 - Loss: 0.69538
2021-09-21 17:00:38.543 | INFO     | __main__:<module>:160 - Loss: 0.69538
2021-09-21 17:00:38.543 | INFO     | __main__:<module>:160 - Loss: 0.69538
2021-09-21 17:00:38.543 | INFO     | __main__:<module>:160 - Loss: 0.69538
2021-09-21 17:00:38.543 | INFO     | __main__:<module>:160 - Loss: 0.69538
2021-09-21 17:00:38.543 | INFO     | __main__:<module>:160 - Loss: 0.69538
2021-09-21 17:00:38.543 | INFO     | __main__:<module>:160 - Loss: 0.69538
2021-09-21 17:00:38.543 | INFO     | __main__:<module>:160 - Loss: 0.69538
2021-09-21 17:00:38.543 | INFO     | __main__:<module>:160 - Loss: 0.69538
2021-09-21 17:00:38.543 | INFO     | __main__:<module>:160 - Loss: 0.69538
2021-09-21 17:00:38.543 | INFO     | __main__:<module>:160 - Loss: 0.69538
2021-09-21 17:00:38.543 | INFO     | __main__:<module>:160 - Loss: 0.69538
2021-09-21 17:00:38.543 | INFO     | __main__:<module>:160 - Loss: 0.69538
2021-09-21 17:00:38.543 | INFO     | __main__:<module>:160 - Loss: 0.69538
2021-09-21 17:00:38.543 | INFO     | __main__:<module>:160 - Loss: 0.69538
2021-09-21 17:00:38.543 | INFO     | __main__:<module>:160 - Loss: 0.69538
2021-09-21 17:00:38.543 | INFO     | __main__:<module>:160 - Loss: 0.69538
2021-09-21 17:00:38.543 | INFO     | __main__:<module>:160 - Loss: 0.69538
2021-09-21 17:00:38.543 | INFO     | __main__:<module>:160 - Loss: 0.69538
2021-09-21 17:00:38.543 | INFO     | __main__:<module>:160 - Loss: 0.69538
2021-09-21 17:00:38.543 | INFO     | __main__:<module>:160 - Loss: 0.69538
2021-09-21 17:00:38.543 | INFO     | __main__:<module>:160 - Loss: 0.69538
2021-09-21 17:00:38.543 | INFO     | __main__:<module>:160 - Loss: 0.69538
2021-09-21 17:00:38.543 | INFO     | __main__:<module>:160 - Loss: 0.69538
2021-09-21 17:00:38.543 | INFO     | __main__:<module>:160 - Loss: 0.69538
2021-09-21 17:00:38.543 | INFO     | __main__:<module>:160 - Loss: 0.69538
2021-09-21 17:00:38.543 | INFO     | __main__:<module>:160 - Loss: 0.69538
2021-09-21 17:00:38.543 | INFO     | __main__:<module>:160 - Loss: 0.69538
2021-09-21 17:00:38.543 | INFO     | __main__:<module>:160 - Loss: 0.69538
2021-09-21 17:00:38.543 | INFO     | __main__:<module>:160 - Loss: 0.69538
2021-09-21 17:00:38.543 | INFO     | __main__:<module>:160 - Loss: 0.69538
2021-09-21 17:00:38.543 | INFO     | __main__:<module>:160 - Loss: 0.69538
2021-09-21 17:00:38.543 | INFO     | __main__:<module>:160 - Loss: 0.69538
2021-09-21 17:00:38.543 | INFO     | __main__:<module>:160 - Loss: 0.69538
2021-09-21 17:00:38.543 | INFO     | __main__:<module>:160 - Loss: 0.69538
2021-09-21 17:00:38.543 | INFO     | __main__:<module>:160 - Loss: 0.69538
2021-09-21 17:00:38.543 | INFO     | __main__:<module>:160 - Loss: 0.69538
2021-09-21 17:00:38.543 | INFO     | __main__:<module>:160 - Loss: 0.69538
2021-09-21 17:00:38.543 | INFO     | __main__:<module>:160 - Loss: 0.69538
2021-09-21 17:00:38.543 | INFO     | __main__:<module>:160 - Loss: 0.69538
2021-09-21 17:00:38.543 | INFO     | __main__:<module>:160 - Loss: 0.69538
2021-09-21 17:00:38.543 | INFO     | __main__:<module>:160 - Loss: 0.69538
2021-09-21 17:00:38.543 | INFO     | __main__:<module>:160 - Loss: 0.69538
2021-09-21 17:00:38.543 | INFO     | __main__:<module>:160 - Loss: 0.69538
2021-09-21 17:00:38.543 | INFO     | __main__:<module>:160 - Loss: 0.69538
2021-09-21 17:00:38.543 | INFO     | __main__:<module>:160 - Loss: 0.69538
2021-09-21 17:00:38.543 | INFO     | __main__:<module>:160 - Loss: 0.69538
2021-09-21 17:00:38.543 | INFO     | __main__:<module>:160 - Loss: 0.69538
2021-09-21 17:00:38.543 | INFO     | __main__:<module>:160 - Loss: 0.69538
2021-09-21 17:00:38.543 | INFO     | __main__:<module>:160 - Loss: 0.69538
2021-09-21 17:00:38.543 | INFO     | __main__:<module>:160 - Loss: 0.69538
2021-09-21 17:00:38.543 | INFO     | __main__:<module>:160 - Loss: 0.69538
2021-09-21 17:00:38.543 | INFO     | __main__:<module>:160 - Loss: 0.69538
2021-09-21 17:00:38.543 | INFO     | __main__:<module>:160 - Loss: 0.69538
2021-09-21 17:00:56.707 | INFO     | __main__:<module>:160 - Loss: 0.69797
2021-09-21 17:00:56.731 | INFO     | __main__:<module>:160 - Loss: 0.69793
2021-09-21 17:00:56.743 | INFO     | __main__:<module>:160 - Loss: 0.69790
2021-09-21 17:00:56.757 | INFO     | __main__:<module>:160 - Loss: 0.69786
2021-09-21 17:00:56.771 | INFO     | __main__:<module>:160 - Loss: 0.69783
2021-09-21 17:00:56.785 | INFO     | __main__:<module>:160 - Loss: 0.69779
2021-09-21 17:00:56.799 | INFO     | __main__:<module>:160 - Loss: 0.69776
2021-09-21 17:00:56.814 | INFO     | __main__:<module>:160 - Loss: 0.69772
2021-09-21 17:00:56.829 | INFO     | __main__:<module>:160 - Loss: 0.69769
2021-09-21 17:00:56.843 | INFO     | __main__:<module>:160 - Loss: 0.69766
2021-09-21 17:00:56.857 | INFO     | __main__:<module>:160 - Loss: 0.69762
2021-09-21 17:00:56.872 | INFO     | __main__:<module>:160 - Loss: 0.69759
2021-09-21 17:00:56.888 | INFO     | __main__:<module>:160 - Loss: 0.69756
2021-09-21 17:00:56.903 | INFO     | __main__:<module>:160 - Loss: 0.69752
2021-09-21 17:00:56.919 | INFO     | __main__:<module>:160 - Loss: 0.69749
2021-09-21 17:00:56.936 | INFO     | __main__:<module>:160 - Loss: 0.69746
2021-09-21 17:00:56.951 | INFO     | __main__:<module>:160 - Loss: 0.69743
2021-09-21 17:00:56.966 | INFO     | __main__:<module>:160 - Loss: 0.69739
2021-09-21 17:00:56.979 | INFO     | __main__:<module>:160 - Loss: 0.69736
2021-09-21 17:00:56.993 | INFO     | __main__:<module>:160 - Loss: 0.69733
2021-09-21 17:00:57.007 | INFO     | __main__:<module>:160 - Loss: 0.69730
2021-09-21 17:00:57.020 | INFO     | __main__:<module>:160 - Loss: 0.69727
2021-09-21 17:00:57.034 | INFO     | __main__:<module>:160 - Loss: 0.69724
2021-09-21 17:00:57.047 | INFO     | __main__:<module>:160 - Loss: 0.69720
2021-09-21 17:00:57.059 | INFO     | __main__:<module>:160 - Loss: 0.69717
2021-09-21 17:00:57.072 | INFO     | __main__:<module>:160 - Loss: 0.69714
2021-09-21 17:00:57.086 | INFO     | __main__:<module>:160 - Loss: 0.69711
2021-09-21 17:00:57.099 | INFO     | __main__:<module>:160 - Loss: 0.69708
2021-09-21 17:00:57.113 | INFO     | __main__:<module>:160 - Loss: 0.69705
2021-09-21 17:00:57.125 | INFO     | __main__:<module>:160 - Loss: 0.69702
2021-09-21 17:00:57.137 | INFO     | __main__:<module>:160 - Loss: 0.69699
2021-09-21 17:00:57.151 | INFO     | __main__:<module>:160 - Loss: 0.69696
2021-09-21 17:00:57.164 | INFO     | __main__:<module>:160 - Loss: 0.69694
2021-09-21 17:00:57.176 | INFO     | __main__:<module>:160 - Loss: 0.69691
2021-09-21 17:00:57.188 | INFO     | __main__:<module>:160 - Loss: 0.69688
2021-09-21 17:00:57.202 | INFO     | __main__:<module>:160 - Loss: 0.69685
2021-09-21 17:00:57.215 | INFO     | __main__:<module>:160 - Loss: 0.69682
2021-09-21 17:00:57.228 | INFO     | __main__:<module>:160 - Loss: 0.69679
2021-09-21 17:00:57.241 | INFO     | __main__:<module>:160 - Loss: 0.69677
2021-09-21 17:00:57.253 | INFO     | __main__:<module>:160 - Loss: 0.69674
2021-09-21 17:00:57.266 | INFO     | __main__:<module>:160 - Loss: 0.69671
2021-09-21 17:00:57.280 | INFO     | __main__:<module>:160 - Loss: 0.69668
2021-09-21 17:00:57.292 | INFO     | __main__:<module>:160 - Loss: 0.69666
2021-09-21 17:00:57.305 | INFO     | __main__:<module>:160 - Loss: 0.69663
2021-09-21 17:00:57.318 | INFO     | __main__:<module>:160 - Loss: 0.69660
2021-09-21 17:00:57.331 | INFO     | __main__:<module>:160 - Loss: 0.69658
2021-09-21 17:00:57.344 | INFO     | __main__:<module>:160 - Loss: 0.69655
2021-09-21 17:00:57.356 | INFO     | __main__:<module>:160 - Loss: 0.69653
2021-09-21 17:00:57.369 | INFO     | __main__:<module>:160 - Loss: 0.69650
2021-09-21 17:00:57.382 | INFO     | __main__:<module>:160 - Loss: 0.69647
2021-09-21 17:00:57.395 | INFO     | __main__:<module>:160 - Loss: 0.69645
2021-09-21 17:00:57.407 | INFO     | __main__:<module>:160 - Loss: 0.69642
2021-09-21 17:00:57.420 | INFO     | __main__:<module>:160 - Loss: 0.69640
2021-09-21 17:00:57.433 | INFO     | __main__:<module>:160 - Loss: 0.69637
2021-09-21 17:00:57.447 | INFO     | __main__:<module>:160 - Loss: 0.69635
2021-09-21 17:00:57.460 | INFO     | __main__:<module>:160 - Loss: 0.69633
2021-09-21 17:00:57.472 | INFO     | __main__:<module>:160 - Loss: 0.69630
2021-09-21 17:00:57.484 | INFO     | __main__:<module>:160 - Loss: 0.69628
2021-09-21 17:00:57.498 | INFO     | __main__:<module>:160 - Loss: 0.69625
2021-09-21 17:00:57.510 | INFO     | __main__:<module>:160 - Loss: 0.69623
2021-09-21 17:00:57.523 | INFO     | __main__:<module>:160 - Loss: 0.69621
2021-09-21 17:00:57.535 | INFO     | __main__:<module>:160 - Loss: 0.69618
2021-09-21 17:00:57.549 | INFO     | __main__:<module>:160 - Loss: 0.69616
2021-09-21 17:00:57.561 | INFO     | __main__:<module>:160 - Loss: 0.69614
2021-09-21 17:00:57.573 | INFO     | __main__:<module>:160 - Loss: 0.69612
2021-09-21 17:00:57.586 | INFO     | __main__:<module>:160 - Loss: 0.69609
2021-09-21 17:00:57.599 | INFO     | __main__:<module>:160 - Loss: 0.69607
2021-09-21 17:00:57.612 | INFO     | __main__:<module>:160 - Loss: 0.69605
2021-09-21 17:00:57.624 | INFO     | __main__:<module>:160 - Loss: 0.69602
2021-09-21 17:00:57.637 | INFO     | __main__:<module>:160 - Loss: 0.69600
2021-09-21 17:00:57.649 | INFO     | __main__:<module>:160 - Loss: 0.69598
2021-09-21 17:00:57.669 | INFO     | __main__:<module>:160 - Loss: 0.69596
2021-09-21 17:00:57.682 | INFO     | __main__:<module>:160 - Loss: 0.69594
2021-09-21 17:00:57.694 | INFO     | __main__:<module>:160 - Loss: 0.69591
2021-09-21 17:00:57.707 | INFO     | __main__:<module>:160 - Loss: 0.69589
2021-09-21 17:00:57.719 | INFO     | __main__:<module>:160 - Loss: 0.69587
2021-09-21 17:00:57.733 | INFO     | __main__:<module>:160 - Loss: 0.69585
2021-09-21 17:00:57.749 | INFO     | __main__:<module>:160 - Loss: 0.69583
2021-09-21 17:00:57.763 | INFO     | __main__:<module>:160 - Loss: 0.69581
2021-09-21 17:00:57.777 | INFO     | __main__:<module>:160 - Loss: 0.69578
2021-09-21 17:00:57.789 | INFO     | __main__:<module>:160 - Loss: 0.69576
2021-09-21 17:00:57.802 | INFO     | __main__:<module>:160 - Loss: 0.69574
2021-09-21 17:00:57.814 | INFO     | __main__:<module>:160 - Loss: 0.69572
2021-09-21 17:00:57.827 | INFO     | __main__:<module>:160 - Loss: 0.69570
2021-09-21 17:00:57.839 | INFO     | __main__:<module>:160 - Loss: 0.69568
2021-09-21 17:00:57.852 | INFO     | __main__:<module>:160 - Loss: 0.69566
2021-09-21 17:00:57.866 | INFO     | __main__:<module>:160 - Loss: 0.69564
2021-09-21 17:00:57.880 | INFO     | __main__:<module>:160 - Loss: 0.69562
2021-09-21 17:00:57.892 | INFO     | __main__:<module>:160 - Loss: 0.69560
2021-09-21 17:00:57.904 | INFO     | __main__:<module>:160 - Loss: 0.69558
2021-09-21 17:00:57.917 | INFO     | __main__:<module>:160 - Loss: 0.69556
2021-09-21 17:00:57.930 | INFO     | __main__:<module>:160 - Loss: 0.69554
2021-09-21 17:00:57.942 | INFO     | __main__:<module>:160 - Loss: 0.69552
2021-09-21 17:00:57.954 | INFO     | __main__:<module>:160 - Loss: 0.69550
2021-09-21 17:00:57.967 | INFO     | __main__:<module>:160 - Loss: 0.69548
2021-09-21 17:00:57.980 | INFO     | __main__:<module>:160 - Loss: 0.69546
2021-09-21 17:00:57.991 | INFO     | __main__:<module>:160 - Loss: 0.69544
2021-09-21 17:00:58.003 | INFO     | __main__:<module>:160 - Loss: 0.69542
2021-09-21 17:00:58.016 | INFO     | __main__:<module>:160 - Loss: 0.69540
2021-09-21 17:00:58.029 | INFO     | __main__:<module>:160 - Loss: 0.69538
